border_size=1
usage=map

Gs          , Gs          , Gs          , Gg          , Gg          , Gg          , Gg          , Gg          , Ww          , Gg          , Hh          , Gg          , Gg          , Gg          , Gg          , Gg          , Gs          , Gg          , Gg          , Gg          , Gs          , Gg          , Gg          , Gg          , Gs          , Gg          , Gs          , Gs^Es       , Gs          , Gs          , Gs          , Gs          , Gs^Es       , Hh          , Hh          , Hh          , Gs          , Hh^Fp       , Re          , Rb          , Hh          , Gg          , Gs          , Gs          , Gs          , Gg          , Gg          , Gg          , Gg          , Gg          , Gg          , Gg          , Wo          , Gg          , Wwf         , Gg          , Ww          , Wo          , Wo          , Wo          , Ww          , Ds          , Gg          , Gs          , Gs          , Gg          , Gs          , Gg          
Gg          , Gs          , Gs          , Gg          , Gg          , Gg          , Gg          , Gg          , Ww          , Gg          , Gg          , Hh          , Gs          , Gg          , Gs          , Gg          , Gs          , Gg          , Gs          , Gs          , Gs^Es       , Gs          , Gs          , Gs          , Gs          , Gs          , Gg          , Gs          , Gs          , Gs          , Gs          , Gs          , Gs          , Gg          , Hh          , Hh          , Rb          , Re          , Hh          , Gg          , Hh          , Gg          , Gs          , Gg          , Gg          , Gg          , Gg          , Gg          , Gg          , Gg          , Gg          , Gg          , Gg          , Ds          , Ss          , Ww          , Ww          , Wo          , Ww          , Ww          , Gg          , Ds          , Gs          , Gg          , Gg          , Gs          , Gs^Es       , Gg          
Gs          , Gg          , Gs          , Gg          , Gg          , Gg          , Gg^Efm      , Ww          , Hh          , Gg          , Gg          , Gg          , Gs          , Gs          , Gs          , Gg          , Gg          , Gs          , Gs          , Gs          , Gs          , Gs          , Gs          , Gg          , Gs          , Gg          , Gg          , Gs          , Gs          , Gs^Es       , Gs          , Gs          , Gg          , Hh          , Hh          , Gs          , 1 Re        , Hh          , Gg          , Hh          , Gs          , Gs          , Gs          , Gg          , Gg          , Gg          , Gg          , Gg          , Gg^Efm      , Gg          , Ss          , Gg          , Ss          , Gg          , Sm          , Ww          , Ww          , Ww          , Gg          , Gg          , Gg          , Gg          , Gg          , Gg          , Gg          , Gg          , Gg          , Gg          
Gg          , Gs          , Gg          , Gg          , Gg          , Gg          , Ww          , Ww          , Gg          , Gg          , Gs          , Gs          , Gs          , Gg          , Gg          , Gs          , Gg          , Gs          , Gs          , Gg          , Gs          , Gs          , Gs          , Gg          , Gs          , Gs          , Gs          , Gs          , Gg          , Gg          , Gg          , Gs          , Gg          , Gs          , Gs          , Re          , Gg          , Gg          , Gs          , Gs          , Gg          , Gg          , Gg          , Gg          , Gg          , Gg          , Gg          , Gg          , Gg          , Sm          , Gg          , Gg          , Gg          , Ss          , Ww          , Ww          , Ss          , Ss          , Gg          , Gg          , Gg          , Gg          , Ss          , Gg          , Gg          , Gg          , Gg          , Gg          
Gg          , Gg          , Gg          , Gg          , Gg          , Ww          , Ww          , Gg          , Gg          , Gg          , Gg          , Gg          , Gg          , Gg          , Gg          , Gg          , Gs          , Gs          , Gg          , Gs          , Gs          , Gs          , Gs          , Gg          , Gg          , Gg          , Gs          , Gs          , Gs          , Gs          , Gg          , Gg          , Gg          , Gg          , Gg          , Rb          , Gg          , Gg          , Gs          , Gs          , Gg          , Gg          , Ss          , Gg          , Ss          , Gg          , Gg          , Ss          , Gg          , Ss          , Ww          , Ds          , Ww          , Ww          , Ds          , Gg          , Gg          , Gg          , Gg          , Gg          , Gg          , Ss          , Gg          , Gg          , Ss          , Ss          , Gg          , Ss          
Gg          , Gg          , Gg          , Gg          , Gg          , Gg          , Ww          , Gg          , Ss          , Gg          , Gg          , Gg          , Gs          , Gg          , Gs          , Gs          , Gg          , Gg          , Gg          , Gg          , Ss          , Gs          , Gs          , Gs          , Gs          , Gs          , Gg          , Gg          , Gs          , Gs          , Gg          , Gg          , Gg          , Gg          , Gg          , Rb          , Gg          , Gg          , Gg          , Gg          , Ss          , Gg          , Gg          , Gg          , Gg          , Ss          , Sm          , Ss          , Ww          , Ww          , Ss          , Ww          , Ww          , Gg          , Gg          , Gg          , Gg          , Gg          , Gg          , Gg          , Ss          , Ss          , Gg          , Ss          , Ss          , Gg          , Ss          , Gg          
Gg          , Gg          , Gg          , Gg          , Ww          , Ww          , Ds          , Gg          , Gg          , Ss          , Gg          , Gs^Vc       , Gg          , Gs          , Gg          , Gg          , Gg          , Ss          , Ss          , Gg          , Ss          , Gs          , Gg          , Gs          , Gg          , Gg          , Ss          , Gs          , Gg          , Gg          , Gg          , Gg          , Gg          , Gg          , Gg          , Rb          , Gg          , Gg          , Gg          , Ss          , Ww          , Ww          , Ww          , Wo          , Wo          , Wo          , Wo          , Ww          , Ss          , Ss          , Ss^Vm       , Wwf         , Ww          , Gg          , Ss          , Ss          , Ss          , Ss          , Gg          , Ss          , Gg          , Gg          , Ss          , Gg^Efm      , Gg          , Ss          , Ss          , Gg          
Gg          , Gg          , Gg          , Ds          , Ww          , Wwf         , Gg          , Gg          , Ss          , Gg          , Ss          , Ss          , Ss          , Gg          , Ds          , Gg          , Ds          , Gg          , Gg^Efm      , Ss          , Ss          , Gg          , Ss          , Gg          , Gg          , Gg          , Gg          , Ss          , Ss          , Gg          , Ss          , Ss          , Gs          , Gg          , Ww          , Rb          , Ww          , Ww          , Wwf         , Ww          , Ss          , Gg          , Gg          , Gg          , Gg          , Ss          , Wo          , Gg          , Ss          , Gg          , Gg          , Wo          , Ss          , Sm          , Gg          , Gg          , Ss          , Gg^Efm      , Gg          , Ss          , Ss          , Gg          , Gg          , Gg          , Gg          , Gg          , Ss          , Ss          
Gg          , Gg          , Ss          , Ds          , Ww          , Wwf         , Gg          , Gg          , Gg          , Gg          , Ss          , Ss          , Gg          , Ss          , Gg          , Ds          , Ss          , Gg          , Ss          , Gg          , Ss          , Gg          , Ss          , Ss          , Gg          , Ss          , Ss          , Gg          , Ss          , Gg          , Gg          , Ss          , Wwf         , Ww          , Ww          , Wwf         , Gg          , Gg          , Gg          , Gg          , Gg          , Gg          , Gg          , Gg          , Ww          , Wo          , Gg          , Ss          , Gg          , Gg          , Ss          , Ww          , Ss          , Ss          , Ss          , Ss          , Gg          , Ss          , Gg          , Gg          , Gg          , Ss          , Ss          , Ww          , Gs^Vc       , Ss          , Gg          , Ss          
Gg          , Gg          , Ss          , Ww          , Ss          , Ww          , Ww          , Ss          , Ds          , Ss          , Gg          , Gg          , Ss          , Gg^Efm      , Ss          , Gg          , Gg          , Ss          , Gg          , Ss          , Ss          , Gg          , Gg          , Ss          , Gg          , Gg          , Ss          , Ss          , Gg          , Gg          , Ww          , Wo          , Gg          , Gg          , Gg          , Rb          , Gg          , Ss          , Gg          , Ss          , Ss          , Ss          , Gg          , Ww          , Ww          , Gg          , Ss          , Gg          , Ds          , Gg          , Ww          , Ww          , Gg          , Gg          , Ss          , Gg          , Gg          , Gg          , Ss          , Gg          , Gg          , Ss          , Gg          , Gg          , Wo          , Ww          , Ww          , Ww          
Gg          , Gg          , Ss          , Sm          , Gg          , Gg          , Gg          , Ww          , Ww          , Gg          , Gg          , Ss          , Gg          , Ss          , Ss          , Sm          , Ss          , Ss          , Ss          , Ss          , Ss          , Gg^Efm      , Gg          , Gg          , Ww          , Ww          , Ww          , Wwg         , Ww          , Ww          , Gg          , Gg          , Ss          , Gg          , Gg          , Re          , Gg          , Ss          , Ss          , Gg          , Gg          , Ss          , Gg          , Ww          , Gg          , Gg          , Chs         , 3 Khs       , Chs         , Ss          , Ww          , Ss          , Ss          , Ss          , Ss          , Gg          , Gg          , Ss          , Ss          , Sm          , Ss          , Ss          , Ww          , Ww          , Gg          , Wo          , Ss          , Ss          
Gg          , Gg          , Gg          , Gg^Efm      , Gg          , Gg          , Ss          , Gg          , Ds          , Ww          , Ww          , Ww          , Ww          , Gg          , Gg          , Ss          , Gg          , Gg          , Ss          , Ss          , Gg          , Ss          , Wwf         , Ww          , Ss          , Ww          , Gg^Efm      , Sm          , Ww          , Ww          , Gs          , Ss          , Gg          , Ss          , Ss          , Rb          , Gg          , Ss          , Gg          , Ss          , Ss          , Ds          , Ww          , Wwf         , Gg          , Ss          , Gg          , Chs         , Gg          , Ww          , Ww          , Ww          , Ww          , Ss          , Sm          , Ss          , Gg          , Ss          , Wo          , Wo          , Ww          , Ww          , Ss          , Ss          , Ss          , Sm          , Ss          , Gg          
Ss          , Ss          , Ss          , Ss          , Gg          , Ss          , Gg          , Ss          , Ds          , Ww          , Gg          , Ww          , Ww          , Gg          , Gg          , Ss          , Ss          , Gg          , Ww          , Wo          , Ww          , Wo          , Ds          , Ss          , Gg          , Gg          , Ss          , Ss          , Ww          , Gg          , Gg          , Ss          , Ss          , Ss          , Gg          , Rb          , Ss          , Ss          , Ss          , Sm          , Ss          , Ss          , Ww          , Wo          , Gg          , Ss          , Ss          , Gg          , Gg^Efm      , Gg          , Ww          , Ww          , Ww          , Ss          , Ss          , Ss          , Ww          , Wo          , Ss          , Ss          , Ss          , Gg          , Gg          , Gg          , Gg          , Gg          , Gg          , Gg          
Gg          , Ss          , Gg          , Ss          , Ss          , Ss          , Ss          , Ss          , Gg          , Ww          , Gg          , Gg          , Ss          , Ww          , Ww          , Gg          , Ss          , Ss          , Wo          , Ww^Vm       , Ww          , Ds          , Ww          , Ds          , Ss          , Gg          , Gg          , Ss          , Ww          , Gg          , Gg          , Ss          , Ss          , Gg^Efm      , Gg          , Rb          , Gg          , Ss          , Ss          , Ss^Vm       , Sm          , Gg          , Wo          , Ww          , Gg          , Ss          , Ss          , Ss          , Ss          , Ss          , Ww          , Ww          , Wo          , Ww          , Ww          , Ww          , Ss          , Gg          , Gg          , Ss          , Ss          , Gg          , Gg          , Gg          , Gs          , Gs          , Gg          , Gg          
Gg          , Ss          , Ss          , Sm          , Gg          , Gg          , Gg          , Ss          , Gg          , Ww          , Sm          , Ss          , Gg          , Ww          , Ww          , Gg          , Gg          , Ss          , Ww          , Ww          , Wwr         , Ww          , Ww          , Ww          , 2 Khw       , Ww          , Ww          , Ww          , Gg          , Gg          , Ss          , Ss          , Ss^Vm       , Ss          , Ss          , Rb          , Gg          , Gg          , Ss          , Ss          , Ss          , Wwf         , Ww          , Gg          , Ss          , Gg          , Gg          , Ss          , Ss          , Gg          , Ss          , Ww          , Wo          , Ww          , Ww          , Ss          , Ss          , Gg          , Ss          , Ss          , Gg          , Gg          , Gs          , Gs          , Gg          , Gg          , Gg          , Hh          
Ww          , Gg          , Ss          , Gg          , Ss          , Ss          , Gg          , Ss          , Ww          , Ww          , Ss          , Ss          , Ss          , Gg          , Ww          , Ds          , Gg          , Gg          , Ds          , Ww          , Ww          , Ww          , Ww          , Chw         , Chw         , Chw         , Ww          , Wwf         , Gg          , Ss          , Ss          , Ss          , Ss          , Ss          , Gg          , Rb          , Rb          , Ss          , Ss          , Gg          , Gg          , Gg          , Ww          , Ss          , Ss          , Ss          , Ss          , Ss          , Ss          , Wwf         , Ss          , Wo          , Ww          , Wo          , Ww          , Ww          , Ww          , Gg          , Gg          , Gg          , Gg          , Gg          , Gs          , Gg          , Gs          , Gg          , Hh          , Gs          
Ww          , Ds          , Ds          , Ss          , Ss          , Gg          , Ss          , Gg          , Gs^Vc       , Ww          , Gg          , Ss          , Gg          , Ss          , Gg          , Ww          , Ww          , Ss          , Ds          , Ww          , Ww          , Wwr         , Ww          , Ww          , Ww          , Ww          , Ww          , Ds          , Gg          , Ss          , Gg          , Ss          , Ss          , Gg          , Ss          , Ss          , Rb          , Gg          , Ss          , Ss          , Gg          , Wo          , Gg          , Ss          , Gg          , Gg          , Ss          , Gg          , Ss          , Ss          , Ss          , Gg          , Wo          , Wo          , Ww          , Ww          , Ww          , Ww          , Gg          , Gg          , Gs          , Gg          , Gg          , Gs          , Gs^Es       , Gs          , Hh          , Hh          
Wo          , Ww          , Ww          , Gg          , Ds          , Gg          , Ss          , Ss          , Gg          , Ww          , Ww          , Gg          , Gg          , Ss          , Ds          , Ds          , Ww          , Ds          , Ds          , Ww          , Ww          , Wwr         , Wwr         , Wwr         , Wwr         , Ww          , Ww          , Ds          , Ds          , Gg          , Gg          , Gg          , Ss          , Ss          , Ss          , Gg          , Rb          , Ss          , Ss          , Ss          , Ds          , Wo          , Gg          , Gg          , Gg          , Gg          , Ds          , Ss          , Ss          , Gg          , Gg          , Gg          , Ww          , Ww          , Ww          , Wo          , Ww          , Ww          , Ds          , Dd          , Gg          , Gs          , Gg          , Hh          , Hh          , Gs          , Ds          , Ds          
Ww          , Ww          , Ww          , Ww          , Ww          , Ss          , Ds          , Gg          , Gg          , Ds          , Ww          , Ww          , Ww          , Ww          , Ww          , Ds          , Ds          , Ww          , Ww          , Ww          , Ww          , Wwr         , Ww          , Ww          , Wwr         , Ww          , Ww          , Ww          , Ww          , Ds          , Ss          , Ss          , Gg          , Ss          , Ss          , Gg          , Rb          , Gg          , Gg          , Ww          , Ww          , Wo          , Gg          , Gg          , Ww          , Ds          , Ww^Vm       , Ww          , Ds          , Ss          , Gg          , Ss          , Wwf         , Ww          , Ww          , Wo          , Ww          , Ww          , Ww          , Dd          , Gs          , Gs          , Gs          , Hh          , Ds          , Ds          , Ww          , Ww          
Ww          , Ww          , Ww          , Ww          , Ww          , Ww          , Ww          , Ds          , Ww          , Ww          , Ww          , Ww          , Ww          , Ww          , Ww          , Ww          , Ww          , Ww          , Wwr         , Ww          , Ww          , Ww          , Ww          , Ww          , Ww          , Wwr         , Ww          , Ww          , Ww          , Ww          , Ww          , Ss          , Ss          , Gg          , Ss          , Ss          , Rb          , Gg          , Ds          , Ss          , Ww          , Wwf         , Wo          , Ww          , Gg          , Ww          , Ww          , Ww          , Ww          , Ww          , Ds          , Ww          , Wo          , Ww          , Ww          , Wo          , Ww          , Ww          , Ww          , Gg          , Gs          , Dd          , Ds          , Ds          , Ww          , Ww          , Ww          , Ww          
Ww          , Wo          , Wo          , Wo          , Wo          , Ww          , Wo          , Ww          , Ww          , Ww          , Wo          , Ww          , Wo          , Ww          , Ww          , Ww          , Wwr         , Ww          , Ww          , Wwr         , Wwr         , Ww          , Wwr         , Wwr         , Ww          , Ww          , Wwr         , Ww          , Wwf         , Ww          , Ds          , Gg          , Gg          , Gg          , Gg          , Gg          , Rb          , Ds          , Ww          , Ww          , Gg          , Ss          , Wo          , Ww          , Ww          , Ww          , Ww          , Ww          , Wwr         , Ww          , Ww          , Wwf         , Wo          , Ww          , Wo          , Wo          , Wo          , Ww          , Gs          , Gs          , Gs          , Dd          , Ds          , Ww          , Ww          , Ww          , Ww          , Ww          
Wog         , Wog         , Wog         , Wo          , Wo          , Wo          , Ww          , Wo          , Wo          , Wo          , Wo          , Wo          , Wo          , Ww          , Ww          , Ww          , Ww          , Ww          , Ww          , Ww          , Ww          , Ww          , Wo          , Wo          , Wo          , Ww          , Wwr         , Ww          , Ww          , Wwf         , Ds          , Gg          , Gg          , Gs          , Gs          , Re          , Gg          , Gg          , Ww          , Ww          , Ww          , Ww          , Ww          , Wwf         , Ww          , Ww          , Wwr         , Ww          , Ww          , Wwr         , Ww          , Wwf         , Wo          , Ww          , Wo          , Wo          , Ww          , Ww          , Ds          , Gg          , Gg          , Ds          , Ww          , Ww          , Ww          , Ww          , Ww          , Ww          
Ww          , Wog         , Wo          , Wo          , Wo          , Ww          , Wo          , Ww          , Wo          , Wo          , Ww          , Ww          , Ww          , Ww          , Wo          , Ww          , Wwr         , Wo          , Wo          , Ww          , Ww          , Ww          , Wo          , Wo          , Ww          , Wo          , Ww^Vm       , Ww          , Ww          , Ww          , Ww          , Gg          , Gg          , Gs          , Gg          , Rb          , Gg          , Wwf         , Wwf         , Ww          , Gg          , Ww          , Ww          , Ww          , Ww          , Ww          , Ww          , Wwr         , Ww          , Ww          , Ww          , Ww          , Wo          , Ww          , Ww          , Wo          , Wo          , Ww          , Ww          , Gs^Vc       , Hh          , Ww          , Ww          , Ww          , Ww          , Ww          , Hh          , Hh          
Gg          , Ww          , Ww          , Wo          , Wo          , Wo          , Wo          , Wo          , Wo          , Wo          , Wo          , Wo          , Wo          , Ww          , Wo          , Ww          , Wo          , Wo          , Wo          , Wo          , Wo          , Wo          , Wo          , Wo          , Wo          , Wwr         , Wo          , Ww          , Wo          , Ww          , Wwf         , Ds          , Ww          , Wwf         , Rb          , Re          , Gg          , Wwf         , Gs^Vc       , Ww          , Gg          , Gs          , Ww          , Gg          , Ww          , Ww          , Ww          , Ww          , Ww          , Wwr         , Ww          , Ww          , Ww          , Ww          , Ww          , Ww          , Ww          , Ww          , Ww          , Ww          , Ww          , Ww          , Ww          , Ww          , Ww          , Ww          , Hh          , Ww          
Wo          , Wo          , Wo          , Wo          , Wo          , Wo          , Wo          , Wog         , Wog         , Wog         , Wog         , Wog         , Wog         , Wog         , Wo          , Wo          , Wo          , Ww          , Wo          , Wo          , Wo          , Wo          , Wo          , Wwr         , Ww          , Wo          , Ww          , Wo          , Ww          , Ww          , Ww          , Ww          , Rb          , Rb          , Gg          , Gg          , Gg          , Gs          , Gs          , Gs          , Gs          , Gg          , Gg          , Ww          , Gg          , Ds          , Gg          , Ww          , Ww          , Ww          , Wwf         , Ww          , Wo          , Ww          , Wo          , Ww          , Wo          , Ww          , Ww          , Ww          , Ww          , Ww          , Wo          , Ww          , Ww          , Ww          , Ww          , Hh          
Wo          , Wo          , Wog         , Wo          , Wo          , Wo          , Ww          , Wo          , Wo          , Wo          , Wo          , Wog         , Wo          , Wo          , Wo          , Wo          , Wo          , Wo          , Wo          , Wo          , Wwr         , Wo          , Ww          , Ww          , Ww          , Ww          , Ww          , Ww          , Gg          , Gg          , Re          , Re          , Gg          , Gg          , Gg          , Gg          , Gg          , Gg          , Gg          , Gg          , Gg          , Gg          , Gg          , Gg          , Gll^Fp      , Gll^Fp      , Gll^Fp      , Ds          , Ds          , Ww          , Wwf         , Ww          , Wo          , Wo          , Wo          , Wo          , Ww          , Ww          , Ww          , Ww          , Ww          , Wo          , Ww          , Wo          , Wo          , Ww          , Ww          , Ww          
Wog         , Wog         , Wo          , Wog         , Ww          , Ww          , Wo          , Wo          , Wo          , Wo          , Wo          , Wo          , Ww          , Wo          , Ww          , Wo          , Wo          , Wo          , Ww          , Wwr         , Ww          , Ww          , Ww          , Gg          , Ds          , Ww          , Ds          , Gg          , Rb          , Rb          , Gg          , Gg          , Gll^Fp      , Gll^Fp      , Gll^Fp      , Gg          , Gll^Fp      , Gg          , Gll^Fp      , Gg          , Gll^Fp      , Gll^Fp      , Gll^Fp      , Gll^Fp      , Gll^Fp      , Gll^Fp      , Gll^Fp      , Gll^Fp      , Hh          , Ds          , Ww          , Ww          , Wo          , Wo          , Wo          , Wo          , Ww          , Wo          , Wo          , Wo          , Ww          , Wo          , Ww          , Ww          , Ww          , Ww          , Ww          , Ww          
Wog         , Wog         , Wo          , Wo          , Wo          , Wo          , Wo          , Wo          , Wo          , Wo          , Wo          , Ww          , Wo          , Wwr         , Ww          , Ww          , Ww          , Ww          , Ww          , Ww          , Ww          , Gg          , Ww          , Gs          , Gs          , Ds          , Re          , Re          , Gg          , Gg          , Gll^Fp      , Gll^Fp      , Gll^Fp      , Gll^Fp      , Gs          , Gll^Fp      , Gll^Fp      , Gll^Fp      , Gll^Fp      , Gll^Fp      , Gll^Fp      , Gll^Fp      , Gll^Fp      , Gll^Fp      , Gs          , Gll^Fp      , Gll^Fp      , Gll^Fp      , Gll^Fp      , Ds          , Wwf         , Ww          , Ww          , Wo          , Wo          , Wog         , Wo          , Wo          , Wo          , Wo          , Wo          , Wo          , Wo          , Ww          , Wo          , Wo          , Ww          , Ww          
Wog         , Wog         , Wog         , Wo          , Wog         , Wo          , Wo          , Wo          , Wo          , Wo          , Wo          , Wo          , Wo          , Wo          , Wo          , Ww          , Ww          , Ds          , Gs          , Gs          , Gg          , Ww          , Gg          , Gg          , Rb          , Rb          , Gg          , Gg          , Gll^Fp      , Gll^Fp      , Gs^Fms      , Gll^Fp      , Gll^Fp      , Gll^Fp      , Gll^Fp      , Gll^Fp      , Gll^Fp      , Gll^Fp      , Gll^Fp      , Gll^Fp      , Gll^Fp      , Gll^Fp      , Gll^Fp      , Gs^Fds      , Gll^Fp      , Gll^Fp      , Gll^Fp      , Gll^Fp      , Gll^Fp      , Ds          , Ds          , Ww          , Ww          , Ww          , Wo          , Wog         , Wog         , Wo          , Ww          , Wo          , Wo          , Wo          , Wo          , Wo          , Wo          , Ww          , Wo          , Wo          
Wog         , Wog         , Wog         , Wog         , Wog         , Wog         , Wo          , Ww          , Wo          , Wo          , Ww          , Wo          , Wo          , Ww          , Wo          , Ww          , Ww          , Ds          , Ds          , Gs          , Gg          , Gs          , Re          , Re          , Gll^Fp      , Gg          , Gll^Fp      , Gll^Fp      , Gll^Fp      , Gll^Fp      , Gs^Fds      , Gll^Fp      , Gll^Fp      , Gs          , Gll^Fp      , Gll^Fp      , Gs^Fms      , Gs^Fms      , Gll^Fp      , Gll^Fp      , Gll^Fp      , Gll^Fp      , Gs^Fms      , Gll^Fp      , Gll^Fp      , Gll^Fp      , Gll^Fp      , Gll^Fp      , Hh          , Ds          , Ww          , Ww          , Ww          , Wo          , Wo          , Wog         , Wog         , Wo          , Wo          , Wo          , Wo          , Ww          , Wo          , Wo          , Ww          , Wo          , Wog         , Wo          
Wog         , Wog         , Wog         , Wo          , Wo          , Wo          , Wo          , Ww          , Ww          , Ww          , Wwf         , Ww          , Ww          , Ww          , Wo          , Ww          , Ww          , Ds          , Ds          , Gg          , Re          , Re          , Gs^Fds      , Gll^Fp      , Gll^Fp      , Gll^Fp      , Gll^Fp      , Gll^Fp      , Gll^Fp      , Gll^Fp      , Gll^Fp      , Gll^Fp      , Gll^Fp      , Gg          , Gll^Fp      , Gll^Fp      , Gg^Efm      , Gll^Fp      , Gll^Fp      , Gll^Fp      , Gll^Fp      , Gll^Fp      , Gs^Fms      , Gll^Fp      , Gll^Fp      , Gll^Fp      , Gll^Fp      , Hh          , Ww          , Ww          , Ww          , Ww          , Wo          , Ww          , Wo          , Wog         , Wog         , Wog         , Wog         , Wo          , Wog         , Wo          , Wo          , Wo          , Wo          , Wo          , Wo          , Wo          
Wog         , Wog         , Wo          , Wo          , Wo          , Wo          , Ww          , Ww          , Ww          , Wwf         , Gg          , Ww          , Ww          , Ww          , Ww          , Ww          , Ww          , Ds          , Re          , Rb          , Gll^Fp      , Gs^Fds      , Gs^Fds      , Gs^Fms      , Gs^Fms      , Gs^Fms      , Gg          , Gll^Fp      , Gll^Fp      , Gll^Fp      , Gs^Fms      , Gll^Fp      , Gs^Fms      , Gll^Fp      , Gs^Fms      , Gs^Fms      , Gll^Fp      , Gll^Fp      , Gll^Fp      , Gll^Fp      , Gs^Fms      , Gs^Fms      , Gll^Fp      , Gll^Fp      , Gll^Fp      , Gll^Fp      , Gll^Fp      , Ds          , Ww          , Ww          , Ww          , Ww          , Wo          , Wo          , Ww          , Wo          , Wo          , Wog         , Wog         , Wog         , Wog         , Wog         , Wog         , Wog         , Wog         , Wog         , Wog         , Wog         
Wo          , Wo          , Wo          , Ww          , Ww          , Wwr         , Ww          , Ww          , Ww          , Gg          , Ww          , Ww          , Gs          , Ww          , Ds          , Ds          , Ds          , Re          , Gg          , Gll^Fp      , Gs^Fds      , Gs^Fds      , Gs^Fds      , Gs^Fms      , Gll^Fp      , Gll^Fp      , Gs^Fms      , Gs^Fms      , Gll^Fp      , Gs^Fms      , Gll^Fp      , Gs^Fms      , Gs^Fms      , Gll^Fp      , Gll^Fp      , Gll^Fp      , Gll^Fp      , Gll^Fp      , Gs^Fms      , Gll^Fp      , Gll^Fp      , Gs^Fms      , Gg^Em       , Gs^Fms      , Gll^Fp      , Gll^Fp      , Gll^Fp      , Ds          , Wwr         , Ww          , Wwr         , Ww          , Ww          , Wo          , Wo          , Wo          , Wo          , Wo          , Wo          , Wog         , Wog         , Wog         , Wog         , Wo          , Wog         , Wo          , Wog         , Wog         
Wo          , Wo          , Ww          , Wwr         , Ww          , Gs          , Ww          , Ww          , Ds          , Ww          , Ds          , Ds          , Gs          , Gg          , Re          , Re          , Re          , Re          , Gll^Fp      , Gs^Fds      , Gll^Fp      , Gs^Fds      , Gs^Fms      , Gs^Fms      , Gs^Fds      , Gs^Fds      , Gg^Efm      , Gs^Fms      , Gll^Fp      , Gs^Fms      , Gs^Fds      , Gs^Fms      , Gs^Fms      , Gll^Fp      , Gll^Fp      , Gll^Fp      , Gll^Fp      , Gll^Fp      , Gll^Fp      , Gll^Fp      , Gs^Fms      , Gll^Fp      , Gll^Fp      , Gll^Fp      , Gs^Fms      , Gll^Fp      , Gll^Fp      , Ds          , Hh          , Wwr         , Ww          , Ww          , Ww          , Wo          , Ww          , Wo          , Ww          , Wo          , Wo          , Ww          , Wog         , Wog         , Wog         , Wog         , Wog         , Wog         , Ww          , Wo          
Wo          , Wo          , Ww          , Ww          , Ww          , Wwf         , Ds          , Ds          , Ds          , Gs          , Gg          , Gs          , Rb          , Rb          , Gg          , Gs          , Gs          , Gg          , Gs^Fds      , Gs^Fds      , Gs^Fds      , Gll^Fp      , Gs^Fms      , Gll^Fp      , Gs^Fds      , Gll^Fp      , Gs^Fds      , Gs^Fds      , Gs^Fds      , Gs^Fms      , Gs^Fds      , Gg          , Gll^Fp      , Gs^Fms      , Gs^Fms      , Gll^Fp      , Gs^Fms      , Gg          , Gll^Fp      , Gs^Fms      , Gll^Fp      , Gs^Fms      , Gs^Fms      , Gll^Fp      , Gs          , Gll^Fp      , Gll^Fp      , Gll^Fp      , Ds          , Ds          , Ww          , Ww          , Ww          , Ww          , Ww          , Ww          , Wo          , Ww          , Wo          , Wo          , Wog         , Wog         , Wog         , Wo          , Wo          , Wo          , Ww          , Wo          
Ww          , Ww          , Ww          , Ww          , Ww          , Ww          , Ds          , Ds          , Ds          , Gs          , Gs          , Re          , Gs^Fms      , Gs^Fms      , Gs^Fds      , Gs^Fds      , Gs^Fms      , Gs^Fds      , Gs^Fds      , Gs^Fms      , Gs^Fds      , Gs^Fds      , Gg          , Gs^Fds      , Gs^Fds      , Gll^Fp      , Gs^Fms      , Gs^Fms      , Gs^Fds      , Gs^Fds      , Gll^Fp      , Gll^Fp      , Gll^Fp      , Gll^Fp      , Gs^Fms      , Gll^Fp      , Gll^Fp      , Gll^Fp      , Gll^Fp      , Gll^Fp      , Gll^Fp      , Gll^Fp      , Gll^Fp      , Gll^Fp      , Gll^Fp      , Gll^Fp      , Gll^Fp      , Gll^Fp      , Hh^Fp       , Ds          , Ww          , Ww          , Ww          , Wwr         , Ww          , Wo          , Wo          , Wo          , Ww          , Wo          , Wo          , Wo          , Wo          , Wo          , Ww          , Wo          , Wo          , Ww          
Ww          , Ww          , Wwr         , Ww          , Ww          , Ww          , Gs          , Ds          , Ds          , Gs          , Gg          , Rb          , Gs^Fms      , Gs^Fms      , Gs^Fms      , Gs^Fms      , Gs^Fms      , Gll^Fp      , Gs^Fds      , Gs^Fds      , Gs^Fds      , Gs^Fms      , Gs^Fms      , Gs^Fds      , Gll^Fp      , Gs^Fms      , Gll^Fp      , Gll^Fp      , Gll^Fp      , Gll^Fp      , Gs^Fms      , Gs^Fms      , Gg^Efm      , Gs          , Gg^Em       , Gs^Fms      , Gll^Fp      , Gll^Fp      , Hh^Fp       , Gll^Fp      , Hh^Fp       , Gll^Fp      , Gll^Fp      , Gs^Fms      , Gll^Fp      , Hh^Fp       , Gll^Fp      , Gll^Fp      , Hh^Fp       , Ds          , Ds          , Ww          , Ww          , Wwr         , Ww          , Wo          , Wo          , Wo          , Ww          , Wo          , Wo          , Wo          , Wo          , Ww          , Ww          , Wo          , Wo          , Wo          
Wo          , Ww          , Ww          , Ww^Vm       , Ww          , Ww          , Wwf         , Gs          , Gs          , Gg          , Gg^Eff      , Rb          , Gs^Fds      , Gs^Fms      , Gs^Fds      , Gs^Fms      , Gg          , Gs^Fms      , Gs^Fms      , Gs^Fds      , Gs^Fms      , Gs^Fds      , Gs^Fds      , Gs^Fds      , Gs^Fms      , Gs^Fms      , Gll^Fp      , Gs^Fms      , Gs^Fds      , Gs^Fms      , Gll^Fp      , Gll^Fp      , Gll^Fp      , Gs          , Gll^Fp      , Gll^Fp      , Gs^Fds      , Hh^Fp       , Gll^Fp      , Gll^Fp      , Gll^Fp      , Hh^Fp       , Hh^Fp       , Gll^Fp      , Gs^Fds      , Gll^Fp      , Gll^Fp      , Gs          , Gll^Fp      , Hh^Fp       , Hh^Fp       , Hh          , Ds          , Ww          , Ww          , Ww          , Wo          , Wo          , Ww          , Wo          , Wo          , Wo          , Wo          , Wo          , Ww          , Ww          , Ww          , Ww          
Ww          , Ww          , Ww          , Ww          , Ww          , Ww          , Ww          , Gg          , Gs^Eff      , Gg^Eff      , Gg          , Re          , Re          , Re          , Rb          , Gs^Fds      , Gs^Fds      , Gs^Fds      , Gs^Fds      , Gs^Fms      , Gs^Fms      , Gs^Fms      , Gll^Fp      , Gs^Fms      , Gll^Fp      , Gs          , Gs^Fms      , Gs^Fds      , Gs^Fds      , Gs^Fms      , Gg          , Gll^Fp      , Gll^Fp      , Gll^Fp      , Gs          , Gll^Fp      , Gll^Fp      , Gll^Fp      , Gll^Fp      , Gll^Fp      , Hh^Fp       , Gll^Fp      , Hh^Fp       , Gll^Fp      , Gll^Fp      , Gll^Fp      , Gll^Fp      , Gll^Fp      , Hh^Fp       , Gll^Fp      , Gll^Fp      , Gll^Fp      , Gll^Fp      , Ds          , Ww          , Ww          , Ww          , Ww          , Ww          , Ww          , Wo          , Ww          , Ww          , Wo          , Ww          , Ww          , Ww          , Wo          
Ww          , Ww          , Ww          , Ww          , Ww          , Ww          , Ww          , Hh          , Gg          , Gg          , Gs^Vc       , Gg          , Gg          , Gs^Vh       , Gg          , Re          , Gg          , Gg          , Gll^Fp      , Gs^Fds      , Gs^Fms      , Gs^Fms      , Gs^Fms      , Gs^Fms      , Gll^Fp      , Gs^Fms      , Gll^Fp      , Gll^Fp      , Gs^Fms      , Gg          , Gll^Fp      , Gll^Fp      , Gg^Efm      , Gs^Fms      , Gll^Fp      , Gll^Fp      , Gll^Fp      , Gll^Fp      , Hh^Fp       , Hh^Fp       , Hh^Fp       , Gll^Fp      , Gll^Fp      , Gll^Fp      , Gll^Fp      , Hh^Fp       , Gll^Fp      , Hh^Fp       , Gll^Fp      , Hh^Fp       , Hh^Fp       , Gll^Fp      , Gll^Fp      , Hh          , Ds          , Ww          , Ww          , Ww          , Ww          , Wo          , Ww          , Wo          , Wo          , Ww          , Wo          , Wo          , Ww          , Ww          
Ww          , Ww          , Ww          , Ww          , Ww          , Ww          , Ww          , Hd          , Gg          , Gs          , Gg          , Ww          , Ww          , Ww          , Ww^Bw/      , Re          , Gs^Vh       , Gg          , Gs          , Gll^Fp      , Gll^Fp      , Gs^Fms      , Gs^Fms      , Gs^Fms      , Gs^Fms      , Gll^Fp      , Gll^Fp      , Gll^Fp      , Gll^Fp      , Gll^Fp      , Gll^Fp      , Gll^Fp      , Gll^Fp      , Gll^Fp      , Hh^Fp       , Hh^Fp       , Hh^Fp       , Gll^Fp      , Gll^Fp      , Gll^Fp      , Gll^Fp      , Gll^Fp      , Gll^Fp      , Gll^Fp      , Gs^Fms      , Gll^Fp      , Gll^Fp      , Gll^Fp      , Hh^Fp       , Hh^Fp       , Gll^Fp      , Gll^Fp      , Gll^Fp      , Gll^Fp      , Ds          , Ww          , Ww          , Ww          , Ww          , Wo          , Ww          , Wo          , Ww          , Wo          , Gg          , Ww          , Ww          , Gg          
Ww          , Ww          , Ww          , Ww          , Ww          , Ww          , Ww          , Ww          , Hd          , Ds          , Ww          , Ww          , Ww          , Ww          , Ww          , Ww          , Ww          , Gg          , Gg          , Gg          , Gll^Fp      , Gll^Fp      , Gll^Fp      , Gs^Fms      , Gs^Fms      , Gs^Fms      , Gll^Fp      , Gs          , Gll^Fp      , Gll^Fp      , Gll^Fp      , Hh^Fp       , Gll^Fp      , Gll^Fp      , Gll^Fp      , Gll^Fp      , Gs          , Gll^Fp      , Gll^Fp      , Gll^Fp      , Gll^Fp      , Gs^Fms      , Gll^Fp      , Gll^Fp      , Gs          , Gll^Fp      , Gll^Fp      , Hh^Fp       , Gll^Fp      , Gll^Fp      , Gll^Fp      , Hh^Fp       , Hh^Fp       , Gll^Fp      , Gll^Fp      , Hh          , Ww          , Ww          , Ww          , Ww          , Ww          , Ww          , Ww          , Gg          , Wo          , Wo          , Gg          , Gg          
Ww          , Ww          , Ww          , Ww          , Ww          , Ww          , Gs          , Ww          , Ww          , Ww          , Ww          , Ww          , Ww          , Ww          , Ww          , Ww          , Gg          , Gs^Vc       , Gg          , Gg          , Gg^Efm      , Gll^Fp      , Hh^Fp       , Gs^Fms      , Gll^Fp      , Gs^Fms      , Gll^Fp      , Gll^Fp      , Hh^Fp       , Gll^Fp      , Gll^Fp      , Gll^Fp      , Hh^Fp       , Gs^Fms      , Gll^Fp      , Gs          , Hh^Fp       , Gll^Fp      , Gs^Fds      , Gs          , Gll^Fp      , Hh^Fp       , Gll^Fp      , Gll^Fp      , Gll^Fp      , Gll^Fp      , Gll^Fp      , Gll^Fp      , Gs^Fms      , Gll^Fp      , Hh^Fp       , Gll^Fp      , Gll^Fp      , Gll^Fp      , Gll^Fp      , Ds          , Ww          , Ww          , Ww          , Ww          , Ww          , Ww          , Ww          , Ww          , Ww          , Ww          , Gg          , Gg^Efm      
Ww          , Ww          , Ww          , Ww          , Wo          , Ww          , Ww          , Ww          , Ww          , Ww          , Gg          , Ww          , Gg          , Ww          , Gg          , Gg          , Gg          , Gg          , Gg          , Gg          , Hh          , Hh^Fp       , Ds          , Hh^Fp       , Hh^Fp       , Gll^Fp      , Gll^Fp      , Hh^Fp       , Gs          , Gll^Fp      , Gll^Fp      , Hh^Fp       , Gll^Fp      , Gll^Fp      , Gll^Fp      , Hh^Fp       , Gll^Fp      , Gll^Fp      , Gll^Fp      , Gg          , Gll^Fp      , Hh^Fp       , Gll^Fp      , Gll^Fp      , Gll^Fp      , Hh^Fp       , Gll^Fp      , Gll^Fp      , Gll^Fp      , Gll^Fp      , Hh^Fp       , Hh^Fp       , Gll^Fp      , Gll^Fp      , Ds          , Hh          , Ww          , Ww          , Ww          , Ww          , Ww          , Ww          , Ww          , Ww          , Wwr         , Ww          , Ww          , Gg          
Ww          , Ww          , Ww          , Wo          , Wo          , Ww          , Wwr         , Ww          , Ww          , Ww          , Hh          , Gg          , Hh          , Gg          , Gg          , Gs^Vh       , Gg          , Gg          , Hh          , Gg          , Hh          , Hd          , Wwg         , Ds          , Hh          , Gll^Fp      , Gll^Fp      , Gll^Fp      , Gll^Fp      , Hh^Fp       , Gll^Fp      , Gll^Fp      , Gll^Fp      , Hh^Fp       , Gll^Fp      , Gll^Fp      , Gll^Fp      , Hh^Fms      , Gll^Fp      , Gll^Fp      , Gll^Fp      , Hh^Fms      , Gll^Fp      , Gll^Fp      , Gll^Fp      , Gll^Fp      , Gs          , Hh^Fp       , Hh^Fp       , Gll^Fp      , Gll^Fp      , Gll^Fp      , Gll^Fp      , Hh          , Ds          , Ww          , Ww          , Ww          , Ww          , Ww          , Ww          , Ww          , Ww          , Ww          , Wwr         , Ww          , Ww          , Wo          
Wo          , Ww          , Wo          , Wo          , Ww          , Wwr         , Ww          , Ww          , Wwr         , Ww          , Ww          , Hh          , Ds          , Hh          , Hh          , Hh          , Hh          , Hh          , Ww          , Hh          , Hd          , Hd          , Ww          , Wo          , Ww          , Hh^Fp       , Hh^Fp       , Gll^Fp      , Gll^Fp      , Gll^Fp      , Hh^Fp       , Gll^Fp      , Gll^Fp      , Hh^Fp       , Gll^Fp      , Gll^Fp      , Gll^Fp      , Gll^Fp      , Hh^Fp       , Gll^Fp      , Gll^Fp      , Gll^Fp      , Gll^Fp      , Hh^Fp       , Hh^Fp       , Gll^Fp      , Gll^Fp      , Gll^Fp      , Gll^Fp      , Hh^Fp       , Hh^Fp       , Gll^Fp      , Gll^Fp      , Hh          , Ww          , Ww          , Ww          , Ww          , Ww          , Wo          , Wo          , Ww          , Ww          , Ww          , Ww          , Ww          , Ww          , Ww          
Wo          , Wo          , Wo          , Wo          , Ww          , Ww          , Ww          , Wwf         , Wwr         , Ww          , Ww          , Ww          , Ww          , Ww          , Ww          , Ww          , Ww          , Ww          , Ww          , Ds          , Wwr         , Ww          , Ww          , Ww          , Ww          , Ww          , Ww          , Hh          , Gll^Fp      , Gll^Fp      , Gll^Fp      , Gll^Fp      , Gll^Fp      , Gll^Fp      , Gll^Fp      , Gll^Fp      , Hh          , Hh          , Ds          , Hh          , Hh          , Hh          , Gll^Fp      , Gll^Fp      , Gll^Fp      , Gll^Fp      , Gll^Fp      , Hh^Fp       , Gll^Fp      , Gll^Fp      , Gll^Fp      , Gll^Fp      , Gll^Fp      , Hh          , Ww          , Ww          , Ww          , Ww          , Ww          , Ww          , Wo          , Ww          , Ww          , Wo          , Ww          , Ww          , Ww          , Ww          
Ww          , Wog         , Wo          , Wo          , Wo          , Ww          , Ww          , Wwr         , Wwr         , Ww          , Ww          , Ww          , Ww          , Ww          , Ww          , Ww          , Ww          , Ww          , Ww          , Ww          , Ww          , Ww          , Ww          , Ww          , Ww          , Ww          , Ds          , Ds          , Gs          , Gs          , Gll^Fp      , Gll^Fp      , Hh          , Gll^Fp      , Hh          , Hh^Fp       , Gll^Fp      , Ds          , Wo          , Wog         , Ww          , Hh^Fp       , Hh^Fp       , Gll^Fp      , Gll^Fp      , Gll^Fp      , Hh          , Gll^Fp      , Hh          , Gll^Fp      , Gll^Fp      , Gll^Fp      , Hh          , Hh          , Ww          , Ww          , Ww          , Ww          , Wo          , Ww          , Ww          , Wo          , Wo          , Wo          , Ww          , Wwr         , Ww          , Ww          
Ww          , Wog         , Wo          , Ww          , Ww          , Wo          , Ww          , Ww          , Ww          , Ww          , Ww          , Wwr         , Ww          , Wwr         , Ww          , Ww          , Ww          , Wwr         , Ww          , Ww          , Ww          , Ww          , Ww          , Ww          , Ww          , Ww          , Ww          , Ds          , Hh          , Hh          , Hh          , Gll^Fp      , Ww          , Hh          , Ww          , Hh          , Ww          , Ww          , Ww          , Ww          , Ww          , Ww          , Ww          , Hh^Fp       , Hh          , Hh          , Ww          , Hh          , Ww          , Hh^Fp       , Hh          , Hh          , Ww          , Ww          , Ww          , Wo          , Ww          , Wo          , Wo          , Wo          , Wo          , Wo          , Wo          , Wo          , Wo          , Wo          , Wo          , Wo          
Ww          , Ww          , Wo          , Wog         , Wo          , Wo          , Ww          , Wo          , Ww          , Ww          , Ww          , Ww          , Ww          , Ww          , Ww          , Ww          , Wwr         , Ww          , Ww          , Ww          , Ww          , Ww          , Ww          , Wo          , Wo          , Ww          , Ww          , Ww          , Ww          , Ww          , Ww          , Ww          , Ww          , Ww          , Ww          , Ww          , Ww          , Ww          , Ww          , Ww          , Ww          , Ww          , Ww          , Ww          , Ww          , Ww          , Ww          , Ww          , Ww          , Ww          , Ww          , Ww          , Ww          , Ww          , Ww          , Wo          , Wo          , Wo          , Wog         , Wo          , Wog         , Wo          , Wo          , Wo          , Wo          , Wo          , Ww          , Ww          
Ww          , Wo          , Wog         , Ww          , Ww          , Wo          , Ww          , Ww          , Ww          , Ww          , Ww          , Ww          , Ww          , Ww          , Ww          , Ww          , Ww          , Wwr         , Ww          , Ww          , Ww          , Ww          , Wo          , Wo          , Wog         , Wo          , Wo          , Ww          , Ww          , Ww          , Ww          , Ww          , Ww          , Ww          , Ww          , Ww          , Ww          , Ww          , Wo          , Wo          , Wo          , Ww          , Ww          , Ww          , Ww          , Ww          , Ww          , Wo          , Ww          , Ww          , Ww          , Ww          , Ww          , Ww          , Ww          , Wo          , Wog         , Wog         , Wog         , Wog         , Wog         , Wog         , Wog         , Wog         , Wo          , Wo          , Ww          , Ww          
Wog         , Wog         , Wog         , Ww          , Wo          , Wo          , Ww          , Ww          , Ww          , Ww          , Ww          , Ww          , Ww          , Ww          , Gs          , Ww          , Ww          , Ww          , Ww          , Ww          , Ww          , Ww          , Ww          , Wog         , Wo          , Wo          , Ww          , Ww          , Ww          , Ww          , Ww          , Ww          , Ww          , Ww          , Ww          , Wo          , Wo          , Wo          , Ww          , Wog         , Wog         , Wo          , Ww          , Ww          , Ww          , Ww          , Ww          , Ww          , Ww          , Ww          , Ww          , Wo          , Ww          , Ww          , Ww          , Wo          , Wog         , Wog         , Wo          , Wog         , Wog         , Wo          , Ww          , Wo          , Ww          , Ww          , Ww          , Ww          
