border_size=1
usage=map

Hhd, Hhd, Hhd, Gd, Hhd, Hhd, Hhd, Gg, Gs, Hhd, Gs, Gs, Gs, Gs, Gs^Es, Gs, Gs, Hh, Gs, Gs, Rp, Rr, Rr, Rp, Gg, Gs, Gs, Gs, Gs, Gs, Gs, Gs, Gs, Gs, Gg, Gg, Hh, Gg, Gg, Gg, Ww, Ww, Hh, Gg
Gd, Gs, Gs, Gd^Es, Gd, Hhd, Gd, Gs, Gs, Gg, Gs, Gs, Gs, Gs, Gs, Gs, Gs, Gs, Gs, Gs, Rr, Rr, Gg, Gg, Gg, Gs, Gs, Gs, Gs, Hh, Gs^Es, Gs, Gs, Gg, Hh, Gg, Gg, Hh, Gg, Gg, Wo, Hh, Mm, Mm
Gd^Es, Gd, Gd, Hhd, Gd, Hhd, Gs, Gd, Gd, Gd, Gd, Gs, Gs, Gs, Gs, Gs, Gs, Gs, Gs, Gg, Rr, Rr, Gg, Gg, Hh, Hh, Gs, Gs, Gs, Gs, Gs, Gs, Gg, Gg, Gg, Gg, Gg, Gg, Ww, Wog, Gg, Gg, Hh, Hh
Hhd, Gd, Gd, Gd, Gd, Hhd, Gg, Gs, Gg, Gd, Hhd, Rb, Gs, Gs, Gs, Gs, Gs, Gs, Rp, Rr, Rr, Rp, Gg, Hh, Rb^Gvs, Gg, Gg, Gs, Gg, Gs, Gs, Gs, Gg, Gg, Ss, Gg, Gg, Gg, Wo, Gg, Gg, Gg, Gg, Gg
Hhd, Hhd, Ke, Ce, Ce, Gg, Gd, Gd, Gd, Gd, Gs, Gs, Gs, Gs, Gs, Gs, Gg, Gg, Rr, Rr, Gg, Gg, Gg, Gg^Vh, Rb^Gvs, Rb^Gvs, Gg, Gs, Gg, Gs, Gg, Gg, Gg, Gg, Gg, Gg, Gg, Gg, Ww, Gg, Gg, Gg^Efm, Gg, Gg
Hhd, Hhd, Hhd, Ce, Gg, Gd, Gg, Gd, Gd, Gd, Gs, Gs, Gs, Hh, Gs, Gg, Gg, Rp, Rr, Rr, Gg, Gg, Hh, Hh, Gg, Rb^Gvs, Gg, Gg, Gg, Gg, Gg, Gg, Ss, Gg, Gg, Ss, Sm, Ss, Ww, Gg, Ss, Ss, Gg, Gg
Hh, Hh, Hh, Hh, Hh, Gg, Gg, Gg, Gg, Gg, Gg, Gs, Gs, Gs, Hh, Gs, Rp, Rr, Rp, Gg, Gg, Hh, Gg, Gg, Gg, Gg, Wo, Gg, Wo, Gg, Gg^Efm, Gg, Gg, Gg, Gg, Gg, Ww, Ww, Ww, Gg, Gg, Ss, Ss, Gg
Mm, Hh, Mm, Mm, Mm, Hh, Hh, Gg, Hh, Gg, Gg, Gg, Gg, Gg, Gg, Hh, Rr, Rr, Gg, Gg, Gg, Hh, Ss, Gg, Wwf, Ww, Hh, Wo, Hh, Ww, Ww, Ww, Ww, Ww, Ww, Wo, Gg, Gg, Wwf, Ds, Gg, Sm, Ss, Gg
Mm, Mm, Mm, Ms, Mm, Mm, Mm, Mm, Mm, Hh, Hh, Gg, Gg, Gg, Gg, Gg, Rr, Rr, Hh, Gs, Gg, Gg, Gg, Ss, Ss, Ww, Ss, Ss, Gg, Hh, Ss, Ww, Gg, Gg, Ds, Gg, Ss, Gg, Gg, Ww, Gg, Ss, Ss, Ss
Wo, Mm, Hh, Wo, Gg, Mm, Mm, Mm, Mm, Mm, Mm, Hh, Hh^Vhh, Hh, Gg, Gg, Rr, Rr, Gg, Hh, Hh, Gg, Gg, Ss, Ss, Wo, Ww, Ss, Ww, Gg, Gg, Ss, Gg, Ss, Gg, Ss, Ss, Ss, Gg, Ww, Gg, Ss, Ss, Ss
Ww, Wo, Wo, Wo, Ww, Gg, Gg, Mm, Mm, Mm, Mm, Mm, Mm, Gg, Gg, Hh, Rr, Rr, Gg, Gs, Hh, Hh, Gg, Gg, Gg^Efm, Gg, Ss, Ww, Ww, Wwf, Ww, Gg, Ss, Ss, Gg, Ss, Ss, Ss, Gg, Wo, Ww, Ss, Gg, Gg
Gg, Ww, Gg, Ww, Ww, Wo, Ww, Ww, Ww, Ss, Mm, Mm, Hh, Hh, Ch, Gg, Rrc, Rrc, Gg, Gg, Hh^Vhh, Hh, Gg, Gg, Gg, Gg, Gg, Ss, Gg, Ww, Ww, Gg, Gg, Gg, Gg^Efm, Ss, Sm, Ss, Ss, Ss, Wwf, Ss, Ss, Gg
Mm, Mm, Mm, Ss, Mm, Gg, Gg, Wo, Ww, Ww, Wo, Wo, Ww, Ww, Wo, Ch, Rrc, Rrc, Ww, Gg, Hh, Gg, Gg, Gg, Hh, Hh, Gg, Ss, Ss, Gg, Ww, Wwf, Gg, Gg, Gg, Ss, Ss, Ss, Ss, Ds, Ww, Sm, Ss, Gg
Mm, Mm, Mm, Mm, Mm, Mm, Mm, Mm, Mm, Wo, Mm, Wo, Wo, Ww, Ww, Ww, Ww^Bsb|, Ww^Bsb|, Ch, Ww, Wo, Hh, Hh, Hh, Hh, Gg, Gg, Gg, Gg, Gg^Vc, Gg, Wwf, Gg, Gg, Ss, Gg, Ss, Ss, Ss, Ss, Wo, Gg, Gg, Ss
Hhd, Mm, Hhd, Mm, Hhd, Mm, Mm, Mm, Mm, Mm, Mm, Hh, Hh, Ww, Ch, Wo, Ww^Bsb|, Ww^Bsb|, Wo, Ch, Ww, Hh, Hh, Hh, Ww, Ww, Ww, Ww, Ww, Wwf, Wwf, Ww, Gg, Gg, Gg, Gg, Gg, Ss, Ss, Ss, Gg, Ww, Ss, Gg
Gg, Hhd, Gg, Hhd, Gg, Hhd, Hhd, Mm, Mm, Mm, Mm, Mm, Hh^Vhh, Gg, Gg, Ch, Rrc, Ww^Bsb|, Ww, Wo, Ww, Ss, Ww, Ww, Ww, Ww, Ww, Ww, Ww, Wwf, Wo, Ww, Ww, Ww, Ww, Gg, Gg, Gg^Vc, Gg, Gg, Ds, Wwf, Gg, Ss
Gd^Es, Gd, Gd, Gg, Gd, Gg, Hhd, Mm, Hhd, Mm, Mm, Mm, Hh, Hh, Gg, Gg, Rrc, Rrc, Ch, Wo, Wo, Ww, Wo, Ww, Ww, Ww, Wo, Wo, Wo, Wwf, Ww, Wo, Wo, Ww, Ww, Ds, Ds, Gg, Ds, Gg, Ww, Ww, Gg^Efm, Gg
Gd^Es, Gd^Es, Gd, Gd, Gd, Gd, Gd, Hhd, Hhd, Hhd, Gs, Gg, Gg, Gg, Gg, Gg, Rrc, Rrc, Ch, Kh, Ch, Ww, Ww, Wo, Wo, Wo, Wo, Wo, Wog, Wo, Wo, Ww, Wo, Wo, Wo, Ww, Ww, Gg, Wwf, Wwf, Ww, Gg, Ss, Gg
Gd^Es, Gd, Gd, Gs, Gs, Gd^Es, Gd, Gs, Hhd, Hhd, Gg, Gs, Gg, Gg, Gg, Gg, Rr, Rrc, Gg, Ch, Wo, Wo, Ww, Ww, Ww, Wo, Wo, Wo, Wog, Wog, Wo, Wo, Wo, Ww, Ww, Ww, Ww, Ww, Wwf, Ww, Wo, Gg, Gg, Ss
Gd, Gd, Rd, Gs, Gd^Es, Gs, Gs, Hhd, Gd, Gd, Gs, Gs, Gs, Gs, Gs, Gg, Rr, Rr, Gg, Ww, Hh, Mm, Ww, Ww, Ww, Ww, Ww, Wo, Wo, Wog, Wog, Wo, Gg^Vc, Gg, Wo, Wo, Wo, Ww, Ww, Ww, Ds, Gg, Gg, Gg
Gd^Edpp, Gd, Gd, Gd, Gd, Gd, Gs, Gs, Gs, Gd, Gg, Gs, Gg, Rb, Gg, Gs, Rr, Rr, Hh, Hh^Vhh, Mm, Mm, Ww, Ww, Ww, Ww, Ww, Wo, Wo, Wog, Wo, Wo, Ww, Ww, Wo, Ww, Wo, Ww, Wo, Ww, Ww, Ds, Gg, Gg^Efm
Gd^Edpp, Gd, Gd, Gs, Gd, Gd, Re, Gd, Gs, Gs, Gg, Gs, Gg, Gg, Rp, Gs, Rr, Rr, Hh, Mm, Hh, Mm, Mm, Ww, Ww, Ww, Ww, Wo, Ww, Wo, Wog, Wo, Ww, Wo, Wo, Wog, Wog, Wo, Wo, Wo, Wo, Ww, Hh, Gg
Gd, Gd, Gd^Edpp, Gs, Gd, Rd, Rd, Gd^Vhr, Gd^Es, Gg, Gd, Gs, Gd, Gg, Rr, Rr, Hh, Gg, Hh, Hh, Hh, Hh, Hh, Ww, Ww, Ww, Ww, Wo, Ww, Wo, Wo, Wo, Wo, Wo, Wo, Wog, Wog, Wo, Ww, Ww, Wo, Wo, Wo, Wo
Rd, Gd, Gd, Gd, Gs, Rd, Gs, Gd, Gd, Gd, Gs, Rd, Re, Gd, Rr, Rr, Gg, Hh, Hh, Hh, Hh, Ww, Ww, Ww, Wo, Wo, Ww, Ww, Wo, Wo, Ww, Wo, Ww, Wo, Ww, Wo, Wo, Wo, Wo, Ww, Wo, Wo, Wo, Wo
Gg, Re, Rd, Gd, Gd^Dr, Gd^Es, Gd, Gs, Gd, Gs, Gs, Rd, Rd, Gg^Vh, Rr, Rr, Gg, Hh, Hh, Hh, Ww, Wo, Wo, Wo, Wo, Wo, Wo, Ww, Wo, Ww, Ww, Ww, Ww, Ww, Ww, Wo, Wo, Ww, Wo, Ww, Ww, Ww, Gg, Hh
Hhd, Hhd, Hhd, Rd, Re, Gd, Gd, Gs^Es, Gs, Gs, Gg, Gd, Gs, Gg, Rr, Rr, Gg, Gg, Ww, Ww, Ww, Ww, Wo, Wo, Ww, Mm, Ww, Wo, Ww, Ww, Ww, Ww, Ww, Ww, Ww, Ww, Ww, Ww, Wo, Ww, Ww, Ww, Hh, Hh
Hhd, Hhd, Hhd, Gg, Hhd, Re, Gd, Gd, Gd^Es, Gs, Gs, Gs, Gg, Gs, Rr, Rr, Ww, Ww, Ww, Ww, Ww, Ww, Ww, Ww, Ww, Ww, Ww, Ww, Gg, Ww, Ww, Ww, Ww, Ww, Ww, Ww, Gg, Ww, Ww, Wo, Ww, Hh, Gg, Hh
Gs, Gs, Hhd, Hhd, Gd, Rd, Rd, Gd, Gd, Gd, Gs, Gs, Gs, Gs, Rr, Rr, Hh, Wo, Hh, Ww, Ww, Ww, Ww, Ww, Ww, Ww, Ds, Gg, Gg, Gg^Vc, Hh, Ww, Ww, Ww, Ww, Gg, Ww, Gg, Gg, Wo, Wo, Ww, Hh, Gg
Md, Gs, Hhd, Gd, Hhd^Vhhr, Gd^Edpp, Gd^Es, Rd, Re, Gd, Gs, Gs, Gs, Gg, Rr, Rr, Hh, Hh, Hh, Ww, Hh, Gg, Gg, Ww, Hh, Gg, Gg, Gg, Gg, Hh, Hh, Ww, Ww, Ww, Ww, Ww, Ww, Gg^Vc, Gg, Ww, Wo, Ww, Gg, Hh
Md, Gs, Hhd, Gg, Gs, Hhd, Gs, Gd, Gd, Re, Rd, Gs, Gg, Gg, Rr, Rr, Hh^Vhh, Mm, Mm, Mm, Mm, Hh, Mm, Hh^Fp, Mm, Mm, Hh, Hh, Mm, Hh, Gg^Em, Gg, Gg, Ww, Ww, Gg, Gg, Gg, Ww, Wo, Wo, Ww, Wo, Hh
Md, Gs, Gd, Hhd, Gs, Hhd, Gs, Gs, Gg, Gd, Gs, Re, Re, Gs, Rp, Rr, Ch, Mm, Mm, Mm, Md, Mm, Mm, Mm, Mm, Mm, Mm, Mm, Ww, Mm, Mm, Hh, Hh, Gg, Gg, Ww, Gg, Ww, Ww, Ww, Wo, Ww, Hh, Hh
Hhd, Hhd, Hhd, Hhd, Gs, Gs, Gg, Gs, Gs, Gd, Gg, Gs, Gs, Re, Rr, Rr, Rr, Mm, Mm, Hh, Gg, Hh, Gs, Mm^Xm, Rp, Hh, Hh, Hh^Vhh, Mm, Mm, Mm, Mm, Mm, Hh, Hh, Gg, Hh, Gg, Gg, Gg, Ww, Wo, Wo, Gg
Gd, Gd^Es, Gd, Hhd, Hhd, Hhd, Hhd, Hhd, Hhd, Gs, Gd, Gg, Gs, Gs, Gg, Rr, Rr, Rr, Rr, Rp, Rr, Rp, Ch, Kh, Ch, Rp, Rr, Rp, Rr, Hh, Gg, Mm, Mm, Mm, Gs, Gg, Mm, Hh, Hh, Hh, Mm, Wo, Mm, Hh
Md, Gd^Es, Gd, Hh, Hhd, Hhd, Hhd, Gg, Gg, Gs, Gs, Gd^Dr, Gs, Gs, Gs, Gs, Re, Rr, Rp, Rr, Rr, Rr, Rr, Ch, Rp, Rr, Rp, Rr, Rr, Rrc, Rr, Hh, Ch, Gs, Gg, Hh, Hh, Mm, Mm, Gg, Mm, Wo, Wo, Hh
Hh, Md, Hhd^Vhhr, Md, Md, Hhd, Hhd, Gg, Gg, Gd, Gd, Gs, Gs, Gs, Re, Re, Gg, Gs, Gs, Gs, Gg, Rr, Rr, Rr, Rr, Rr, Gs, Gg, Hh, Hh, Hh, Rrc, Rrc, Gg, Gg, Rb^Gvs, Rb^Gvs, Hh^Vhh, Hh, Hh, Hh, Wo, Wo, Gg
Hhd, Hhd, Md, Md, Hhd, Hhd, Hh, Hh, Gd, Hhd, Hhd, Gd, Re, Re, Gs, Gs, Hh, Gs, Gg, Gg, Gg, Gg^Vh, Hh, Ch, Gs, Gg, Gg, Gg, Hh, Hh, Mm, Ch, Gg, Rr, Rr, Hh, Hh, Gg, Gg, Gg, Ww, Ww, Wo, Gg
Md, Hhd, Gg, Gs, Gd, Gd, Gd, Gd, Gd, Gd^Edpp, Re, Re, Hh, Gs, Hh, Hh, Hh, Hh, Hh, Gg, Mm, Hh, Mm, Gg, Gg, Gg, Gs, Hh^Vhh, Hh, Hh, Mm, Gg, Gg, Rrc, Rr, Gg, Gs, Gs, Gg, Hh, Wo, Ww, Rr, Gg
Md, Md, Gs, Gs, Gg, Gd^Es, Gd, Hh, Rd, Rd, Hh, Hh, Hh, Gg, Hh, Gs, Hh, Hh, Hh, Hh, Mm, Mm, Hh, Hh, Gs, Gg, Gs, Hh, Mm, Mm, Mm, Hh, Hh, Rrc, Rr, Gg, Gg, Gg, Gg, Ww, Wo^Bsb/, Ch, Hh, Rr
Hhd, Gd, Gg, Gs, Gd, Hh, Gd, Gs, Re, Hh, Hh, Hh, Gg, Hh, Hh^Vhh, Rb^Gvs, Mm, Gg, Mm, Mm, Mm^Xm, Mm, Hh, Gs, Gs, Gg, Hh, Hh, Mm, Mm, Hh, Hh^Vhh, Hh, Rr, Rrc, Gs, Gg, Gg, Ch, Wo^Bsb/, Wo, Gg, Gg, Gg
Hhd, Hhd, Hhd, Gd^Es, Hh, Hh, Hh, Gs, Re, Gg, Hh, Hh, Mm, Mm, Mm, Mm, Mm, Mm, Mm^Xm, Mm^Xm, Mm, Hh, Gg, Gg, Gg, Hh, Mm, Hh^Vhh, Mm, Mm, Mm, Hh, Gg, Rr, Rr, Gg, Rr, Rr, Gg, Wo, Ww, Hh, Rr, Rr
Hh, Hhd, Hh, Gd^Edpp, Hh, Hhd^Vhhr, Re, Re, Hh, Hh, Mm, Gg, Mm^Xm, Mm^Xm, Mm^Xm, Mm^Xm, Mm^Xm, Mm^Xm, Mm, Gg^Efm, Mm, Hh, Hh, Gs, Hh, Hh, Mm, Mm, Mm, Mm, Gg, Gs, Gg, Rrc, Rr, Rr, Gg, Gg, Gg, Wo, Ww, Hh, Rr, Hh
Gd, Hh, Hhd, Gd, Rd, Re, Hh, Hh, Mm^Xm, Mm, Mm^Xm, Mm^Xm, Mm, Mm, Mm, Mm, Mm, Mm, Hh, Hh, Hh, Hh, Gs, Gg, Hh, Mm, Mm, Mm^Xm, Mm, Hh, Gs, Gs, Gg, Rr, Rr, Gg, Gs, Gg, Ww, Wo, Wo, Ww, Rr, Gg
Rd, Gd, Rd, Re, Hh, Hh, Mm, Mm, Mm^Xm, Mm^Xm, Ms, Md, Md, Mm, Hh, Hh, Hh, Hh, Gg, Gg, Gg, Gg, Hh, Hh, Mm, Mm, Mm^Xm, Mm, Gg, Hh, Hh, Gg, Gs, Rr, Rr, Gg, Gg, Gg, Wo, Wo, Gg, Hh, Rr, Hh
Gd, Rd, Gs, Hh, Mm, Mm, Mm^Xm, Mm^Xm, Ww, Ms, Hh, Md, Hh, Hh, Gg, Hh, Gg, Hh, Gg, Gg^Es, Hh, Hh, Hh, Mm, Ms, Mm, Mm, Mm, Hhd, Gg, Hh, Hh, Rp, Rr, Rp, Gg^Vc, Ww, Ww, Wo, Gg, Gs, Gg, Gg^Vh, Rr
Gg, Gs, Hh, Hh, Mm^Xm, Mm^Xm, Ms, Ms, Ww, Ww, Hh, Gg, Gg, Gg, Hh, Hh, Gg, Hh, Gs, Gs, Hh, Mm, Ms, Hh, Mm^Xm, Mm, Hhd, Hhd, Gs, Gs, Gg, Hh^Vhh, Rr, Rr, Gg, Ww, Wo, Wo, Hh, Hh, Hh, Gg, Gg, Gg
Mm, Hh, Mm, Mm, Mm^Xm, Mm, Mm, Hh^Vhh, Ww, Gg, Ce, Ce, Ce, Gs, Gg, Hh, Hh, Hh, Gg, Gg, Hh, Mm, Mm, Hh, Mm, Hhd, Gd, Gs, Gs, Hh, Gg, Gg, Rr, Rr, Gg, Ww, Ww, Ww, Gg, Gs, Hh, Gg, Rb^Eff, Rb^Eff
Mm, Mm, Mm^Xm, Mm^Xm, Mm, Mm, Gg, Ww, Gg, Gg, Gg, Ke, Gg, Gs, Gs, Gs, Gg, Hh, Gg, Gg, Hh^Vhh, Ms, Mm, Mm, Hhd, Gd^Es, Gd, Gg, Gg, Gg, Hh, Rp, Rr, Rp, Gg, Wo, Wo, Ww, Hh, Gg, Rb^Eff, Rb^Eff, Rb^Gvs, Rb^Gvs
Mm^Xm, Mm^Xm, Mm, Mm, Hh, Hh, Ww, Ww, Gg, Gg, Hh, Gg, Gg, Gg, Gg, Gs, Gg, Hh, Hh, Gg^Efm, Ms, Ms, Mm, Mm^Xm, Hhd, Gd, Gg, Gg, Gg, Gg, Rr, Rr, Rp, Hh, Gg, Wo, Ww, Wo, Gg, Rb^Eff, Rb^Gvs, Rb^Gvs, Wo, Rb^Gvs
Mm^Xm, Mm, Mm, Mm, Ww, Ww, Gg, Gg, Gs, Gs, Hh, Gs, Gs, Hh, Hh, Gg, Hh, Hh, Hh, Hh, Ms, Mm, Md, Md, Hhd, Hhd, Gs, Gs, Gg, Gg, Rr, Rr, Gg, Gg, Gg, Hh, Ww, Wo, Gg^Vh, Rb^Gvs, Rb^Gvs, Rb^Gvs, Rb^Gvs, Rb^Gvs
Mm^Xm, Mm, Ww, Ww, Gg, Gg, Gg, Gg, Gs, Gs, Hh, Gs, Gg, Gg, Md, Hh, Md, Md, Md, Ms, Mm^Xm, Mm^Xm, Md, Hhd, Gg, Gd, Gs, Gs, Gs, Gg, Rr, Rr, Hh, Gg, Gg, Gg, Ww, Wo, Gg, Rb^Gvs, Rb^Gvs, Rb^Gvs, Rb^Gvs, Rb^Gvs
