border_size=1
usage=map

Gs^Fds, Gg, Gs^Fds, Gs^Fds, Gll^Fp, Gll^Fp, Gll^Fp, Gg^Ve, Gll^Fp, Gg, Gll, Gg, Gg^Em, Gg, Gg, Hh^Fp, Hh^Fds, Hh^Fp, Hh, Mm, Mm, Mm, Mm, Mm, Mm, Mm, Mm, Mm, Mm, Mm, Hh, Gg, Gg, Hh^Fds, Gg^Efm, Hh, Mm, Mm, Mm, Mm, Mm^Xm, Mm, Hh^Fp, Hh, Hh, Mm, Hh, Gg, Hh, Gg, Ww, Ww, Ss
Gg, Gg, Gll^Fp, Gg^Em, Gll^Fp, Gg, Gll^Fp, Gll, Gll^Fp, Gll^Fp, Gll, Gll^Fp, Gll^Fp, Gll^Fp, Gg, Gs, Gg, Gg, Hh^Fp, Hh^Fds, Ms, Mm, Mm, Mm, Mm, Mm, Mm, Mm, Hh, Mm, Hh, Hh, Mm, Gg^Efm, Hh, Hh, Mm, Mm, Mm^Xm, Mm^Xm, Mm, Mm, Hh, Mm, Ms, Ms, Mm, Hh, Hh^Efm, Gg, Ww, Ss, Gg
Gg, Gs^Fds, Gg, Gg^Efm, Gg, Gll^Fp, Gll^Fp, Hh^Fds, Gll^Fp, Gll^Fp, Gg, Gg^Em, Gs, Gll^Fp, Gg, Hh, Hh^Fp, Gg, Gg^Efm, Ww, Mm, Ms, Ms, Mm, Hh^Fms, Mm, Mm, Hh, Gg, Hh, Mm, Mm, Mm, Mm, Hh^Fds, Mm, Mm, Mm, Mm^Xm, Mm^Xm, Mm, Mm, Mm, Ms, Ms, Mm, Ha, Hh^Fds, Ww, Mm, Ww, Gg^Efm, Hh
Gg, Gg, Gg, Gg, Gg, Gll, Gs, Gll, Gll, Gg, Gg, Gg, Gll^Fp, Gg, Gs, Hh^Fp, Gll^Fp, Gg^Efm, Mm, Mm, Mm, Mm, Mm, Ww, Mm, Mm, Mm, Hh, Gg, Mm, Mm, Mm, Mm, Mm, Mm, Mm, Mm, Mm^Xm, Mm^Xm, Mm, Mm, Hh^Fds, Wo, Mm, Ms, Ms, Ms, Ww, Ms, Ww, Hh, Hh, Mm^Xm
Gs, Gg, Gs, Gll^Fp, Gs^Fds, Gs^Fds, Gll^Fp, Gs^Fds, Gll^Fp, Gll, Gll^Fp, Gll^Fp, Hh, Gll^Fp, Gs, Gs^Fms, Gg^Ve, Gg, Gs, Mm, Hh^Fp, Hh, Hh, Mm, Gg, Hh, Gs, Hh^Vhh, Gg, Hh, Hh, Mm, Mm, Ms, Ms, Ms, Ms, Hh, Mm^Xm, Mm, Mm, Mm, Mm, Mm, Mm, Mm, Mm, Ms, Ms, Hh, Mm, Mm, Ms^Xm
Gd, Gs^Es, Gs, Gll^Fp, Gll^Fp, Gs^Fds, Gs^Fds, Gs^Fds, Gg, Gll, Hh, Gll^Fp, Hh^Fp, Gll^Fp, Gs, Gs^Fms, Gg, Gg, Gs, Gg, Gg, Gg, Mm, Mm, Mm, Gs, Hh, Gg, Gs, Gs, Gg, Mm, Hh, Mm, Mm, Ms, Ms, Mm, Mm^Xm, Mm^Xm, Ms, Mm, Mm, Hh, Gg, Gg^Efm, Hh^Fp, Mm, Ms, Mm, Ms, Mm, Mm
Gs, Gs, Gg, Gs, Gll^Fp, Gll^Fp, Gll, Gg, Hh, Hh, Gll, Hh^Fds, Gll^Fp, Gll, Gll, Gg, Gs, Gs, Gll, Rb, Mm, Hh, Mm, Ms, Ms^Xm, Ms, Ms, Hh, Mm, Hh, Hh, Gg, Gg, Hh, Hh, Hh, Mm, Mm, Mm, Mm^Xm, Ms, Mm, Hh^Fp, Hh, Gs, Hh, Hh^Vhh, Mm, Ms, Ms, Mm^Xm, Mm, Mm
Gs, Gg, Gg, Gs^Es, Gg, Gll^Fp, Gs, Gll^Fp, Gll^Fp, Gll^Fp, Gll^Fp, Gll^Fp, Gs^Fds, Gs^Fds, Gll, Gll, Gll, Gll, Hh^Fp, Hh^Fp, Hh^Fp, Mm, Mm, Ms^Xm, Ms, Ms^Xm, Ms^Xm, Ms, Mm, Mm, Chr, Chr, Mm, Gs, Gs, Gg, Hhd^Fmw, Mm, Ms, Mm^Xm, Ms, Mm, Mm, Mm, Gg, Hh, Mm, Mm, Ms, Ms^Xm, Ms, Ms, Wwt
Gs, Hh, Hh^Fp, Gs^Es, Hh, Gs, Hh, Gs, Gs, Gll^Fp, Gg, Gll^Fp, Gll, Gll, Gll^Fp, Gs^Fds, Gg, Gll^Fp, Gll^Fp, Gll^Fp, Gs^Fds, Hh^Fp, Hh^Fp, Wo, Ha, Ms, Ms, Mm^Xm, Mm^Xm, Mm, Mm, Khr, Mm, Hh^Vhhr, Hh, Gs, Hh, Hh, Mm, Mm^Xm, Mm, Mm, Hh, Hh, Gs, Mm, Mm, Mm^Xm, Mm^Xm, Ms^Xm, Mm, Ms, Ms
Gs, Gs, Hh, Hh, Gs, Hh^Fp, Hh, Hh^Fp, Hh^Fp, Gll, Gll^Fp, Gll, Gll^Fp, Gll^Fp, Gll^Fp, Gll^Fp, Gll, Gs^Fds, Gs^Fds, Gll^Fp, Gs^Fds, Gs^Fds, Wo, Wwf, Hh^Fds, Ms, Mm, Mm, Mm, Mm^Xm, Mm, Mm, Mm, Hh^Fp, Gs, Gg, Mm, Mm, Hh, Mm, Gs, Hh, Gg, Gg, Mm, Mm, Hh, Mm^Xm, Mm, Mm, Hh^Fds, Mm, Mm
Gs, Gs, Mm, Hh, Hh, Gs, Mm, Hh, Hh^Fp, Gs, Gs, Gd^Vhr, Gll^Fp, Gll^Fp, Gs^Fds, Gs^Fds, Gll, Gll^Fp, Gll^Fp, Gs^Fds, Gs^Fds, Gs^Fds, Wo, Gs^Fds, Gll^Fp, Hh^Fp, Mm, Mm, Mm, Mm^Xm, Mm, Mm, Mm, Hh^Fp, Hh^Fp, Gg, Gg, Mm, Hh, Gs, Gg, Gs, Hh^Fp, Mm, Hh^Fp, Hh^Fp, Mm^Xm, Mm^Xm, Hh, Hh, Hh, Hh, Gs
Gs, Mm, Mm, Mm, Mm, Hh^Fp, Mm, Hh, Hh^Fp, Hh^Fp, Hh^Fp, Gll^Fp, Gs^Fds, Gs^Fds, Gll^Fp, Gll^Fp, Gg, Gll, Gg, Gll^Fp, Gs^Fds, Gg^Efm, Wwf, Gs^Fds, Gs^Fds, Hh^Fds, Hh^Fms, Mm, Mm, Mm^Xm, Mm^Xm, Mm, Mm, Hh, Gll^Fp, Gg, Gs, Hh^Fp, Gg, Gs, Hh, Hh, Mm, Mm, Mm, Mm, Mm^Xm, Mm, Mm^Xm, Mm, Hh, Gg^Efm, Gs
Hh, Hh, Hh, Hh^Fp, Mm, Mm, Mm, Mm, Hh^Fp, Gll^Fp, Gll^Fp, Hh^Fp, Gll^Fp, Gll^Fp, Gs^Fds, Gs^Fds, Gll^Fp, Gll^Fp, Gll, Gg, Gll^Fp, Gg, Wo, Gll^Fp, Hh^Vc, Gll^Fp, Gs^Fds, Hh^Fp, Hh^Fp, Mm^Xm, Mm^Xm, Mm, Mm, Hh^Fp, Hh^Vhh, Hh, Gs, Mm, Mm, Mm, Mm, Mm, Mm, Mm, Mm, Mm^Xm, Ms^Xm, Mm, Mm^Xm, Hh, Mm, Gs, Gs
Gs, Hh, Hh^Fp, Hh, Hh^Fp, Mm, Mm, Hh^Fp, Hh, Hh^Fp, Hh^Fp, Hh, Gll^Fp, Gs^Fds, Gll^Fp, Gll^Fp, Gll^Fp, Gs^Fds, Gg, Gll, Gll, Gs^Fds, Gs^Fds, Wo, Wwf, Sm, Gll^Fp, Hh^Fp, Mm^Xm, Mm^Xm, Mm, Mm^Xm, Mm^Xm, Mm, Gg, Hh, Gs, Gg, Hh, Mm, Mm, Ms, Ms, Hh, Mm^Xm, Mm^Xm, Hh, Ms, Mm^Xm, Ms, Mm, Hh^Fp, Hh
Hh, Hh, Mm, Hh^Fp, Mm, Hh, Hh, Mm, Hh, Hh, Gs^Fds, Gll^Fp, Gll^Fp, Gg^Em, Gs^Fds, Gll^Fp, Gll^Fp, Gll^Fp, Gll^Fp, Gll^Fp, Gg, Gll, Gs^Fds, Gll^Fp, Wwf, Gs^Fds, Hh^Fp, Mm, Mm^Xm, Mm, Hh^Fp, Mm, Mm^Xm, Mm, Mm, Gg, Hh, Gg, Gs, Hh, Gg, Mm, Mm^Xm, Mm^Xm, Mm^Xm, Hh, Mm^Xm, Mm^Xm, Mm, Ms, Mm, Hh^Fms, Hh
Gg, Hh^Fp, Hh^Fp, Hh^Fp, Hh^Fp, Gll^Fp, Gll^Fp, Hh, Gll^Fp, Gll^Fp, Gll^Fp, Gll^Fp, Gll^Fp, Gs^Fds, Hh, Gs^Fds, Gg, Gd, Gll^Fp, Gll^Fp, Gll^Fp, Gg, Gll, Gll^Fp, Ww, Gs^Fds, Mm, Mm^Xm, Mm, Mm, Gg^Efm, Hh^Fms, Mm, Mm, Mm, Hh^Fp, Hh, Gs, Hh, Gs^Es, Hh, Ch, Ch, Rp, Mm^Xm, Mm^Xm, Mm, Mm, Mm, Mm, Hh, Mm, Mm
Gg, Gg^Efm, Gg^Efm, Gll^Fp, Gll^Fp, Gll^Fp, Gs, Gll^Fp, Gll^Fp, Gll^Fp, Gll^Fp, Gll^Fp, Gll^Fp, Gll^Fp, Gll^Fp, Gs^Fms, Gll^Fp, Gll^Fp, Gll^Fp, Gll^Fp, Gg, Gs^Fds, 2 Ke, Gll^Fp, Wwf, Gs^Fds, Mm, Mm^Xm, Hh^Fms, Hh, Gg, Hh, Mm, Mm, Hh^Fp, Mm, Hh, Gs, Gs, Hh, Gg, Gs, Ch, Mm^Xm, Mm, Mm, Hh, Mm, Hh, Mm, Mm, Hh, Gg
Gg, Gg^Es, Gg, Gg, Gll^Fp, Gll^Fp, Hh, Gll^Fp, Gll^Fp, Gs, Gll^Fp, Gg^Efm, Gll^Fp, Gll^Fp, Gg^Efm, Gll^Fp, Gll^Fp, Gll^Fp, Gs, Gll^Fp, Gs^Fds, Ce, Ce, Ce, Gll^Fp, Ww, Mm, Mm^Xm, Mm, Hh^Fp, Gs, Mm, Hh^Fp, Mm, Hh^Fp, Gg, Gg, Gg, Gs, Gg, Hh, Hh, Gg, Ch, Rp, Hh, Mm, Hh^Fp, Mm, Mm, Hh, Gs, Gs
Gg, Gs, Gll^Fp, Gg, Gs, Gll^Fp, Gll^Fp, Gll^Fp, Gll^Fp, Gll^Fp, Gll^Fp, Gll^Fp, Gll^Fp, Gll^Fp, Hh, Hh, Gll^Fp, Gs, Gg, Gll^Fp, Gs, Gg, Gg, Gg^Efm, Gg, Wwf, Hh^Fp, Mm^Xm, Mm^Xm, Mm, Gs, Gg, Hh^Vhhr, Mm, Hh^Fp, Hh^Fp, Hh^Fp, Gg, Gg, Gs, Gs, Gg, Hh, Gs, Rp, Mm, Mm, Mm, Mm, Hh^Vhh, Gg, Gs, Hh^Fp
Gg, Gs, Gg, Gs, Gg, Gs, Gg, Gll^Fp, Gll^Fp, Gll^Fp, Gs^Fds, Gd^Vhr, Gll^Fp, Gll^Fp, Gll^Fp, Gll^Fp, Gll^Fp, Gg, Gg, Gg, Gll^Fp, Gg^Em, Gg, Gg^Efm, Ww, Ww, Mm, Mm, Mm^Xm, Hh, Hh, Hh, Mm, Mm^Xm, Mm^Xm, Mm, Mm, Hh^Fp, Hh^Fp, Hh, Gs, Hh, Gg, Gg, Gs, Rb, Mm, Mm, Mm, Mm, Hh, Gs, Gs
Gd, Gs, Gg, Gg, Gs^Es, Gg, Gs, Gll^Fp, Gs^Fds, Gll^Fp, Gll^Fp, Hh, Gll^Fp, Gll^Fp, Gll^Fp, Gg^Em, Gg, Gs, Gs, Gs^Fms, Gs, Gg, Gg, Ww, Gg^Efm, Hh, Mm, Mm^Xm, Mm, Mm, Hh^Fds, Gs, Gs, Mm, Hh, Mm^Xm, Mm^Xm, Mm, Mm, Hh^Fp, Gs, Gg, Gs, Gs, Gs, Rp, Mm, Mm, Mm, Mm, Mm, Hh, Gs
Gll^Fp, Gll^Fp, Gg, Gg, Hh, Mm, Hh, Gg^Efm, Hh, Hh, Hh^Fp, Hh, Hh, Gll^Fp, Gll^Fp, Gll^Fp, Gll^Fp, Gll^Fp, Gg, Gg, Gg, Gg^Efm, Ww, Wwf, Hh, Mm, Mm, Mm^Xm, Mm, Mm^Xm, Mm^Xm, Mm, Mm, Gs, Gs, Mm, Hh, Mm, Hh^Fp, Hh^Fp, Hh, Hh, Hh, Hh, Gg, Rp, Rp, Mm, Mm, Hh, Mm, Hh, Hh
Gd, Gg, Gs^Es, Gs, Gs, Hh, Mm, Hh, Hh, Hh, Hh^Fp, Hh, Hh^Fds, Gll^Fp, Gll^Fp, Gg^Em, Gll^Fp, Gll^Fp, Gg, Gs, Gg^Efm, Wwf, Gg, Ss, Hh, Mm, Mm, Mm^Xm, Hhd^Fmw, Mm, Mm^Xm, Mm, Mm, Hh^Fds, Gg, Gs, Hh, Mm, Mm^Xm, Mm, Mm^Xm, Mm^Xm, Hh, Hh, Gg, Hh, Ch, 3 Kh, Mm, Mm, Hh^Fp, Hh, Gs
Gd, Gg, Gs, Gg, Gg^Es, Hh^Fp, Hh, Mm, Hh, Hh, Hh^Fds, Hh^Fds, Gs^Fds, Hh^Fp, Gs^Fds, Gll^Fp, Gg, Gs^Fds, Gg, Gg, Gg, Ww, Gg, Gg^Efm, Mm, Mm, Mm, Mm, Mm, Mm, Mm^Xm, Mm, Mm, Hh, Gs, Gs^Es, Mm, Hh^Fp, Mm^Xm, Mm^Xm, Mm, Hh^Fp, Gs, Gg, Hh, Hh, Rp, Ch, Mm, Mm, Hh, Gs, Gs
Gd, Gg, Gd, Gll^Fp, Gs, Hh, Mm, Hh, Gll^Fp, Gll^Fp, Gll^Fp, Hh, Hh^Fds, Hh^Fp, Hh, Gs^Fds, Gs^Fds, Gs^Fds, Gll^Fp, Gs, Gg, Ww, Ww, Gg, Hh^Fp, Hh^Fp, Mm, Mm, Mm, Mm^Xm, Mm, Mm, Gs, Gs, Hh^Vhhr, Mm, Mm^Xm, Mm^Xm, Hh^Fms, Mm, Mm, Hh, Gs, Hh, Gs, Gs, Hh, Rp, Rb, Gg, Rb, Gs, Rb
Gd, Gg, Gg, Gs, Gg, Gll^Fp, Hh, Hh, Gll^Fp, Gll^Fp, Gll^Fp, Gg, Gs, Hh, Gg^Efm, Gs^Fms, Gll^Fp, Gs, Gg, Gg, Hh, Hh^Fp, Ww, Gg, Gg^Efm, Mm, Mm, Mm, Mm, Mm, Hh^Fp, Hh, Gs, Gs, Mm, Mm^Xm, Mm, Mm, Mm, Mm, Mm, Mm, Gs, Gs, Hh, Mm, Mm, Hh, Rb, Rb, Gs, Rb, Gs
Gg, Gd, Gs, Gg, Gs, Gs, Hh, Hh^Fp, Ke, Gll^Fp, Gll^Fp, Gg, Gg, Gll^Fp, Gg, Gll^Fp, Gg, Gs, Gs, Gg, Gg, Hh, Ww, Gg, Gg, Hh, Mm, Mm, Hh^Vhh, Mm, Gs, Gs, Mm, Mm, Mm, Mm^Xm, Hh, Hh^Fms, Gg^Efm, Mm, Mm, Mm, Mm, Gs, Mm, Mm, Hh^Fp, Hh, Rb, Gs, Gg, Gs, Gg
Rb, Gg, Gg, Gg, Gs, Gs^Es, Gg, Ce, Ce, Ce, Gs, Gs, Gs, Gg, Gg, Gg, Gs, Gs, Gg, Gg, Ww, Ww, Gg, Gg, Gs, Hh, Hh, Mm, Hh, Mm, Mm, Mm, Mm, Mm, Hh, Hh^Fp, Gg, Gg, Gs, Mm, Mm, Mm, Mm, Mm, Hh, Hh, Rb, Rb, Hh, Gs^Es, Gs, Gg, Gg
Gg, Rb, 1 Rb, Gg, Gs, Gg, Gs, Gll^Fp, Gll^Fp, Gll^Fp, Gs^Fds, Gll^Fp, Gs, Gs, Gs, Gll^Fp, Gll^Fp, Gg, Gg, Gg, Ww, Gg, Gg, Gg, Gg, Gg, Gg, Gs, Hh^Fp, Mm, Mm, Ms, Mm, Mm, Gg, Gg, Rb, Rb, Rb, Hh, Hh^Fp, Mm, Mm, Mm, Rb, Rb, Gs, Gs, Gg, Gs, Gg, Gg, Ss
Gg, Gg, 5 Gg, Rb, Rb, Gs, Gs, Gll^Fp, Gs^Fds, Gll^Fp, Gll^Fp, Gs, Gs, Gs, Gg, Gg, Gg, Gg, Rb, Rb, Wwf, Gg, Gs^Fds, Ss, Rb, Rb, Rb, Gg, Hh, Mm, Mm, Mm, Hh, Hh, Rb, Rb, Gs, Hh, Hh, Rb, Rb, Rb, Rb, Rb, Gg, Gs, Hh, Gg, Gg, Gg, Gg, Ss, Gg
Gs, Gg, Gs, Gg, Gg, Rb, Rb, Gs, Gg, Gll^Fp, Gg, Gg, Gg, Gg, Gs, Gll^Fp, Rb, Rb, Gg, Gg^Vh, Ww, Rb, Rb, Rb, Gg, Ss, Gg, Rb, Rb, Hh, Rb, Hh, Rb, Rb, Mm, Mm, Hh^Fp, Gs, Mm, Gs, Mm, Mm, Gs, Hh, Hh, Gg, Gg, Gg, Rb^Gvs, Gg^Vh, Gg, Gg, Ss
Gg, Gs^Edpp, Gs, Gg, Gs, Gs, Gs, Rb, Rb, Gs, Rb, Rb, Rb, Rb, Rb, Rb, Gg, Gg, Gg^Efm, Gg, Ww, Gg, Gg, Gg, Gg, Gg, Gg, Gs, Gg, Rb, Gs, Rb, Rb, Rb, Gs, Mm, Hh, Mm, Mm, Mm, Hh^Fp, Hh, Hh, Gs, Gg, Hh, Rb^Gvs, Rb^Gvs, Rb^Gvs, Gg, Ss, Ds, Ww
Gd, Gs^Es, Gg, Gd, Gd, Gs, Gg, Gs, Gg, Rb, Gg^Efm, Gg, Gll^Fp, Gll^Fp, Gg, Gll^Fp, Gg^Efm, Gg, Ww, Ww, Ww, Gg^Efm, Ss, Ss, Gg, Ss, Gg, Gg, Gg, Gg, Gg, Gs, Rb, Gg, Gs, Gs, Gg, Hh, Hh, Hh^Fp, Gs, Gs, Gg, Gg, Gg, Gg, Sm^Gvs, Rb^Gvs, Rb^Gvs, Ww, Ww, Ww, Wo
Gg, Gd, Gg, Gd, Gg, Gg, Gg, Gg, Gg, Gg, Gg, Gg, Gg, Gg, Ss, Ss, Gg, Ww, Ss, Sm, Ss, Ww, Ds, Ss, Gg, Ss, Gg, Gg, Gg, Gg, Gs, Rb, Gg, Gg, Gg, Gg, Gg, Hh, Hh, Gg, Gg, Gg, Gg, Gg, Gg, Gg, Ss, Sm, Ww, Ww, Ww, Wo, Wo
