border_size=1
usage=map

Uu, Uu, Uu, Uu, Uu, Uu, Uu, Uu, Uu, Uu, Uu, Uu, Uu, Uu, Uu, Uu, Uu, Uu, Uu, Uu, Uu, Uu, Uu, Uu, Uu, Uu, Uu, Uu, Uu, Uu, Uu, Uu, Uu, Uu, Uu, Uu, Uu, Uu, Uu, Uu, Uu, Uu, Uu, Uu, Uu, Uu, Uu, Uu, Uu, Uu, Uu, Uu, Uu, Uu, Uu, Uu, Uu, Uu, Uu, Uu, Uu, Uu, Uu, Uu, Uu, Uu, Uu, Uu, Uu, Uu, Uu, Uu, Uu, Uu, Uu, Uu, Uu, Uu, Uu, Uu, Uu, Uu, Uu, Uu, Uu, Uu, Uu, Uu, Uu, Uu, Uu, Uu, Uu, Uu, Uu, Uu, Uu, Uu, Uu, Uu, Uu, Uu, Uu, Uu, Uu, Uu, Uu, Uu, Uu, Uu, Uu, Uu, Uu, Uu
Uu, Uu, Uu, Uu, Uu, Uu, Uu, Uu, Uu, Uu, Uu, Uu, Uu, Uu, Uu, Uu, Uu, Uu, Uu, Uu, Uu, Uu, Uu, Uu, Uu, Uu, Uu, Uu, Uu, Uu, Uu, Uu, Uu, Uu, Uu, Uu, Uu, Uu, Uu, Uu, Uu, Uu, Uu, Uu, Uu, Uu, Uu, Uu, Uu, Uu, Uu, Uu, Uu, Uu, Uu, Uu, Uu, Uu, Uu, Uu, Uu, Uu, Uu, Uu, Uu, Uu, Uu, Uu, Uu, Uu, Uu, Uu, Uu, Uu, Uu, Uu, Uu, Uu, Uu, Uu, Uu, Uu, Uu, Uu, Uu, Uu, Uu, Uu, Uu, Uu, Uu, Uu, Uu, Uu, Uu, Uu, Uu, Uu, Uu, Uu, Uu, Uu, Uu, Uu, Uu, Uu, Uu, Uu, Uu, Uu, Uu, Uu, Uu, Uu
Uu, Uu, Uu, Uu, Uu, Uu, Uu, Uu, Uu, Uu, Uu, Uu, Uu, Uu, Uu, Uu, Uu, Uu, Uu, Uu, Uu, Uu, Uu, Uu, Uu, Uu, Uu, Uu, Uu, Uu, Uu, Uu, Uu, Uu, Uu, Uu, Uu, Uu, Uu, Uu, Uu, Uu, Uu, Uu, Uu, Uu, Uu, Uu, Uu, Uu, Uu, Uu, Uu, Uu, Uu, Uu, Uu, Uu, Uu, Uu, Uu, Uu, Uu, Uu, Uu, Uu, Hhd, Hhd, Hhd, Gd, Hhd, Hhd, Hhd, Gg, Gs, Hhd, Gs, Gs, Gs, Gs, Gs^Es, Gs, Gs, Hh, Gs, Gs, Rp, Rr, Rr, Rp, Gg, Gs, Gs, Gs, Gs, Gs, Gs, Gs, Gs, Gs, Gg, Gg, Hh, Gg, Gg, Gg, Ww, Ww, Hh, Gg, Uu, Uu, Uu, Uu
Uu, Uu, Uu, Uu, Uu, Uu, Uu, Uu, Uu, Uu, Uu, Uu, Uu, Uu, Uu, Uu, Uu, Uu, Uu, Uu, Uu, Uu, Uu, Uu, Uu, Uu, Uu, Uu, Uu, Uu, Uu, Uu, Uu, Uu, Uu, Uu, Uu, Uu, Uu, Uu, Uu, Uu, Uu, Uu, Uu, Uu, Uu, Uu, Uu, Uu, Uu, Uu, Uu, Uu, Uu, Uu, Uu, Uu, Uu, Uu, Uu, Uu, Uu, Uu, Uu, Uu, Gd, Gs, Gs, Gd^Es, Gd, Hhd, Gd, Gs, Gs, Gg, Gs, Gs, Gs, Gs, Gs, Gs, Gs, Gs, Gs, Gs, Rr, Rr, Gg, Gg, Gg, Gs, Gs, Gs, Gs, Hh, Gs^Es, Gs, Gs, Gg, Hh, Gg, Gg, Hh, Gg, Gg, Wo, Hh, Mm, Mm, Uu, Uu, Uu, Uu
Uu, Uu, Uu, Uu, Uu, Uu, Uu, Uu, Uu, Uu, Uu, Uu, Uu, Uu, Uu, Uu, Uu, Uu, Uu, Uu, Uu, Uu, Uu, Uu, Uu, Uu, Uu, Uu, Uu, Uu, Uu, Uu, Uu, Uu, Uu, Uu, Uu, Uu, Uu, Uu, Uu, Uu, Uu, Uu, Uu, Uu, Uu, Uu, Uu, Uu, Uu, Uu, Uu, Uu, Uu, Uu, Uu, Uu, Uu, Uu, Uu, Uu, Uu, Uu, Uu, Uu, Gd^Es, Gd, Gd, Hhd, Gd, Hhd, Gs, Gd, Gd, Gd, Gd, Gs, Gs, Gs, Gs, Gs, Gs, Gs, Gs, Gg, Rr, Rr, Gg, Gg, Hh, Hh, Gs, Gs, Gs, Gs, Gs, Gs, Gg, Gg, Gg, Gg, Gg, Gg, Ww, Wog, Gg, Gg, Hh, Hh, Uu, Uu, Uu, Uu
Uu, Uu, Uu, Uu, Uu, Uu, Uu, Uu, Uu, Uu, Uu, Uu, Uu, Uu, Uu, Uu, Uu, Uu, Uu, Uu, Uu, Uu, Uu, Uu, Uu, Uu, Uu, Uu, Uu, Uu, Uu, Uu, Uu, Uu, Uu, Uu, Uu, Uu, Uu, Uu, Uu, Uu, Uu, Uu, Uu, Uu, Uu, Uu, Uu, Uu, Uu, Uu, Uu, Uu, Uu, Uu, Uu, Uu, Uu, Uu, Uu, Uu, Uu, Uu, Uu, Uu, Hhd, Gd, Gd, Gd, Gd, Hhd, Gg, Gs, Gg, Gd, Hhd, Rb, Gs, Gs, Gs, Gs, Gs, Gs, Rp, Rr, Rr, Rp, Gg, Hh, Rb^Gvs, Gg, Gg, Gs, Gg, Gs, Gs, Gs, Gg, Gg, Ss, Gg, Gg, Gg, Wo, Gg, Gg, Gg, Gg, Gg, Uu, Uu, Uu, Uu
Uu, Uu, Uu, Uu, Uu, Uu, Uu, Uu, Uu, Uu, Uu, Uu, Uu, Uu, Uu, Uu, Uu, Uu, Uu, Uu, Uu, Uu, Uu, Uu, Uu, Uu, Uu, Uu, Uu, Uu, Uu, Uu, Uu, Uu, Uu, Uu, Uu, Uu, Uu, Uu, Uu, Uu, Uu, Uu, Uu, Uu, Uu, Uu, Uu, Uu, Uu, Uu, Uu, Uu, Uu, Uu, Uu, Uu, Uu, Uu, Uu, Uu, Uu, Uu, Uu, Uu, Hhd, Hhd, Ke, Ce, Ce, Gg, Gd, Gd, Gd, Gd, Gs, Gs, Gs, Gs, Gs, Gs, Gg, Gg, Rr, Rr, Gg, Gg, Gg, Gs^Vh, Rb^Gvs, Rb^Gvs, Gg, Gs, Gg, Gs, Gg, Gg, Gg, Gg, Gg, Gg, Gg, Gg, Ww, Gg, Gg, Gg^Efm, Gg, Gg, Uu, Uu, Uu, Uu
Uu, Uu, Uu, Uu, Uu, Uu, Uu, Uu, Uu, Uu, Uu, Uu, Uu, Uu, Uu, Uu, Uu, Uu, Uu, Uu, Uu, Uu, Uu, Uu, Uu, Uu, Uu, Uu, Uu, Uu, Uu, Uu, Uu, Uu, Uu, Uu, Uu, Uu, Uu, Uu, Uu, Uu, Uu, Uu, Uu, Uu, Uu, Uu, Uu, Uu, Uu, Uu, Uu, Uu, Uu, Uu, Uu, Uu, Uu, Uu, Uu, Uu, Uu, Uu, Uu, Uu, Hhd, Hhd, Hhd, Ce, Gg, Gd, Gg, Gd, Gd, Gd, Gs, Gs, Gs, Hh, Gs, Gg, Gg, Rp, Rr, Rr, Gg, Gg, Hh, Hh, Gg, Rb^Gvs, Gg, Gg, Gg, Gg, Gg, Gg, Ss, Gg, Gg, Ss, Sm, Ss, Ww, Gg, Ss, Ss, Gg, Gg, Uu, Uu, Uu, Uu
Uu, Uu, Uu, Uu, Uu, Uu, Uu, Uu, Uu, Uu, Uu, Uu, Uu, Uu, Uu, Uu, Uu, Uu, Uu, Uu, Uu, Uu, Uu, Uu, Uu, Uu, Uu, Uu, Uu, Uu, Uu, Uu, Uu, Uu, Uu, Uu, Uu, Uu, Uu, Uu, Uu, Uu, Uu, Uu, Uu, Uu, Uu, Uu, Uu, Uu, Uu, Uu, Uu, Uu, Uu, Uu, Uu, Uu, Uu, Uu, Uu, Uu, Uu, Uu, Uu, Uu, Hh, Hh, Hh, Hh, Hh, Gg, Gg, Gg, Gg, Gg, Gg, Gs, Gs, Gs, Hh, Gs, Rp, Rr, Rp, Gg, Gg, Hh, Gg, Gg, Gg, Gg, Wo, Gg, Wo, Gg, Gg^Efm, Gg, Gg, Gg, Gg, Gg, Ww, Ww, Ww, Gg, Gg, Ss, Ss, Gg, Uu, Uu, Uu, Uu
Uu, Uu, Uu, Uu, Uu, Uu, Uu, Uu, Uu, Uu, Uu, Uu, Uu, Uu, Uu, Uu, Uu, Uu, Uu, Uu, Uu, Uu, Uu, Uu, Uu, Uu, Uu, Uu, Uu, Uu, Uu, Uu, Uu, Uu, Uu, Uu, Uu, Uu, Uu, Uu, Uu, Uu, Uu, Uu, Uu, Uu, Uu, Uu, Uu, Uu, Uu, Uu, Uu, Uu, Uu, Uu, Uu, Uu, Uu, Uu, Uu, Uu, Uu, Uu, Uu, Uu, Mm, Hh, Mm, Mm, Mm, Hh, Hh, Gg, Hh, Gg, Gg, Gg, Gg, Gg, Gg, Hh, Rr, Rr, Gg, Gg, Gg, Hh, Ss, Gg, Wwf, Ww, Hh, Wo, Hh, Ww, Ww, Ww, Ww, Ww, Ww, Wo, Gg, Gg, Wwf, Ds, Gg, Sm, Ss, Gg, Uu, Uu, Uu, Uu
Uu, Uu, Uu, Uu, Uu, Uu, Uu, Uu, Uu, Uu, Uu, Uu, Uu, Uu, Uu, Uu, Uu, Uu, Uu, Uu, Uu, Uu, Uu, Uu, Uu, Uu, Uu, Uu, Uu, Uu, Uu, Uu, Uu, Uu, Uu, Uu, Uu, Uu, Uu, Uu, Uu, Uu, Uu, Uu, Uu, Uu, Uu, Uu, Uu, Uu, Uu, Uu, Uu, Uu, Uu, Uu, Uu, Uu, Uu, Uu, Uu, Uu, Uu, Uu, Uu, Uu, Mm, Mm, Mm, Ms, Mm, Mm, Mm, Mm, Mm, Hh, Hh, Gg, Gg, Gg, Gg, Gg, Rr, Rr, Hh, Gs, Gg, Gg, Gg, Ss, Ss, Ww, Ss, Ss, Gg, Hh, Ss, Ww, Gg, Gg, Ds, Gg, Ss, Gg, Gg, Ww, Gg, Ss, Ss, Ss, Uu, Uu, Uu, Uu
Uu, Uu, Uu, Uu, Uu, Uu, Uu, Uu, Uu, Uu, Uu, Uu, Uu, Uu, Uu, Uu, Uu, Uu, Uu, Uu, Uu, Uu, Uu, Uu, Uu, Uu, Uu, Uu, Uu, Uu, Uu, Uu, Uu, Uu, Uu, Uu, Uu, Uu, Uu, Uu, Uu, Uu, Uu, Uu, Uu, Uu, Uu, Uu, Uu, Uu, Uu, Uu, Uu, Uu, Uu, Uu, Uu, Uu, Uu, Uu, Uu, Uu, Uu, Uu, Uu, Uu, Wo, Mm, Hh, Wo, Gg, Mm, Mm, Mm, Mm, Mm, Mm, Hh, Hh^Vhh, Hh, Gg, Gg, Rr, Rr, Gg, Hh, Hh, Gg, Gg, Ss, Ss, Wo, Ww, Ss, Ww, Gg, Gg, Ss, Gg, Ss, Gg, Ss, Ss, Ss, Gg, Ww, Gg, Ss, Ss, Ss, Uu, Uu, Uu, Uu
Uu, Uu, Uu, Uu, Uu, Uu, Uu, Uu, Uu, Uu, Uu, Uu, Uu, Uu, Uu, Uu, Uu, Uu, Uu, Uu, Uu, Uu, Uu, Uu, Uu, Uu, Uu, Uu, Uu, Uu, Uu, Uu, Uu, Uu, Uu, Uu, Uu, Uu, Uu, Uu, Uu, Uu, Uu, Uu, Uu, Uu, Uu, Uu, Uu, Uu, Uu, Uu, Uu, Uu, Uu, Uu, Uu, Uu, Uu, Uu, Uu, Uu, Uu, Uu, Uu, Uu, Ww, Wo, Wo, Wo, Ww, Gg, Gg, Mm, Mm, Mm, Mm, Mm, Mm, Gg, Gg, Hh, Rr, Rr, Gg, Gs, Hh, Hh, Gg, Gg, Gg^Efm, Gg, Ss, Ww, Ww, Wwf, Ww, Gg, Ss, Ss, Gg, Ss, Ss, Ss, Gg, Wo, Ww, Ss, Gg, Gg, Uu, Uu, Uu, Uu
Uu, Uu, Uu, Uu, Uu, Uu, Uu, Uu, Uu, Uu, Uu, Uu, Uu, Uu, Uu, Uu, Uu, Uu, Uu, Uu, Uu, Uu, Uu, Uu, Uu, Uu, Uu, Uu, Uu, Uu, Uu, Uu, Uu, Uu, Uu, Uu, Uu, Uu, Uu, Uu, Uu, Uu, Uu, Uu, Uu, Uu, Uu, Uu, Uu, Uu, Uu, Uu, Uu, Uu, Uu, Uu, Uu, Uu, Uu, Uu, Uu, Uu, Uu, Uu, Uu, Uu, Gg, Ww, Gg, Ww, Ww, Wo, Ww, Ww, Ww, Ss, Mm, Mm, Hh, Hh, Ch, Gg, Rrc, Rrc, Gg, Gg, Hh^Vhh, Hh, Gg, Gg, Gg, Gg, Gg, Ss, Gg, Ww, Ww, Gg, Gg, Gg, Gg^Efm, Ss, Sm, Ss, Ss, Ss, Wwf, Ss, Ss, Gg, Uu, Uu, Uu, Uu
Uu, Uu, Uu, Uu, Uu, Uu, Uu, Uu, Uu, Uu, Uu, Uu, Uu, Uu, Uu, Uu, Uu, Uu, Uu, Uu, Uu, Uu, Uu, Uu, Uu, Uu, Uu, Uu, Uu, Uu, Uu, Uu, Uu, Uu, Uu, Uu, Uu, Uu, Uu, Uu, Uu, Uu, Uu, Uu, Uu, Uu, Uu, Uu, Uu, Uu, Uu, Uu, Uu, Uu, Uu, Uu, Uu, Uu, Uu, Uu, Uu, Uu, Uu, Uu, Uu, Uu, Mm, Mm, Mm, Ss, Mm, Gg, Gg, Wo, Ww, Ww, Wo, Wo, Ww, Ww, Wo, Ch, Rrc, Rrc, Ww, Gg, Hh, Gg, Gg, Gg, Hh, Hh, Gg, Ss, Ss, Gg, Ww, Wwf, Gg, Gg, Gg, Ss, Ss, Ss, Ss, Ds, Ww, Sm, Ss, Gg, Uu, Uu, Uu, Uu
Uu, Uu, Uu, Uu, Uu, Uu, Uu, Uu, Uu, Uu, Uu, Uu, Uu, Uu, Uu, Uu, Uu, Uu, Uu, Uu, Uu, Uu, Uu, Uu, Uu, Uu, Uu, Uu, Uu, Uu, Uu, Uu, Uu, Uu, Uu, Uu, Uu, Uu, Uu, Uu, Uu, Uu, Uu, Uu, Uu, Uu, Uu, Uu, Uu, Uu, Uu, Uu, Uu, Uu, Uu, Uu, Uu, Uu, Uu, Uu, Uu, Uu, Uu, Uu, Uu, Uu, Mm, Mm, Mm, Mm, Mm, Mm, Mm, Mm, Mm, Wo, Mm, Wo, Wo, Ww, Ww, Ww, Ww^Bsb|, Ww^Bsb|, Ch, Ww, Wo, Hh, Hh, Hh, Hh, Gg, Gg, Gg, Gg, Gs^Vc, Gg, Wwf, Gg, Gg, Ss, Gg, Ss, Ss, Ss, Ss, Wo, Gg, Gg, Ss, Uu, Uu, Uu, Uu
Uu, Uu, Uu, Uu, Uu, Uu, Uu, Uu, Uu, Uu, Uu, Uu, Uu, Uu, Uu, Uu, Uu, Uu, Uu, Uu, Uu, Uu, Uu, Uu, Uu, Uu, Uu, Uu, Uu, Uu, Uu, Uu, Uu, Uu, Uu, Uu, Uu, Uu, Uu, Uu, Uu, Uu, Uu, Uu, Uu, Uu, Uu, Uu, Uu, Uu, Uu, Uu, Uu, Uu, Uu, Uu, Uu, Uu, Uu, Uu, Uu, Uu, Uu, Uu, Uu, Uu, Hhd, Mm, Hhd, Mm, Hhd, Mm, Mm, Mm, Mm, Mm, Mm, Hh, Hh, Ww, Ch, Wo, Ww^Bsb|, Ww^Bsb|, Wo, Ch, Ww, Hh, Hh, Hh, Ww, Ww, Ww, Ww, Ww, Wwf, Wwf, Ww, Gg, Gg, Gg, Gg, Gg, Ss, Ss, Ss, Gg, Ww, Ss, Gg, Uu, Uu, Uu, Uu
Uu, Uu, Uu, Uu, Uu, Uu, Uu, Uu, Uu, Uu, Uu, Uu, Uu, Uu, Uu, Uu, Uu, Uu, Uu, Uu, Uu, Uu, Uu, Uu, Uu, Uu, Uu, Uu, Uu, Uu, Uu, Uu, Uu, Uu, Uu, Uu, Uu, Uu, Uu, Uu, Uu, Uu, Uu, Uu, Uu, Uu, Uu, Uu, Uu, Uu, Uu, Uu, Uu, Uu, Uu, Uu, Uu, Uu, Uu, Uu, Uu, Uu, Uu, Uu, Uu, Uu, Gg, Hhd, Gg, Hhd, Gg, Hhd, Hhd, Mm, Mm, Mm, Mm, Mm, Hh^Vhh, Gg, Gg, Ch, Rrc, Ww^Bsb|, Ww, Wo, Ww, Ss, Ww, Ww, Ww, Ww, Ww, Ww, Ww, Wwf, Wo, Ww, Ww, Ww, Ww, Gg, Gg, Gs^Vc, Gg, Gg, Ds, Wwf, Gg, Ss, Uu, Uu, Uu, Uu
Uu, Uu, Uu, Uu, Uu, Uu, Uu, Uu, Uu, Uu, Uu, Uu, Uu, Uu, Uu, Uu, Uu, Uu, Uu, Uu, Uu, Uu, Uu, Uu, Uu, Uu, Uu, Uu, Uu, Uu, Uu, Uu, Uu, Uu, Uu, Uu, Uu, Uu, Uu, Uu, Uu, Uu, Uu, Uu, Uu, Uu, Uu, Uu, Uu, Uu, Uu, Uu, Uu, Uu, Uu, Uu, Uu, Uu, Uu, Uu, Uu, Uu, Uu, Uu, Uu, Uu, Gd^Es, Gd, Gd, Gg, Gd, Gg, Hhd, Mm, Hhd, Mm, Mm, Mm, Hh, Hh, Gg, Gg, Rrc, Rrc, Ch, Wo, Wo, Ww, Wo, Ww, Ww, Ww, Wo, Wo, Wo, Wwf, Ww, Wo, Wo, Ww, Ww, Ds, Ds, Gg, Ds, Gg, Ww, Ww, Gg^Efm, Gg, Uu, Uu, Uu, Uu
Uu, Uu, Uu, Uu, Uu, Uu, Uu, Uu, Uu, Uu, Uu, Uu, Uu, Uu, Uu, Uu, Uu, Uu, Uu, Uu, Uu, Uu, Uu, Uu, Uu, Uu, Uu, Uu, Uu, Uu, Uu, Uu, Uu, Uu, Uu, Uu, Uu, Uu, Uu, Uu, Uu, Uu, Uu, Uu, Uu, Uu, Uu, Uu, Uu, Uu, Uu, Uu, Uu, Uu, Uu, Uu, Uu, Uu, Uu, Uu, Uu, Uu, Uu, Uu, Uu, Uu, Gd^Es, Gd^Es, Gd, Gd, Gd, Gd, Gd, Hhd, Hhd, Hhd, Gs, Gg, Gg, Gg, Gg, Gg, Rrc, Rrc, Ch, Kh, Ch, Ww, Ww, Wo, Wo, Wo, Wo, Wo, Wog, Wo, Wo, Ww, Wo, Wo, Wo, Ww, Ww, Gg, Wwf, Wwf, Ww, Gg, Ss, Gg, Uu, Uu, Uu, Uu
Uu, Uu, Uu, Uu, Uu, Uu, Uu, Uu, Uu, Uu, Uu, Uu, Uu, Uu, Uu, Uu, Uu, Uu, Uu, Uu, Uu, Uu, Uu, Uu, Uu, Uu, Uu, Uu, Uu, Uu, Uu, Uu, Uu, Uu, Uu, Uu, Uu, Uu, Uu, Uu, Uu, Uu, Uu, Uu, Uu, Uu, Uu, Uu, Uu, Uu, Uu, Uu, Uu, Uu, Uu, Uu, Uu, Uu, Uu, Uu, Uu, Uu, Uu, Uu, Uu, Uu, Gd^Es, Gd, Gd, Gs, Gs, Gd^Es, Gd, Gs, Hhd, Hhd, Gg, Gs, Gg, Gg, Gg, Gg, Rr, Rrc, Gg, Ch, Wo, Wo, Ww, Ww, Ww, Wo, Wo, Wo, Wog, Wog, Wo, Wo, Wo, Ww, Ww, Ww, Ww, Ww, Wwf, Ww, Wo, Gg, Gg, Ss, Uu, Uu, Uu, Uu
Uu, Uu, Uu, Uu, Uu, Uu, Uu, Uu, Uu, Uu, Uu, Uu, Uu, Uu, Uu, Uu, Uu, Uu, Uu, Uu, Uu, Uu, Uu, Uu, Uu, Uu, Uu, Uu, Uu, Uu, Uu, Uu, Uu, Uu, Uu, Uu, Uu, Uu, Uu, Uu, Uu, Uu, Uu, Uu, Uu, Uu, Uu, Uu, Uu, Uu, Uu, Uu, Uu, Uu, Uu, Uu, Uu, Uu, Uu, Uu, Uu, Uu, Uu, Uu, Uu, Uu, Gd, Gd, Rd, Gs, Gd^Es, Gs, Gs, Hhd, Gd, Gd, Gs, Gs, Gs, Gs, Gs, Gg, Rr, Rr, Gg, Ww, Hh, Mm, Ww, Ww, Ww, Ww, Ww, Wo, Wo, Wog, Wog, Wo, Gs^Vc, Gg, Wo, Wo, Wo, Ww, Ww, Ww, Ds, Gg, Gg, Gg, Uu, Uu, Uu, Uu
Uu, Uu, Uu, Uu, Uu, Uu, Uu, Uu, Uu, Uu, Uu, Uu, Uu, Uu, Uu, Uu, Uu, Uu, Uu, Uu, Uu, Uu, Uu, Uu, Uu, Uu, Uu, Uu, Uu, Uu, Uu, Uu, Uu, Uu, Uu, Uu, Uu, Uu, Uu, Uu, Uu, Uu, Uu, Uu, Uu, Uu, Uu, Uu, Uu, Uu, Uu, Uu, Uu, Uu, Uu, Uu, Uu, Uu, Uu, Uu, Uu, Uu, Uu, Uu, Uu, Uu, Gd^Edpp, Gd, Gd, Gd, Gd, Gd, Gs, Gs, Gs, Gd, Gg, Gs, Gg, Rb, Gg, Gs, Rr, Rr, Hh, Hh^Vhh, Mm, Mm, Ww, Ww, Ww, Ww, Ww, Wo, Wo, Wog, Wo, Wo, Ww, Ww, Wo, Ww, Wo, Ww, Wo, Ww, Ww, Ds, Gg, Gg^Efm, Uu, Uu, Uu, Uu
Uu, Uu, Uu, Uu, Uu, Uu, Uu, Uu, Uu, Uu, Uu, Uu, Uu, Uu, Uu, Uu, Uu, Uu, Uu, Uu, Uu, Uu, Uu, Uu, Uu, Uu, Uu, Uu, Uu, Uu, Uu, Uu, Uu, Uu, Uu, Uu, Uu, Uu, Uu, Uu, Md, Uu, Hhd, Uu, Gd, Uu, Md, Uu, Hhd, Uu, Gd, Uu, Hhd, Uu, Gd, Uu, Gd, Uu, Gd, Uu, Md, Uu, Hhd, Uu, Re, Uu, Gd^Edpp, Gd, Gd, Gs, Gd, Gd, Re, Gd, Gs, Gs, Gg, Gs, Gg, Gg, Rp, Gs, Rr, Rr, Hh, Mm, Hh, Mm, Mm, Ww, Ww, Ww, Ww, Wo, Ww, Wo, Wog, Wo, Ww, Wo, Wo, Wog, Wog, Wo, Wo, Wo, Wo, Ww, Hh, Gg, Uu, Uu, Uu, Uu
Uu, Uu, Uu, Uu, Uu, Uu, Uu, Uu, Uu, Uu, Uu, Uu, Uu, Uu, Uu, Uu, Uu, Uu, Uu, Uu, Uu, Uu, Uu, Uu, Uu, Uu, Uu, Uu, Uu, Uu, Uu, Uu, Uu, Uu, Uu, Uu, Uu, Uu, Uu, Gd, Hhd, Md, Hhd, Gd, Hhd, Hhd, Md, Md, Hhd, Gd, Gs, Hhd, Md, Hhd, Gd, Gs, Gs, Gd, Hhd, Hhd, Md, Md, Hhd, Gd, Re, Gd, Gd, Gd, Gd^Edpp, Gs, Gd, Rd, Rd, Gd^Vhr, Gd^Es, Gg, Gd, Gs, Gd, Gg, Rr, Rr, Hh, Gg, Hh, Hh, Hh, Hh, Hh, Ww, Ww, Ww, Ww, Wo, Ww, Wo, Wo, Wo, Wo, Wo, Wo, Wog, Wog, Wo, Ww, Ww, Wo, Wo, Wo, Wo, Uu, Uu, Uu, Uu
Uu, Uu, Uu, Uu, Uu, Uu, Uu, Uu, Uu, Uu, Uu, Uu, Uu, Uu, Uu, Uu, Uu, Uu, Uu, Uu, Uu, Uu, Uu, Uu, Uu, Uu, Uu, Uu, Uu, Uu, Uu, Uu, Uu, Uu, Uu, Uu, Uu, Uu, Uu, Gd, Hhd, Md, Hhd, Hhd, Md, Md, Hhd, Hhd, Hhd, Gs, Hh, Hhd, Hhd, Gd, Gd, Gs, Gd, Hhd, Md, Hhd, Gd, Hhd, Gd, Gd, Gd, Rd, Rd, Gd, Gd, Gd, Gs, Rd, Gs, Gd, Gd, Gd, Gs, Rd, Re, Gd, Rr, Rr, Gg, Hh, Hh, Hh, Hh, Ww, Ww, Ww, Wo, Wo, Ww, Ww, Wo, Wo, Ww, Wo, Ww, Wo, Ww, Wo, Wo, Wo, Wo, Ww, Wo, Wo, Wo, Wo, Uu, Uu, Uu, Uu
Uu, Uu, Uu, Uu, Uu, Uu, Uu, Uu, Uu, Uu, Uu, Uu, Uu, Uu, Uu, Uu, Uu, Uu, Uu, Uu, Uu, Uu, Uu, Uu, Uu, Uu, Uu, Uu, Uu, Uu, Uu, Uu, Uu, Uu, Uu, Uu, Uu, Uu, Uu, Hhd, Hhd, Hhd, Ke, Hhd, Gd, Hhd, Gd, Hhd, Gd, Md, Hhd, Hhd, Gd, Hhd, Md, Hhd, Rd, Hhd, Hhd, Md, Hhd, Hh, Hhd, Gd, Gd, Gd, Gg, Re, Rd, Gd, Gd^Dr, Gd^Es, Gd, Gs, Gd, Gs, Gs, Rd, Rd, Gs^Vh, Rr, Rr, Gg, Hh, Hh, Hh, Ww, Wo, Wo, Wo, Wo, Wo, Wo, Ww, Wo, Ww, Ww, Ww, Ww, Ww, Ww, Wo, Wo, Ww, Wo, Ww, Ww, Ww, Gg, Hh, Uu, Uu, Uu, Uu
Uu, Uu, Uu, Uu, Uu, Uu, Uu, Uu, Uu, Uu, Uu, Uu, Uu, Uu, Uu, Uu, Uu, Uu, Uu, Uu, Uu, Uu, Uu, Uu, Uu, Uu, Uu, Uu, Uu, Uu, Uu, Uu, Uu, Uu, Uu, Uu, Uu, Uu, Uu, Gd, Gd, Gd, Ce, Ce, Hhd, Hhd, Gs, Gs, Gd, Hhd, Gd, Gs, Gd, Hhd, Gs, Gd, Gd^Vhr, Rb^Gvs, Hhd, Md, Md, Hhd, Hh, Gd, Hhd, Gg, Hhd, Hhd, Hhd, Rd, Re, Gd, Gd, Gs^Es, Gs, Gs, Gg, Gd, Gs, Gg, Rr, Rr, Gg, Gg, Ww, Ww, Ww, Ww, Wo, Wo, Ww, Mm, Ww, Wo, Ww, Ww, Ww, Ww, Ww, Ww, Ww, Ww, Ww, Ww, Wo, Ww, Ww, Ww, Hh, Hh, Uu, Uu, Uu, Uu
Uu, Uu, Uu, Uu, Uu, Uu, Uu, Uu, Uu, Uu, Uu, Uu, Uu, Uu, Uu, Uu, Uu, Uu, Uu, Uu, Uu, Uu, Uu, Uu, Uu, Uu, Uu, Uu, Uu, Uu, Uu, Uu, Uu, Uu, Uu, Uu, Uu, Uu, Uu, Gd, Hhd, Hhd, Gd, Gd, Hhd, Gd, Gd, Gd, Gd^Edpp, Gd, Gd, Gd, Gd, Gd, Gd, Gs, Gd, Hhd, Gd, Hhd, Hh, Md, Gd, Hhd, Gg, Hhd, Hhd, Hhd, Hhd, Gg, Hhd, Re, Gd, Gd, Gd^Es, Gs, Gs, Gs, Gg, Gs, Rr, Rr, Ww, Ww, Ww, Ww, Ww, Ww, Ww, Ww, Ww, Ww, Ww, Ww, Gg, Ww, Ww, Ww, Ww, Ww, Ww, Ww, Gg, Ww, Ww, Wo, Ww, Hh, Gg, Hh, Uu, Uu, Uu, Uu
Uu, Uu, Uu, Uu, Uu, Uu, Uu, Uu, Uu, Uu, Uu, Uu, Uu, Uu, Uu, Uu, Uu, Uu, Uu, Uu, Uu, Uu, Uu, Uu, Uu, Uu, Uu, Uu, Uu, Uu, Uu, Uu, Uu, Uu, Uu, Uu, Uu, Uu, Uu, Gd, Hhd, Gd, Gs, Hhd, Gd, Gd, Gd, Gd, Gd, Gs, Gd, Gs, Gd^Es, Gd, Gd, Gd, Gd, Gd, Gd, Gd, Gd, Gd, Gd, Gd, Hhd, Gg, Gs, Gs, Hhd, Hhd, Gd, Rd, Rd, Gd, Gd, Gd, Gs, Gs, Gs, Gs, Rr, Rr, Hh, Wo, Hh, Ww, Ww, Ww, Ww, Ww, Ww, Ww, Ds, Gg, Gg, Gs^Vc, Hh, Ww, Ww, Ww, Ww, Gg, Ww, Gg, Gg, Wo, Wo, Ww, Hh, Gg, Uu, Uu, Uu, Uu
Uu, Uu, Uu, Uu, Gg, Uu, Gd, Uu, Gd, Uu, Gs, Uu, Gd, Uu, Gd^Es, Uu, Hhd, Uu, Gg, Uu, Md, Uu, Md, Uu, Md, Uu, Md, Uu, Md, Uu, Mm, Uu, Md, Uu, Hhd, Uu, Gd, Uu, Gd, Gd, Gd, Hhd, Gd, Gs, Gd, Gd, Gd, Gs, Gd, Gd, Gd, Gd, Gd, Gd, Gs, Gd, Gd, Gd, Gs, Gd^Es, Gs, Gd, Gd, Hhd, Md, Hhd, Md, Gs, Hhd, Gd, Hhd^Vhhr, Gd^Edpp, Gd^Es, Rd, Re, Gd, Gs, Gs, Gs, Gg, Rr, Rr, Hh, Hh, Hh, Ww, Hh, Gg, Gg, Ww, Hh, Gg, Gg, Gg, Gg, Hh, Hh, Ww, Ww, Ww, Ww, Ww, Ww, Gs^Vc, Gg, Ww, Wo, Ww, Gg, Hh, Uu, Uu, Uu, Uu
Uu, Uu, Uu, Gg, Gs, Gs, Gs, Gd, Gs^Es, Gs, Gd, Gd, Gd, Gd, Gd^Edpp, Hhd, Gd^Es, Hhd, Mm, Md, Mm, Hhd, Mm, Md, Md, Md, Md, Md, Md, Md, Md, Md, Md, Hhd, Gs, Hhd, Md, Hhd, Gd, Gd, Hhd, Gd^Edpp, Gd, Gd, Gd, Gd, Gd, Gd, Gd^Es, Gd, Gd, Gd^Es, Gd, Gd, Hhd, Hhd, Gs, Gd, Gd, Gd, Gd, Gd, Gd, Hhd, Md, Hh, Md, Gs, Hhd, Gg, Gs, Hhd, Gs, Gd, Gd, Re, Rd, Gs, Gg, Gg, Rr, Rr, Hh^Vhh, Mm, Mm, Mm, Mm, Hh, Mm, Hh^Fp, Mm, Mm, Hh, Hh, Mm, Hh, Gg^Em, Gg, Gg, Ww, Ww, Gg, Gg, Gg, Ww, Wo, Wo, Ww, Wo, Hh, Uu, Uu, Uu, Uu
Uu, Uu, Uu, Gd^Vo, Gg, Gg, Gg, Gs, Gs, Gd, Gs, Gd, Gd^Es, Gd, Gd, Hhd, Hhd, Gs, Md, Md, Md, Hhd, Md, Md, Hhd, Mm, Mm, Mm, Mm, Md, Mm, Md, Mm, Hhd, Md, Hhd, Md, Hhd, Hhd, Gd, Gd, Gd, Gd, Hhd, Gd^Vhr, Rd, Gd, Gd, Gd, Gd, Gd, Gd, Gs, Gd, Gd, Hhd, Gd^Vhr, Gs, Gd, Gs, Gs, Hhd, Gs, Hhd, Hhd, Hh, Md, Gs, Gd, Hhd, Gs, Hhd, Gs, Gs, Gg, Gd, Gs, Re, Re, Gs, Rp, Rr, Ch, Mm, Mm, Mm, Md, Mm, Mm, Mm, Mm, Mm, Mm, Mm, Ww, Mm, Mm, Hh, Hh, Gg, Gg, Ww, Gg, Ww, Ww, Ww, Wo, Ww, Hh, Hh, Uu, Uu, Uu, Uu
Uu, Uu, Uu, Gg, Gg, Gg, Gg, Gg, Gg, Gd, Gd, Gs, Gd, Gd, Gd, Gs, Hhd, Hhd, Md, Md, Mm, Mm, Gd, Hhd, Md^Xm, Md^Xm, Md, Hhd, Hh, Wo, Md, Md, Md, Md, Gd, Gd, Gd, Gd, Gd, Gd, Hhd, Hhd, Hhd, Hhd, Hhd, Gd, Gd, Gd, Gd, Gs, Gd, Rd, Rd^Edp, Gd, Gs, Rd, Gd, Hhd, Hhd, Gd, Gd, Hhd, Hhd, Hhd, Mm, Mm, Hhd, Hhd, Hhd, Hhd, Gs, Gs, Gg, Gs, Gs, Gd, Gg, Gs, Gs, Re, Rr, Rr, Rr, Mm, Mm, Hh, Gg, Hh, Gs, Mm^Xm, Rp, Hh, Hh, Hh^Vhh, Mm, Mm, Mm, Mm, Mm, Hh, Hh, Gg, Hh, Gg, Gg, Gg, Ww, Wo, Wo, Gg, Uu, Uu, Uu, Uu
Uu, Uu, Uu, Wo, Wo, Gg, Wo, Gg, Gg, Gd, Gs, Gs, Gs, Gd, Gs, Gd, Gd, Gs, Hhd, Mm, Hhd, Hhd, Md^Xm, Md^Xm, Md, Md, Md, Mm, Hhd, Gs, Md, Md, Hhd, Gd, Gd, Hhd, Hhd, Hhd, Hhd, Hhd, Gd, Hhd, Md, Md, Md, Hhd, Gs, Gd, Gs, Gd, Gd, Gd, Gd, Gd, Gd, Hhd, Gd, Gd, Gd, Hhd, Gd, Gd^Es, Gd, Hhd, Mm, Hh, Gd, Gd^Es, Gd, Hhd, Hhd, Hhd, Hhd, Hhd, Hhd, Gs, Gd, Gg, Gs, Gs, Gg, Rr, Rr, Rr, Rr, Rp, Rr, Rp, Ch, Kh, Ch, Rp, Rr, Rp, Rr, Hh, Gg, Mm, Mm, Mm, Gs, Gg, Mm, Hh, Hh, Hh, Mm, Wo, Mm, Hh, Uu, Uu, Uu, Uu
Uu, Uu, Uu, Ww, Ww, Wo, Wo, Wo, Wo, Gs, Gg, Gg, Gg, Gs, Gs, Gd, Gd, Gs, Gd^Es, Md, Gd, Hhd, Mm^Xm, Mm, Md, Md, Mm, Md, Mm, Mm, Hhd, Gd, Md, Hhd, Gd, Gd^Vhr, Mm, Gd, Mm, Hhd, Mm, Md, Md, Md, Md, Gd, Hhd, Gs, Hhd, Gd, Gd, Gd, Gd, Gd, Gd, Gd, Gd, Gs, Gd, Hhd, Gd, Gd, Hhd, Hhd, Hhd, Mm, Md, Gd^Es, Gd, Hh, Hhd, Hhd, Hhd, Gg, Gg, Gs, Gs, Gd^Dr, Gs, Gs, Gs, Gs, Re, Rr, Rp, Rr, Rr, Rr, Rr, Ch, Rp, Rr, Rp, Rr, Rr, Rrc, Rr, Hh, Ch, Gs, Gg, Hh, Hh, Mm, Mm, Gg, Mm, Wo, Wo, Hh, Uu, Uu, Uu, Uu
Uu, Uu, Uu, Gg, Gg, Gg, Gg, Ww, Ww, Ww, Ww, Ww, Ww, Ww, Ww, Gs, Gs, Gs, Gd, Gd^Vo, Hhd, Md^Xm, Md, Hhd, Md, Gs, Hhd, Hhd, Hhd, Gs, Hhd, Gd, Md, Md, Md, Md, Md, Mm, Md, Md, Md, Md, Md, Md, Hhd, Hhd, Gd, Hhd, Gd, Hhd, Gd, Gs, Gd, Gs, Gd, Gd, Gd, Gd, Hhd, Gd, Gd, Gs, Gs^Vh, Rd, Gd, Hhd, Hh, Md, Hhd^Vhhr, Md, Md, Hhd, Hhd, Gg, Gg, Gd, Gd, Gs, Gs, Gs, Re, Re, Gg, Gs, Gs, Gs, Gg, Rr, Rr, Rr, Rr, Rr, Gs, Gg, Hh, Hh, Hh, Rrc, Rrc, Gg, Gg, Rb^Gvs, Rb^Gvs, Hh^Vhh, Hh, Hh, Hh, Wo, Wo, Gg, Uu, Uu, Uu, Uu
Uu, Uu, Uu, Rb, Rb, Gg, Hh, Gg, Gg, Wo, Wo, Wo, Ss, Ww, Ww, Gg, Gs, Gd, Gs, Hhd, Md^Xm, Md^Xm, Md, Md, Hhd, Hhd, Md, Md, Md, Hhd, Md, Hhd, Md, Md, Gs, Md, Mm, Md, Hhd, Md, Md, Md, Hhd, Hhd, Gd^Es, Gd, Gd, Gd, Gd, Gd, Gs, Gd^Es, Gd, Gd, Rd, Rd, Rd^Es, Gs, Gd, Gd, Gd, Gd^Es, Rd, Rd, Hhd, Gd, Hhd, Hhd, Md, Md, Hhd, Hhd, Hh, Hh, Gd, Hhd, Hhd, Gd, Re, Re, Gs, Gs, Hh, Gs, Gg, Gg, Gg, Gs^Vh, Hh, Ch, Gs, Gg, Gg, Gg, Hh, Hh, Mm, Ch, Gg, Rr, Rr, Hh, Hh, Gg, Gg, Gg, Ww, Ww, Wo, Gg, Uu, Uu, Uu, Uu
Uu, Uu, Uu, Gg, Hh, Rb, Rb, Hh, Gd, Gg, Gg, Gg, Gg, Gg, Wo, Ww, Ww, Gs, Hh, Mm^Xm, Md, Md, Md^Xm, Hhd, Md, Md, Md, Md, Md^Xm, Md, Mm^Xm, Md, Md^Xm, Md, Md, Md, Md, Mm, Mm, Mm, Mm, Mm, Hhd, Gd^Es, Gs, Gd, Hhd, Gd, Gd^Es, Gd, Gd, Gd, Gs, Gd, Rd, Rd^Edpp, Rd^Gvs, Gd, Gd, Gd, Gd^Es, Gd, Gs, Gd, Hhd, Gd, Md, Hhd, Gg, Gs, Gd, Gd, Gd, Gd, Gd, Gd^Edpp, Re, Re, Hh, Gs, Hh, Hh, Hh, Hh, Hh, Gg, Mm, Hh, Mm, Gg, Gg, Gg, Gs, Hh^Vhh, Hh, Hh, Mm, Gg, Gg, Rrc, Rr, Gg, Gs, Gs, Gg, Hh, Wo, Ww, Rr, Gg, Uu, Uu, Uu, Uu
Uu, Uu, Uu, Gd, Hhd, Hh, Re, Hh, Gd, Gg, Hh, Gd^Vo, Hh, Gg, Gg, Wo, Ww, Gg, Hh, Mm^Xm, Mm^Xm, Mm^Xm, Hh, Mm^Xm, Mm^Xm, Mm^Xm, Mm^Xm, Md^Xm, Hh, Mm^Xm, Hh, Md^Xm, Hh, Mm^Xm, Mm^Xm, Md^Xm, Md^Xm, Md, Md^Xm, Mm, Hhd, Hhd, Hhd, Hhd, Gd, Gd, Hhd, Gd, Gd, Gd, Gd, Gd, Gd, Gd, Gd^Vhr, Rd, Gd, Gd, Gd, Gd, Gd, Gd, Gd, Gd, Gd, Hhd, Md, Md, Gs, Gs, Gg, Gd^Es, Gd, Hh, Rd, Rd, Hh, Hh, Hh, Gg, Hh, Gs, Hh, Hh, Hh, Hh, Mm, Mm, Hh, Hh, Gs, Gg, Gs, Hh, Mm, Mm, Mm, Hh, Hh, Rrc, Rr, Gg, Gg, Gg, Gg, Ww, Wo^Bsb/, Ch, Hh, Rr, Uu, Uu, Uu, Uu
Uu, Uu, Uu, Hhd, Gd, Gd, Hhd, Re, Rd, Hhd, Gs, Hh, Gs, Gs, Gs, Wo, Gg, Wo, Wo, Mm^Xm, Hh, Hh, Gg, Hh, Hh, Hh, Hh, Hh, Re, Hh, Gg, Hh, Gs, Hh, Hh, Gs, Gg, Mm^Xm, Mm, Mm^Xm, Md, Hhd, Hhd, Gd, Gs, Hhd, Gd^Vhr, Gd, Rd^Es, Gs, Gd, Gd, Gd, Gd, Gd, Gd, Gd, Gd, Gd^Es, Gd, Gd, Gd, Gd, Gd, Gd, Hhd, Hhd, Gd, Gg, Gs, Gd, Hh, Gd, Gs, Re, Hh, Hh, Hh, Gg, Hh, Hh^Vhh, Rb^Gvs, Mm, Gg, Mm, Mm, Mm^Xm, Mm, Hh, Gs, Gs, Gg, Hh, Hh, Mm, Mm, Hh, Hh^Vhh, Hh, Rr, Rrc, Gs, Gg, Gg, Ch, Wo^Bsb/, Wo, Gg, Gg, Gg, Uu, Uu, Uu, Uu
Uu, Uu, Uu, Gd, Gd, Gd, Gd, Gd^Es, Hhd, Re, Rd, Gd, Hh, Hh, Hh, Gg, Gg, Hh, Ww, Ww, Gg, Hh, Gg, Gd^Vo, Gs, Gg, Gg, Gd^Vhr, Gg, Gs, Gs, Gg, Gs, Gg, Gs, Hh, Hh, Gg, Hh, Hh, Mm, Md^Xm, Hhd, Gs, Hhd, Hhd, Gd, Rd, Gd, Rd, Gd, Gd, Gs, Gd, Gd, Gd, Gd, Gd, Gs, Gd, Gd, Gd, Gs, Gd, Gd, Gd, Hhd, Hhd, Hhd, Gd^Es, Hh, Hh, Hh, Gs, Re, Gg, Hh, Hh, Mm, Mm, Mm, Mm, Mm, Mm, Mm^Xm, Mm^Xm, Mm, Hh, Gg, Gg, Gg, Hh, Mm, Hh^Vhh, Mm, Mm, Mm, Hh, Gg, Rr, Rr, Gg, Rr, Rr, Gg, Wo, Ww, Hh, Rr, Rr, Uu, Uu, Uu, Uu
Uu, Uu, Uu, Gd^Edp, Gd, Gd^Es, Gd, Gd, Gd, Gd, Gd, Re, Re, Re, Re, Rb, Re, Gg, Gg, Wo, Hh, Hh, Gg, Gs, Gg, Gg, Gg, Gs, Gs, Gg, Gs, Gg, Gs, Gs^Es, Gs, Re, Hh, Gs, Gs, Hh, Mm, Md^Xm, Md^Xm, Hhd, Hhd, Gd, Gd, Gd, Gd, Gs, Gd, Gd, Gs, Gd^Es, Gd, Gd, Gd, Gd, Gd, Gd, Rb^Gvs, Gs, Gd, Gd, Gd, Gd, Hh, Hhd, Hh, Gd^Edpp, Hh, Hhd^Vhhr, Re, Re, Hh, Hh, Mm, Gg, Mm^Xm, Mm^Xm, Mm^Xm, Mm^Xm, Mm^Xm, Mm^Xm, Mm, Gg^Efm, Mm, Hh, Hh, Gs, Hh, Hh, Mm, Mm, Mm, Mm, Gg, Gs, Gg, Rrc, Rr, Rr, Gg, Gg, Gg, Wo, Ww, Hh, Rr, Hh, Uu, Uu, Uu, Uu
Uu, Uu, Uu, Gd, Gd, Hhd, Gd, Hhd, Hhd, Gd, Gd, Gd, Gd, Gd, Gs, Gg, Gg, Rb, Rb, Ww, Gg, Gg, Rb, Gg, Gg, Gg, Gg, Gg, Gg, Gg, Gg, Gs, Gg, Gg, Gg, Re, Gd^Vhr, Gs, Gg, Gs, Hh, Mm, Gs, Md^Xm, Hh, Gd, Gd, Gd, Gs, Gd, Gd, Gd, Gd, Gd, Gd, Gd, Rd, Gd, Gd, Gd, Rb^Gvs, Rb^Gvs, Gs, Gs, Gd, Gd, Gd, Hh, Hhd, Gd, Rd, Re, Hh, Hh, Mm^Xm, Mm, Mm^Xm, Mm^Xm, Mm, Mm, Mm, Mm, Mm, Mm, Hh, Hh, Hh, Hh, Gs, Gg, Hh, Mm, Mm, Mm^Xm, Mm, Hh, Gs, Gs, Gg, Rr, Rr, Gg, Gs, Gg, Ww, Wo, Wo, Ww, Rr, Gg, Uu, Uu, Uu, Uu
Uu, Uu, Uu, Gd, Gd, Gd, Gd, Md, Gd, Gd, Gd, Gd^Es, Gd, Gs, Gd, Hhd, Co, Co, Co, Wwf, Rb, Rb, Gg, Rb, Rb, Rb, Rb, Rb, Rb, Gs, Rb, Gg, Rb, Gg, Gg, Hh, Hh, Gs, Gg, Gs, Hh, Gg, Gs, Mm, Mm^Xm, Hhd, Hhd, Gs, Gs, Gs, Gd, Gd^Es, Gd, Gd, Gd, Gd, Gd^Vhr, Rd, Gd, Gd, Gd, Gd^Vhr, Rd, Rd, Rd, Gd, Rd, Ce, Ce, Re, Hh, Hh, Mm, Mm, Mm^Xm, Mm^Xm, Ms, Md, Md, Mm, Hh, Hh, Hh, Hh, Gg, Gg, Gg, Gg, Hh, Hh, Mm, Mm, Mm^Xm, Mm, Gg, Hh, Hh, Gg, Gs, Rr, Rr, Gg, Gg, Gg, Wo, Wo, Gg, Hh, Rr, Hh, Uu, Uu, Uu, Uu
Uu, Uu, Uu, Gd, Gd, Hhd, Gd, Gd, Gd^Es, Gd, Gd, Hhd, Hhd, Gd, Gd^Vo, Gs, Md, Ko, Hh, Wo, Ww, Gg, Gg, Gg, Gg, Gs^Es, Ss, Gg, Gg, Rb, Gg, Rb, Gg, Rb, Rb, Hh, Gg, Gs, Hh, Gs, Gs, Gs^Es, Gg, Md, Mm^Xm, Gs, Gs, Gs, Gs, Gs, Gd, Gd, Gd, Gs, Gs, Gs, Gd, Gd, Gs, Gs, Rd, Rd, Gd, Gd, Gs^Vh, Rd, Gd, Ce^Dr, Ce, Hh, Mm, Mm, Mm^Xm, Mm^Xm, Ww, Ms, Hh, Md, Hh, Hh, Gg, Hh, Gg, Hh, Gg, Gg, Hh, Hh, Hh, Mm, Ms, Mm, Mm, Mm, Hhd, Gg, Hh, Hh, Rp, Rr, Rp, Gs^Vc, Ww, Ww, Wo, Gg, Gs, Gg, Gs^Vh, Rr, Uu, Uu, Uu, Uu
Uu, Uu, Uu, Gd, Hhd, Gd, Hhd, Hhd, Hhd, Hhd, Gd, Hhd, Gd, Gd, Hhd, Gd, Md, Md, Hh, Gs, Gg, Ww, Gg, Gs, Gg, Sm, Ww, Ww, Ww, Ww, Ww, Gg, Ss, Gg, Gg, Rb, Rb, Gg, Gg, Gs, Gg, Hh, Mm, Md, Md^Xm, Hhd, Hhd, Gs, Gs, Gd, Gd, Gs, Gs, Gs, Gd, Gd, Gd, Gs, Rd, Rd, Gd, Gd, Hhd, Rb^Gvs, Rb^Gvs, Rb^Gvs, Gg, Ce, Hh, Hh, Mm^Xm, Mm^Xm, Ms, Ms, Ww, Ww, Hh, Gg, Gg, Gg, Hh, Hh, Gg, Hh, Gs, Gs, Hh, Mm, Ms, Hh, Mm^Xm, Mm, Hhd, Hhd, Gs, Gs, Gg, Hh^Vhh, Rr, Rr, Gg, Ww, Wo, Wo, Hh, Hh, Hh, Gs, Gg, Gg, Uu, Uu, Uu, Uu
Uu, Uu, Uu, Gd, Gd^Edpp, Gd, Gd, Gd, Gd, Gd, Hhd, Gd, Gd^Es, Gd, Gd, Gs, Md, Md^Xm, Hh, Hh, Gg, Wo, Ww, Ww, Wo, Ww, Ww, Wo, Ww, Ww, Ww, Ww, Ww, Gg^Efm, Gg, Gg, Gg, Rb, Rb, Gs, Gs, Gs, Hh, Md, Hhd, Mm^Xm, Gd, Gd, Gd, Gd, Gd, Gs, Rd, Gs, Gs, Gs, Rd, Rd, Gd, Gs, Gs, Gg, Gd, Hhd, Ww, Mm, Mm, Hh, Mm, Mm, Mm^Xm, Mm, Mm, Hh^Vhh, Ww, Gg, Ce, Ce, Ce, Gs, Gg, Hh, Hh, Hh, Gg, Gg, Hh, Mm, Mm, Hh, Mm, Hhd, Gd, Gs, Gs, Hh, Gg, Gg, Rr, Rr, Gg, Ww, Ww, Ww, Gg, Gs, Hh, Gg, Rb^Eff, Rb^Eff, Uu, Uu, Uu, Uu
Uu, Uu, Uu, Gd^Vo, Hhd, Gd, Hhd, Gd^Es, Gd, Md, Hhd, Gd, Gd, Gs, Hhd, Hhd, Md, Md^Xm, Md^Xm, Hh, Gs^Es, Ww, Gg, Gg, Wo, Ww, Gg, Ww, Gg, Ww, Ww, Wo, Wo, Ww, Ww, Ss, Ww, Gg, Gg, Rb, Rb, Gs, Gs, Hh, Hhd, Mm^Xm, Hhd, Gs, Gs, Hhd, Gs, Gs, Gd^Vhr, Gs, Rd, Re, Gs, Gd, Gd, Gd, Hhd, Hhd, Hh, Mm, Md, Mm, Mm, Mm, Mm^Xm, Mm^Xm, Mm, Mm, Gg, Ww, Gg, Gg, Gg, Ke, Gg, Gs, Gs, Gs, Gg, Hh, Gg, Gg, Hh^Vhh, Ms, Mm, Mm, Hhd, Gd^Es, Gd, Gg, Gg, Gg, Hh, Rp, Rr, Rp, Gg, Wo, Wo, Ww, Hh, Gg, Rb^Eff, Rb^Eff, Rb^Gvs, Rb^Gvs, Uu, Uu, Uu, Uu
Uu, Uu, Uu, Md, Md, Hhd, Hhd, Gd, Gd, Hhd, Md, Hhd, Gd, Gd, Hhd, Hhd, Md, Gg, Mm^Xm, Hh, Hh, Gg, Ss, Ww, Ww, Wo, Ww, Ww, Ww, Gg, Ww, Wo, Wo, Ww, Ww, Ww, Ww, Ww, Ww, Ww, Gg, Rb, Rb, Hh, Mm, Mm^Xm, Mm^Xm, Gs, Ce, Hhd, Gs, Gs, Re, Re, Gs, Gs, Gs, Gs, Gg, Hhd, Hh, Hhd, Hhd, Hhd, Md, Md, Mm^Xm, Mm^Xm, Mm, Mm, Hh, Hh, Ww, Ww, Gg, Gg, Hh, Gg, Gg, Gg, Gg, Gs, Gg, Hh, Hh, Gg^Efm, Ms, Ms, Mm, Mm^Xm, Hhd, Gd, Gg, Gg, Gg, Gg, Rr, Rr, Rp, Hh, Gg, Wo, Ww, Wo, Gg, Rb^Eff, Rb^Gvs, Rb^Gvs, Wo, Rb^Gvs, Uu, Uu, Uu, Uu
Uu, Uu, Uu, Gd, Md, Md, Md, Md, Md, Gd, Hhd, Hhd, Md, Hhd, Gd, Md, Md, Md, Md, Md^Xm, Hh, Gd^Vo, Gg, Ww, Wo, Ww, Ww, Hh, Gs^Vc, Ss, Ww, Ww, Ww, Ww, Ww^Ewl, Ss, Gg, Ww, Ss, Ww, Ww, Wwf, Ww, Rb, Rb, Mm^Xm, Hh, Ce, Ce, Ce^Dr, Re, Re, Gs, Gs, Gs, Gs, Gs, Gs, Hhd, Hh, Md, Hh, Hhd, Hh, Mm, Mm, Mm^Xm, Mm, Mm, Mm, Ww, Ww, Gg, Gg, Gs, Gs, Hh, Gs, Gs, Hh, Hh, Gg, Hh, Hh, Hh, Hh, Ms, Mm, Md, Md, Hhd, Hhd, Gs, Gs, Gg, Gg, Rr, Rr, Gg, Gg, Gg, Hh, Ww, Wo, Gs^Vh, Rb^Gvs, Rb^Gvs, Rb^Gvs, Rb^Gvs, Rb^Gvs, Uu, Uu, Uu, Uu
Uu, Uu, Uu, Gd, Gd, Gd, Gd, Hhd, Md, Md, Gd, Gd, Gs, Hhd, Md, Md, Gd, Md, Hhd, Md^Xm, Md^Xm, Hh, Gg, Ww, Ww, Ww, Ww, Ww, Ww, Ww, Wo, Wo, Ww, Ww, Gg, Ss, Ss, Ss, Ss, Gg, Gg, Ww, Gg, Wo, Wo, Rb, Rb, Hhd, Rb, Re, Gg, Gs, Gg, Gs, Gs, Gs, Gg, Hh, Hh, Md, Hhd, Hh, Md, Gg^Efm, Mm, Mm, Mm^Xm, Mm, Ww, Ww, Gg, Gg, Gg, Gg, Gs, Gs, Hh, Gs, Gg, Gg, Md, Hh, Md, Md, Md, Ms, Mm^Xm, Mm^Xm, Md, Hhd, Gg, Gd, Gs, Gs, Gs, Gg, Rr, Rr, Hh, Gg, Gg, Gg, Ww, Wo, Gg, Rb^Gvs, Rb^Gvs, Rb^Gvs, Rb^Gvs, Rb^Gvs, Uu, Uu, Uu, Uu
Uu, Uu, Uu, Md, Md, Md, Md, Md, Md, Md, Hhd, Hhd, Md, Md, Md, Gd, Md, Gs, Md, Md, Mm^Xm, Hh, Hh, Gg, Gs, Ww, Ww, Ww, Ww, Ww, Ww, Ww^Ewl, Sm, Ss, Ss, Gg^Em, Ss, Gs^Vc, Gg, Gg^Efm, Gg, Gs, Hh, Hh, Mm^Xm, Ww, Wo, Rb, Gg, Gg, Gg, Gg, Ww, Gg, Ww, Gg, Gg, Gg, Hh, Md, Hhd, Mm, Md, Md, Mm^Xm, Mm^Xm, Hh, Hh, Ww, Gg, Gg, Gg, Hh, Hh, Hh, Hh, Hh, Hh, Hh, Gg, Hh, Hh, Hh, Ms, Mm^Xm, Mm^Xm, Mm, Mm, Mm, Hhd, Gg, Uu, Uu, Uu, Uu, Uu, Uu, Uu, Uu, Uu, Uu, Uu, Uu, Uu, Uu, Uu, Uu, Uu, Uu, Uu, Uu, Uu, Uu, Uu
Uu, Uu, Uu, Mm, Md, Gd, Hhd, Hhd, Hhd, Md, Md, Md, Gd, Md, Md, Md, Md, Hhd, Md, Hhd, Hhd, Mm^Xm, Hh, Hh, Gg, Ss, Gg, Gg, Gg^Efm, Gg, Ss, Gg, Gg, Ss, Gg, Gg, Gg, Gs, Gg, Gg, Hh, Hh, Mm^Xm, Mm^Xm, Hh, Hh, Hh, Ww, Ww, Ww, Ww, Ww, Ww, Ww, Ww, Ww, Ww, Gg^Efm, Hh, Mm, Mm, Hh, Mm, Md, Mm^Xm, Mm^Xm, Hh, Wo, Gg, Gg, Gg, Hh, Mm, Mm, Hh, Mm, Mm, Hh, Mm, Mm, Mm, Mm, Mm, Mm, Mm, Mm^Xm, Md, Md, Md, Hhd, Gd, Uu, Uu, Uu, Uu, Uu, Uu, Uu, Uu, Uu, Uu, Uu, Uu, Uu, Uu, Uu, Uu, Uu, Uu, Uu, Uu, Uu, Uu, Uu
Uu, Uu, Uu, Hhd, Hhd, Md, Md, Gd, Hhd, Hhd, Hhd, Hhd, Md, Md, Md, Md, Md, Md, Hhd, Md, Md, Mm^Xm, Mm^Xm, Hh, Hh, Gs, Gg, Ss, Ss, Gg, Gg, Ss, Ss, Gg, Gg, Ss, Hh, Gg, Hh, Gg, Mm, Mm^Xm, Mm, Mm, Gs, Hh, Gs, Gg, Gg, Ww, Ww, Ww, Gg, Ww, Ww, Ww, Ww, Ww, Ww, Hh, Hh, Mm, Mm, Mm^Xm, Hh, Hh, Hh, Ww, Gg, Gg, Hh, Hh, Mm, Mm, Mm, Mm, Mm, Mm, Mm, Mm, Mm, Mm, Mm, Mm, Mm^Xm, Mm, Mm, Mm, Hhd, Hhd, Gd, Uu, Uu, Uu, Uu, Uu, Uu, Uu, Uu, Uu, Uu, Uu, Uu, Uu, Uu, Uu, Uu, Uu, Uu, Uu, Uu, Uu, Uu, Uu
Uu, Uu, Uu, Gd, Gd, Mm, Hhd, Md, Hhd, Md, Md, Md, Md, Ms, Ms, Md, Md, Md, Md, Md, Hhd, Md, Md^Xm, Md^Xm, Mm^Xm, Hh, Hh, Gg, Hh, Gg, Hh, Gg, Hh, Hh, Hh, Hh, Hh, Hh, Mm^Xm, Mm^Xm, Hh, Mm, Mm, Gs, Hh, Hh, Gs, Gs, Gs, Ss, Ss, Gg, Ss, Gg, Gg^Efm, Gg, Ww, Ww, Ww, Hh, Hh, Hh, Mm, Mm^Xm, Mm^Xm, Hh, Hh, Ww, Ww, Hh, Hh, Mm, Hh, Mm, Mm, Hh, Mm, Mm, Ms, Ms, Ms, Ms, Mm^Xm, Mm^Xm, Mm, Mm, Md, Hhd, Hhd, Gd, Gs, Uu, Uu, Uu, Uu, Uu, Uu, Uu, Uu, Uu, Uu, Uu, Uu, Uu, Uu, Uu, Uu, Uu, Uu, Uu, Uu, Uu, Uu, Uu
Uu, Uu, Uu, Mm, Mm, Hhd, Md, Md, Md, Gd^Vo, Mm, Md, Md, Md, Md, Md, Md, Md, Md^Xm, Md^Xm, Md^Xm, Md^Xm, Mm, Mm, Mm, Mm^Xm, Md^Xm, Hh, Mm^Xm, Hh, Mm^Xm, Hh, Mm, Mm^Xm, Mm^Xm, Mm^Xm, Md, Mm^Xm, Md, Md, Mm, Gs, Hh, Gs, Gs, Hh, Gs, Gs, Gs^Es, Gs, Gs, Gg, Gs, Ss, Gg, Ss, Hh, Ww, Ww, Ww, Ww, Hh, Mm, Mm, Mm^Xm, Hh, Gg^Efm, Wo, Wo, Gg, Hh, Mm, Mm, Mm, Hh, Hh, Wo, Ms, Mm^Xm, Mm^Xm, Mm, Mm^Xm, Mm, Mm, Md, Md, Gd, Hhd, Gd, Gs, Gd, Uu, Uu, Uu, Uu, Uu, Uu, Uu, Uu, Uu, Uu, Uu, Uu, Uu, Uu, Uu, Uu, Uu, Uu, Uu, Uu, Uu, Uu, Uu
Uu, Uu, Uu, Gd, Md, Mm, Ms, Md, Md, Md, Md, Md, Md, Ms, Md, Ms, Md^Xm, Md^Xm, Mm, Mm, Md, Md, Md, Md, Md, Md, Hhd, Md^Xm, Md, Md^Xm, Md, Mm^Xm, Md, Md, Hh, Md, Md, Md, Gd, Mm, Hh, Hh, Gs, Gs, Gs, Gs, Gs, Gs, Gs, Gs, Ss, Gs, Gs, Ss, Gs, Gg^Em, Ss, Ww, Ww, Gg, Ww, Hh, Hh, Mm, Mm^Xm, Hh, Hh, Ss, Ww, Gg, Gg, Mm, Mm, Mm, Mm, Mm, Ms, Ms, Mm^Xm, Ms, Ms, Mm, Mm, Md, Mm, Hhd, Gd, Gd, Gd, Gs, Gs, Uu, Uu, Uu, Uu, Uu, Uu, Uu, Uu, Uu, Uu, Uu, Uu, Uu, Uu, Uu, Uu, Uu, Uu, Uu, Uu, Uu, Uu, Uu
Uu, Uu, Uu, Md, Mm, Mm, Mm, Mm, Mm, Md, Md, Md, Hhd, Md, Mm^Xm, Md^Xm, Md, Mm^Xm, Md, Md, Hhd, Hhd, Hhd, Mm, Hhd, Hhd, Gd, Hhd, Hhd, Md, Gs, Md, Hh, Hh, Mm, Mm, Hh, Hhd, Gd, Hh, Rb^Gvs, Gs, Gs, Gs, Gs, Gs, Gd, Gs, Gs, Gs, Gs, Ss, Gs, Ss, Gd, Gg, Uu, Gg, Uu, Ss, Uu, Gg, Uu, Mm, Uu, Mm^Xm, Uu, Ww, Uu, Gg, Uu, Mm, Uu, Mm, Uu, Ms, Uu, Ms, Uu, Ms, Uu, Ms, Uu, Mm, Uu, Gd, Uu, Gd, Uu, Gd, Uu, Uu, Uu, Uu, Uu, Uu, Uu, Uu, Uu, Uu, Uu, Uu, Uu, Uu, Uu, Uu, Uu, Uu, Uu, Uu, Uu, Uu, Uu, Uu
Uu, Uu, Uu, Mm, Mm, Ms, Mm^Xm, Mm, Mm, Md, Md, Md, Mm, Md^Xm, Mm, Mm, Hhd, Md, Md, Md, Gs, Gd, Gd, Gs, Gd, Gs, Gd^Vhr, Hhd, Gd, Gs, Gs, Md, Hh, Hhd, Gs, Hh, Gs, Gd, Gd, Gs^Vh, Gd, Gs, Gs, Gs, Gs, Gd, Gd, Gd, Gs, Gd, Gd, Gs, Gs, Gs, Ss, Uu, Uu, Uu, Uu, Uu, Uu, Uu, Uu, Uu, Uu, Uu, Uu, Uu, Uu, Uu, Uu, Uu, Uu, Uu, Uu, Uu, Uu, Uu, Uu, Uu, Uu, Uu, Uu, Uu, Uu, Uu, Uu, Uu, Uu, Uu, Uu, Uu, Uu, Uu, Uu, Uu, Uu, Uu, Uu, Uu, Uu, Uu, Uu, Uu, Uu, Uu, Uu, Uu, Uu, Uu, Uu, Uu, Uu, Uu
Uu, Uu, Uu, Mm^Xm, Mm^Xm, Mm^Xm, Ms, Mm^Xm, Mm^Xm, Md, Md^Xm, Md^Xm, Mm, Mm, Md, Mm, Gd^Vo, Md, Md, Gs, Hhd, Gd, Gd, Gd, Gd^Es, Gd, Rd, Rd, Gd, Gd, Hhd, Hh, Gs, Gs, Gs, Gs, Gd, Gd, Gs, Gd, Gd, Gd, Gd, Gd, Gs, Gd, Gd, Gd, Gs, Gs, Gs, Gs, Gs, Gs, Gs, Uu, Uu, Uu, Uu, Uu, Uu, Uu, Uu, Uu, Uu, Uu, Uu, Uu, Uu, Uu, Uu, Uu, Uu, Uu, Uu, Uu, Uu, Uu, Uu, Uu, Uu, Uu, Uu, Uu, Uu, Uu, Uu, Uu, Hh, Gs, Hh, Gg, Gg, Gg, Gs, Gg, Rrc, Rr, Gg, Gg, Hh, Hh, Hh, Gg, Ww, Ww, Gg, Gg, Gg, Gg, Uu, Uu, Uu, Uu
Uu, Uu, Uu, Mm, Mm, Mm^Xm, Ww, Mm, Mm, Mm^Xm, Hhd, Mm, Mm, Mm, Md, Md, Mm, Hhd, Md, Md, Hhd, Hhd, Gd, Gd, Gd, Gd, Gd, Gs, Hhd, Hhd, Gd, Gs, Gd, Gd, Gd, Gd, Gd, Gd, Gs, Gd, Gd, Gd, Gd, Gs^Es, Gd, Gd, Gd, Gd, Gs, Gs, Gd, Gs, Gs, Gs, Gs, Uu, Uu, Uu, Uu, Uu, Uu, Uu, Uu, Uu, Uu, Uu, Uu, Uu, Uu, Uu, Uu, Uu, Uu, Uu, Uu, Uu, Uu, Uu, Uu, Uu, Uu, Uu, Uu, Uu, Uu, Uu, Uu, Uu, Gs, Hh, Gg, Gs, Gs, Gs, Gs, Gs, Rr, Rrc, Gg, Gs, Gg, Gg, Gg, Gg, Wo, Ww, Gg, Gg, Gg, Gg, Uu, Uu, Uu, Uu
Uu, Uu, Uu, Gs, Hh, Mm, Ww, Hh, Gs, Hhd, Hhd, Mm, Md, Md, Md, Gs, Mm, Md, Hhd, Hhd, Gs, Gd, Gd, Gd, Gd, Gd, Hhd, Gd, Hhd, Hhd, Gd, Gd, Gd^Es, Gd, Gd, Gd, Gs, Gd, Gd, Gs^Edp, Gs, Gd, Gs, Gd, Gd, Gd^Es, Gd, Gd, Gs, Gs, Gs, Gs, Gs, Gg, Gg, Uu, Uu, Uu, Uu, Uu, Uu, Uu, Uu, Uu, Uu, Uu, Uu, Uu, Uu, Uu, Uu, Uu, Uu, Uu, Uu, Uu, Uu, Uu, Uu, Uu, Uu, Uu, Uu, Uu, Uu, Uu, Uu, Uu, Hh, Hh, Gs, Gs, Gs, Gg, Gg, Gs, Rrc, Rrc, Gs, Gg, Hh, Gs, Gg, Gg, Ww, Ww, Gg, Gg, Gs, Gg, Uu, Uu, Uu, Uu
Uu, Uu, Uu, Gg, Ww, Ww, Gg, Gg, Gs, Hh, Mm, Md, Mm, Md, Hhd, Mm, Md, Md, Hhd, Gd, Gd^Vhr, Rd, Gd^Es, Gd, Gd, Gd, Hhd, Md, Hhd, Gd, Gs, Gd, Gd, Gd, Gd, Gs, Gd, Gd^Es, Gd, Gs, Gs, Gd, Gs, Gs, Gd, Gd, Gd, Gd, Gs, Gs, Rb^Gvs, Gg, Gs^Vh, Gg, Gg, Uu, Uu, Uu, Uu, Uu, Uu, Uu, Uu, Uu, Uu, Uu, Uu, Uu, Uu, Uu, Uu, Uu, Uu, Uu, Uu, Uu, Uu, Uu, Uu, Uu, Uu, Uu, Uu, Uu, Uu, Uu, Uu, Uu, Gg, Gs, Gs^Es, Gs, Gs, Gs, Gs, Gg, Rrc, Rrc, Gs, Gs, Gg, Gs, Gg, Gg, Ww, Ww, Gg, Gg, Gg, Gg, Uu, Uu, Uu, Uu
Uu, Uu, Uu, Gg, Ww, Gg, Gs, Gs, Hh, Mm, Mm, Gg, Mm, Md, Gd, Hhd, Mm, Mm, Hhd, Hhd, Gd, Gd, Gd, Gd^Edp, Gd, Gd, Gd, Gd, Gd, Gd, Gd, Gd, Gd, Gd, Gd, Gs, Gd, Gd, Gd^Edpp, Gs, Gs, Gs, Gd, Gd, Gd, Gd, Gs, Gs, Gg, Rb^Gvs, Rb^Gvs, Rb^Gvs, Ww, Gg, Gg, Uu, Uu, Uu, Uu, Uu, Uu, Uu, Uu, Uu, Uu, Uu, Uu, Uu, Uu, Uu, Uu, Uu, Uu, Uu, Uu, Uu, Uu, Uu, Uu, Uu, Uu, Uu, Uu, Uu, Uu, Uu, Uu, Uu, Gg, Gs, Gs, Gs, Gg, Gs, Gs, Gg, Rrc, Rrc, Gs, Gs, Gg, Gg, Gg, Ww, Wo, Wo, Gg, Gg, Gg, Gs, Uu, Uu, Uu, Uu
Uu, Uu, Uu, Gg, Uu, Gg, Uu, Gs, Uu, Gs, Uu, Mm, Uu, Mm, Uu, Gd, Uu, Mm, Uu, Gd, Uu, Gd, Uu, Gs, Uu, Gd, Uu, Gd, Uu, Gd, Uu, Gd, Uu, Gg, Uu, Gs, Uu, Gd, Uu, Gs, Uu, Gs, Uu, Gd, Uu, Gd, Uu, Gs, Uu, Gg, Uu, Ww, Uu, Ww, Uu, Uu, Uu, Uu, Uu, Uu, Uu, Uu, Uu, Uu, Uu, Uu, Uu, Uu, Uu, Uu, Uu, Uu, Uu, Uu, Uu, Uu, Uu, Uu, Uu, Uu, Uu, Uu, Uu, Uu, Uu, Uu, Uu, Uu, Hhd, Gs, Gs, Gg, Gs, Gg, Gs, Gg, Rrc, Rrc, Gs, Gs, Gg, Gs, Gg, Ww, Wo, Gg, Gg, Gg, Gg, Gs, Uu, Uu, Uu, Uu
Uu, Uu, Uu, Uu, Uu, Uu, Uu, Uu, Uu, Uu, Uu, Uu, Uu, Uu, Uu, Uu, Uu, Uu, Uu, Uu, Uu, Uu, Uu, Uu, Uu, Uu, Uu, Uu, Uu, Uu, Uu, Uu, Uu, Uu, Uu, Uu, Uu, Uu, Uu, Uu, Uu, Uu, Uu, Uu, Uu, Uu, Uu, Uu, Uu, Uu, Uu, Uu, Uu, Uu, Uu, Uu, Uu, Uu, Uu, Uu, Uu, Uu, Uu, Uu, Uu, Uu, Uu, Uu, Uu, Uu, Uu, Uu, Uu, Uu, Uu, Uu, Uu, Uu, Uu, Uu, Uu, Uu, Uu, Uu, Uu, Uu, Uu, Uu, Gd^Edp, Gs, Gs, Gg, Gs, Gg, Gs, Gs, Rrc, Rrc, Gs, Gg, Gg, Gs, Gg, Ww, Ww, Gg, Gg, Gg, Gg, Gs, Uu, Uu, Uu, Uu
Uu, Uu, Uu, Uu, Uu, Uu, Uu, Uu, Uu, Uu, Uu, Uu, Uu, Uu, Uu, Uu, Uu, Uu, Uu, Uu, Uu, Uu, Uu, Uu, Uu, Uu, Uu, Uu, Uu, Uu, Uu, Uu, Uu, Uu, Uu, Uu, Uu, Uu, Uu, Uu, Uu, Uu, Uu, Uu, Uu, Uu, Uu, Uu, Uu, Uu, Uu, Uu, Uu, Uu, Uu, Uu, Uu, Uu, Uu, Uu, Uu, Uu, Uu, Uu, Uu, Uu, Uu, Uu, Uu, Uu, Uu, Uu, Uu, Uu, Uu, Uu, Uu, Uu, Uu, Uu, Uu, Uu, Uu, Uu, Uu, Uu, Uu, Uu, Gg, Gs, Gs, Gs, Gs, Gs, Gs, Gg, Rrc, Rrc, Gg, Gs, Gg, Gg, Gg, Ww, Ww, Gg, Gg, Gs, Gg, Gg, Uu, Uu, Uu, Uu
Uu, Uu, Uu, Uu, Uu, Uu, Uu, Uu, Uu, Uu, Uu, Uu, Uu, Uu, Uu, Uu, Uu, Uu, Uu, Uu, Uu, Uu, Uu, Uu, Uu, Uu, Uu, Uu, Uu, Uu, Uu, Uu, Uu, Uu, Uu, Uu, Uu, Uu, Uu, Uu, Uu, Uu, Uu, Uu, Uu, Uu, Uu, Uu, Uu, Uu, Uu, Uu, Uu, Uu, Uu, Uu, Uu, Uu, Uu, Uu, Uu, Uu, Uu, Uu, Uu, Uu, Uu, Uu, Uu, Uu, Uu, Uu, Uu, Uu, Uu, Uu, Uu, Uu, Uu, Uu, Uu, Uu, Uu, Uu, Uu, Uu, Uu, Uu, Gg, Gd, Gs, Gs, Gs, Gg, Gs, Gs, Rrc, Rrc, Gg, Gs, Gs, Gg, Gg, Ww, Ww, Gg^Efm, Gg, Gg, Gg, Gg, Uu, Uu, Uu, Uu
Uu, Uu, Uu, Uu, Uu, Uu, Uu, Uu, Uu, Uu, Uu, Uu, Uu, Uu, Uu, Uu, Uu, Uu, Uu, Uu, Uu, Uu, Uu, Uu, Uu, Uu, Uu, Uu, Uu, Uu, Uu, Uu, Uu, Uu, Uu, Uu, Uu, Uu, Uu, Uu, Uu, Uu, Uu, Uu, Uu, Uu, Uu, Uu, Uu, Uu, Uu, Uu, Uu, Uu, Uu, Uu, Uu, Uu, Uu, Uu, Uu, Uu, Uu, Uu, Uu, Uu, Uu, Uu, Uu, Uu, Uu, Uu, Uu, Uu, Uu, Uu, Uu, Uu, Uu, Uu, Uu, Uu, Uu, Uu, Uu, Uu, Uu, Uu, Gd, Gs, Gs, Gs, Gs, Gg, Gs, Gg, Rrc, Rrc, Gg, Gg, Gg, Gg, Gs^Vh, Gg, Wo, Ww, Gg, Gg, Gg, Gg, Uu, Uu, Uu, Uu
Uu, Uu, Uu, Uu, Uu, Uu, Uu, Uu, Uu, Uu, Uu, Uu, Uu, Uu, Uu, Uu, Uu, Uu, Uu, Uu, Uu, Uu, Uu, Uu, Uu, Uu, Uu, Uu, Uu, Uu, Uu, Uu, Uu, Uu, Uu, Uu, Uu, Uu, Uu, Uu, Uu, Uu, Uu, Uu, Uu, Uu, Uu, Uu, Uu, Uu, Uu, Uu, Uu, Uu, Uu, Uu, Uu, Uu, Uu, Uu, Uu, Uu, Uu, Uu, Uu, Uu, Uu, Uu, Uu, Uu, Uu, Uu, Uu, Uu, Uu, Uu, Uu, Uu, Uu, Uu, Uu, Uu, Uu, Uu, Uu, Uu, Uu, Uu, Gd^Edpp, Gs^Es, Gs, Gs, Gg, Gg, Gs, Gg, Rrc, Rrc, Gs, Gs, Gs, Gg, Gg, Gg, Wo, Ww, Ww, Gg, Gg, Gg, Uu, Uu, Uu, Uu
Uu, Uu, Uu, Uu, Uu, Uu, Uu, Uu, Uu, Uu, Uu, Uu, Uu, Uu, Uu, Uu, Uu, Uu, Uu, Uu, Uu, Uu, Uu, Uu, Uu, Uu, Uu, Uu, Uu, Uu, Uu, Uu, Uu, Uu, Uu, Uu, Uu, Uu, Uu, Uu, Uu, Uu, Uu, Uu, Uu, Uu, Uu, Uu, Uu, Uu, Uu, Uu, Uu, Uu, Uu, Uu, Uu, Uu, Uu, Uu, Uu, Uu, Uu, Uu, Uu, Uu, Uu, Uu, Uu, Uu, Uu, Uu, Uu, Uu, Uu, Uu, Uu, Uu, Uu, Uu, Uu, Uu, Uu, Uu, Uu, Uu, Uu, Uu, Gd^Edp, Gs, Gs, Gs, Gs, Gg, Gg, Gs, Rrc, Rrc, Gs, Gs, Gs, Gg, Gg, Gg, Gg, Ww, Ww, Ss, Gg, Gg^Efm, Uu, Uu, Uu, Uu
Uu, Uu, Uu, Uu, Uu, Uu, Uu, Uu, Uu, Uu, Uu, Uu, Uu, Uu, Uu, Uu, Uu, Uu, Uu, Uu, Uu, Uu, Uu, Uu, Uu, Uu, Uu, Uu, Uu, Uu, Uu, Uu, Uu, Uu, Uu, Uu, Uu, Uu, Uu, Uu, Uu, Uu, Uu, Uu, Uu, Uu, Uu, Uu, Uu, Uu, Uu, Uu, Uu, Uu, Uu, Uu, Uu, Uu, Uu, Uu, Uu, Uu, Uu, Uu, Uu, Uu, Uu, Uu, Uu, Uu, Uu, Uu, Uu, Uu, Uu, Uu, Uu, Uu, Uu, Uu, Uu, Uu, Uu, Uu, Uu, Uu, Uu, Uu, Hhd, Gs, Gs, Gs^Es, Gg, Gg, Gg, Gs, Rrc, Rrc, Gs, Gg, Gg, Gg, Gg, Gg, Gg, Ww, Wo, Ww, Ww, Gg, Uu, Uu, Uu, Uu
Uu, Uu, Uu, Uu, Uu, Uu, Uu, Uu, Uu, Uu, Uu, Uu, Uu, Uu, Uu, Uu, Uu, Uu, Uu, Uu, Uu, Uu, Uu, Uu, Uu, Uu, Uu, Uu, Uu, Uu, Uu, Uu, Uu, Uu, Uu, Uu, Uu, Uu, Uu, Uu, Uu, Uu, Uu, Uu, Uu, Uu, Uu, Uu, Uu, Uu, Uu, Uu, Uu, Uu, Uu, Uu, Uu, Uu, Uu, Uu, Uu, Uu, Uu, Uu, Uu, Uu, Uu, Uu, Uu, Uu, Uu, Uu, Uu, Uu, Uu, Uu, Uu, Uu, Uu, Uu, Uu, Uu, Uu, Uu, Uu, Uu, Uu, Uu, Gg, Gs, Gg, Gg, Gg, Gg, Gg, Gg, Rrc, Rrc, Gg, Gs, Gg, Gg, Gg, Gg, Gg, Gg, Gg, Wo, Ww, Ww, Uu, Uu, Uu, Uu
Uu, Uu, Uu, Uu, Uu, Uu, Uu, Uu, Uu, Uu, Uu, Uu, Uu, Uu, Uu, Uu, Uu, Uu, Uu, Uu, Uu, Uu, Uu, Uu, Uu, Uu, Uu, Uu, Uu, Uu, Uu, Uu, Uu, Uu, Uu, Uu, Uu, Uu, Uu, Uu, Uu, Uu, Uu, Uu, Uu, Uu, Uu, Uu, Uu, Uu, Uu, Uu, Uu, Uu, Uu, Uu, Uu, Uu, Uu, Uu, Uu, Uu, Uu, Uu, Uu, Uu, Uu, Uu, Uu, Uu, Uu, Uu, Uu, Uu, Uu, Uu, Uu, Uu, Uu, Uu, Uu, Uu, Uu, Uu, Uu, Uu, Uu, Uu, Uu, Uu, Uu, Uu, Uu, Uu, Uu, Uu, Uu, Uu, Uu, Uu, Uu, Uu, Uu, Uu, Uu, Uu, Uu, Uu, Uu, Uu, Uu, Uu, Uu, Uu
Uu, Uu, Uu, Uu, Uu, Uu, Uu, Uu, Uu, Uu, Uu, Uu, Uu, Uu, Uu, Uu, Uu, Uu, Uu, Uu, Uu, Uu, Uu, Uu, Uu, Uu, Uu, Uu, Uu, Uu, Uu, Uu, Uu, Uu, Uu, Uu, Uu, Uu, Uu, Uu, Uu, Uu, Uu, Uu, Uu, Uu, Uu, Uu, Uu, Uu, Uu, Uu, Uu, Uu, Uu, Uu, Uu, Uu, Uu, Uu, Uu, Uu, Uu, Uu, Uu, Uu, Uu, Uu, Uu, Uu, Uu, Uu, Uu, Uu, Uu, Uu, Uu, Uu, Uu, Uu, Uu, Uu, Uu, Uu, Uu, Uu, Uu, Uu, Uu, Uu, Uu, Uu, Uu, Uu, Uu, Uu, Uu, Uu, Uu, Uu, Uu, Uu, Uu, Uu, Uu, Uu, Uu, Uu, Uu, Uu, Uu, Uu, Uu, Uu
