border_size=1
usage=map

Uu, Uu, Uu, Uu, Uu, Uu, Uu, Uu, Uu, Uu, Uu, Uu, Uu, Uu, Uu, Uu, Uu, Uu, Uu, Uu, Uu, Uu, Uu, Uu, Uu, Uu, Uu, Uu, Uu, Uu, Uu, Uu, Uu, Uu, Uu, Uu, Uu, Uu, Uu, Uu, Uu, Uu, Uu, Uu, Uu, Uu, Uu, Uu, Uu, Uu, Uu, Uu, Uu, Uu, Uu, Uu, Uu, Uu, Uu, Uu, Uu, Uu, Uu, Uu, Uu, Uu, Uu, Uu, Uu, Uu, Uu, Uu, Uu, Uu, Uu, Uu, Uu, Uu, Uu, Uu, Uu, Uu, Uu, Uu, Uu, Uu, Uu, Uu, Uu, Uu, Uu, Uu, Uu, Uu, Uu, Uu, Uu, Uu, Uu, Uu, Uu, Uu, Uu, Uu, Uu, Uu, Uu, Uu, Uu, Uu, Uu, Uu, Uu, Uu, Uu, Uu, Uu, Uu, Uu, Uu, Uu, Uu, Uu, Uu, Uu, Uu, Uu, Uu, Uu, Uu, Uu, Uu, Uu, Uu, Uu, Uu, Uu, Uu, Uu, Uu, Uu, Uu, Uu, Uu
Uu, Uu, Uu, Uu, Uu, Uu, Uu, Uu, Uu, Uu, Uu, Uu, Uu, Uu, Uu, Uu, Uu, Uu, Uu, Uu, Uu, Uu, Uu, Uu, Uu, Uu, Uu, Uu, Uu, Uu, Uu, Uu, Uu, Uu, Uu, Uu, Uu, Uu, Uu, Uu, Uu, Uu, Uu, Uu, Uu, Uu, Uu, Uu, Uu, Uu, Uu, Uu, Uu, Uu, Uu, Uu, Uu, Uu, Uu, Uu, Uu, Uu, Uu, Uu, Uu, Uu, Uu, Uu, Uu, Uu, Uu, Uu, Uu, Uu, Uu, Uu, Uu, Uu, Uu, Uu, Uu, Uu, Uu, Uu, Uu, Uu, Uu, Uu, Uu, Uu, Uu, Uu, Uu, Uu, Uu, Uu, Uu, Uu, Uu, Uu, Uu, Uu, Uu, Uu, Uu, Uu, Uu, Uu, Uu, Uu, Uu, Uu, Uu, Uu, Uu, Uu, Uu, Uu, Uu, Uu, Uu, Uu, Uu, Uu, Uu, Uu, Uu, Uu, Uu, Uu, Uu, Uu, Uu, Uu, Uu, Uu, Uu, Uu, Uu, Uu, Uu, Uu, Uu, Uu
Uu, Uu, Uu, Uu, Uu, Uu, Uu, Uu, Uu, Uu, Uu, Uu, Uu, Uu, Uu, Uu, Uu, Uu, Uu, Uu, Uu, Uu, Uu, Uu, Uu, Uu, Uu, Uu, Uu, Uu, Uu, Uu, Uu, Uu, Uu, Uu, Uu, Uu, Uu, Uu, Uu, Uu, Uu, Uu, Uu, Uu, Uu, Uu, Uu, Uu, Uu, Uu, Uu, Uu, Uu, Uu, Uu, Uu, Uu, Uu, Uu, Uu, Uu, Uu, Uu, Uu, Uu, Uu, Gd, Uu, Hhd, Uu, Rd, Uu, Hhd, Uu, Hhd, Uu, Hhd, Uu, Hhd, Uu, Hhd, Uu, Hhd, Uu, Hhd, Uu, Gd, Uu, Gd, Uu, Hhd, Uu, Hhd, Uu, Hhd, Uu, Hh, Uu, Hh, Uu, Uu, Uu, Uu, Uu, Uu, Uu, Uu, Uu, Uu, Uu, Uu, Uu, Uu, Uu, Uu, Uu, Uu, Uu, Uu, Uu, Uu, Uu, Uu, Uu, Uu, Uu, Uu, Uu, Uu, Uu, Uu, Uu, Uu, Uu, Uu, Uu, Uu, Uu, Uu, Uu, Uu, Uu
Uu, Uu, Uu, Uu, Uu, Uu, Uu, Uu, Uu, Uu, Uu, Uu, Uu, Uu, Uu, Uu, Uu, Uu, Uu, Uu, Uu, Uu, Uu, Uu, Uu, Uu, Uu, Uu, Uu, Uu, Uu, Uu, Uu, Uu, Uu, Uu, Uu, Uu, Uu, Uu, Uu, Uu, Uu, Uu, Uu, Uu, Uu, Uu, Uu, Uu, Uu, Uu, Uu, Uu, Uu, Uu, Uu, Uu, Uu, Uu, Uu, Uu, Uu, Uu, Uu, Uu, Uu, Hhd, Gd, Hhd, Hhd, Hhd, Hhd, Rd, Rd, Hhd, Md, Md, Hhd, Hhd, Hhd, Gd, Hhd, Md, Hhd, Hhd, Hhd, Md, Hhd, Rd, Gd^Es, Hhd, Hhd, Hhd, Gd, Hh, Hh, Hhd, Hh, Hhd, Hh, Uu, Uu, Uu, Uu, Uu, Uu, Uu, Uu, Uu, Uu, Uu, Uu, Uu, Uu, Uu, Uu, Uu, Uu, Uu, Uu, Uu, Uu, Uu, Uu, Uu, Uu, Uu, Uu, Uu, Uu, Uu, Uu, Uu, Uu, Uu, Uu, Uu, Uu, Uu, Uu, Uu, Uu, Uu
Uu, Uu, Uu, Uu, Uu, Uu, Uu, Uu, Uu, Uu, Uu, Uu, Uu, Uu, Uu, Uu, Uu, Uu, Uu, Uu, Uu, Uu, Uu, Uu, Uu, Uu, Uu, Uu, Uu, Uu, Uu, Uu, Uu, Uu, Uu, Uu, Uu, Uu, Uu, Uu, Uu, Uu, Uu, Uu, Uu, Uu, Uu, Uu, Uu, Uu, Uu, Uu, Uu, Uu, Uu, Uu, Uu, Uu, Uu, Uu, Uu, Uu, Uu, Uu, Uu, Uu, Uu, Hhd, Hhd, Hhd, Hhd, Hhd, Md, Gd^Vo, Md, Rd, Rd, Hhd, Md, Hhd, Md, Hhd, Md, Hhd^Dr, Md, Md, Md, Hhd, Hhd, Rd, Hhd, Hhd, Hhd, Hhd, Md, Gd, Md, Hh, Md, Hh, Hh, Uu, Uu, Uu, Uu, Uu, Uu, Uu, Uu, Uu, Uu, Uu, Uu, Uu, Uu, Uu, Uu, Uu, Uu, Uu, Uu, Uu, Uu, Uu, Uu, Uu, Uu, Uu, Uu, Uu, Uu, Uu, Uu, Uu, Uu, Uu, Uu, Uu, Uu, Uu, Uu, Uu, Uu, Uu
Uu, Uu, Uu, Uu, Uu, Uu, Uu, Uu, Uu, Uu, Uu, Uu, Uu, Uu, Uu, Uu, Uu, Uu, Uu, Uu, Uu, Uu, Uu, Uu, Uu, Uu, Uu, Uu, Uu, Uu, Uu, Uu, Uu, Uu, Uu, Uu, Uu, Uu, Uu, Uu, Uu, Uu, Uu, Uu, Uu, Uu, Uu, Uu, Uu, Uu, Uu, Uu, Uu, Uu, Uu, Uu, Uu, Uu, Uu, Uu, Uu, Uu, Uu, Uu, Uu, Uu, Uu, Md, Hhd, Md, Md, Md, Md, Md, Md, Md, Rd, Hhd, Md, Md, Md, Md, Md, Md, Hhd, Md, Hhd, Md, Hhd^Vhhr, Rd, Hhd, Hhd, Md, Hhd, Hhd, Hhd, Hh, Hh, Hhd, Hh, Md, Uu, Uu, Uu, Uu, Uu, Uu, Uu, Uu, Uu, Uu, Uu, Uu, Uu, Uu, Uu, Uu, Uu, Uu, Uu, Uu, Uu, Uu, Uu, Uu, Uu, Uu, Uu, Uu, Uu, Uu, Uu, Uu, Uu, Uu, Uu, Uu, Uu, Uu, Uu, Uu, Uu, Uu, Uu
Uu, Uu, Uu, Uu, Uu, Uu, Uu, Uu, Uu, Uu, Uu, Uu, Uu, Uu, Uu, Uu, Uu, Uu, Uu, Uu, Uu, Uu, Uu, Uu, Uu, Uu, Uu, Uu, Uu, Uu, Uu, Uu, Uu, Uu, Uu, Uu, Uu, Uu, Uu, Uu, Uu, Uu, Uu, Uu, Uu, Uu, Uu, Uu, Uu, Uu, Uu, Uu, Uu, Uu, Uu, Uu, Uu, Uu, Uu, Uu, Uu, Uu, Uu, Uu, Uu, Uu, Uu, Md, Md, Hhd, Hhd, Hhd, Hhd, Hhd, Md, Hhd, Md, Rd, Rd, Md, Md, Hhd, Hhd, Hhd, Hhd, Hhd, Hhd, Md, Md, Rd, Gd, Gd, Md, Md, Hh, Md, Md, Hhd, Hh, Md, Md, Uu, Uu, Uu, Uu, Uu, Uu, Uu, Uu, Uu, Uu, Uu, Uu, Uu, Uu, Uu, Uu, Uu, Uu, Uu, Uu, Uu, Uu, Uu, Uu, Uu, Uu, Uu, Uu, Uu, Uu, Uu, Uu, Uu, Uu, Uu, Uu, Uu, Uu, Uu, Uu, Uu, Uu, Uu
Uu, Uu, Uu, Uu, Uu, Uu, Uu, Uu, Uu, Uu, Uu, Uu, Uu, Uu, Uu, Uu, Uu, Uu, Uu, Uu, Uu, Uu, Uu, Uu, Uu, Uu, Uu, Uu, Uu, Uu, Uu, Uu, Uu, Uu, Uu, Uu, Uu, Uu, Uu, Uu, Uu, Uu, Uu, Uu, Uu, Uu, Uu, Uu, Uu, Uu, Uu, Uu, Uu, Uu, Uu, Uu, Uu, Uu, Uu, Uu, Uu, Uu, Uu, Uu, Uu, Uu, Uu, Md, Md, Md, Md, Md, Hhd, Md, Md, Md, Md, Md, Rd, Md, Md, Hhd, Ce, Ke, Ce, Hhd, Gd, Md, Rd, Rd, Hhd, Md, Hhd, Hhd, Hhd, Hhd, Hhd, Hh, Hh, Md, Md, Uu, Uu, Uu, Uu, Uu, Uu, Uu, Uu, Uu, Uu, Uu, Uu, Uu, Uu, Uu, Uu, Uu, Uu, Uu, Uu, Uu, Uu, Uu, Uu, Uu, Uu, Uu, Uu, Uu, Uu, Uu, Uu, Uu, Uu, Uu, Uu, Uu, Uu, Uu, Uu, Uu, Uu, Uu
Uu, Uu, Uu, Uu, Uu, Uu, Uu, Uu, Uu, Uu, Uu, Uu, Uu, Uu, Uu, Uu, Uu, Uu, Uu, Uu, Uu, Uu, Uu, Uu, Uu, Uu, Uu, Uu, Uu, Uu, Uu, Uu, Uu, Uu, Uu, Uu, Uu, Uu, Uu, Uu, Uu, Uu, Uu, Uu, Uu, Uu, Uu, Uu, Uu, Uu, Uu, Uu, Uu, Uu, Uu, Uu, Uu, Uu, Uu, Uu, Uu, Uu, Uu, Uu, Uu, Uu, Uu, Md, Md, Md, Md, Md, Md, Md, Md, Md, Md, Md, Rd, Md, Gd, Gd, Rd, Gd, Rd, Gd, Rd, Rd, Hhd, Gd, Gd, Md, Md, Hhd, Hh, Hh, Hh, Hh, Mm, Hh, Md, Uu, Uu, Uu, Uu, Uu, Uu, Uu, Uu, Uu, Uu, Uu, Uu, Uu, Uu, Uu, Uu, Uu, Uu, Uu, Uu, Uu, Uu, Uu, Uu, Uu, Uu, Uu, Uu, Uu, Uu, Uu, Uu, Uu, Uu, Uu, Uu, Uu, Uu, Uu, Uu, Uu, Uu, Uu
Uu, Uu, Uu, Uu, Uu, Uu, Uu, Uu, Uu, Uu, Uu, Uu, Uu, Uu, Uu, Uu, Uu, Uu, Uu, Uu, Uu, Uu, Uu, Uu, Uu, Uu, Uu, Uu, Uu, Uu, Uu, Uu, Uu, Uu, Uu, Uu, Uu, Uu, Uu, Uu, Uu, Uu, Uu, Uu, Uu, Uu, Uu, Uu, Uu, Uu, Uu, Uu, Uu, Uu, Uu, Uu, Uu, Uu, Uu, Uu, Uu, Uu, Uu, Uu, Uu, Uu, Uu, Md, Md, Md, Md, Md, Md, Md, Hhd, Hhd, Md, Md, Md, Rd, Rd, Rd, Gd, Rd, Gd, Rd, Rd, Gd, Gd, Hhd, Hhd, Hhd, Md, Hh, Md, Hh, Mm, Mm, Mm, Mm, Ww, Uu, Uu, Uu, Uu, Uu, Uu, Uu, Uu, Uu, Uu, Uu, Uu, Uu, Uu, Uu, Uu, Uu, Uu, Uu, Uu, Uu, Uu, Uu, Uu, Uu, Uu, Uu, Uu, Uu, Uu, Uu, Uu, Uu, Uu, Uu, Uu, Uu, Uu, Uu, Uu, Uu, Uu, Uu
Uu, Uu, Uu, Uu, Uu, Uu, Uu, Uu, Uu, Uu, Uu, Uu, Uu, Uu, Uu, Uu, Uu, Uu, Uu, Uu, Uu, Uu, Uu, Uu, Uu, Uu, Uu, Uu, Uu, Uu, Uu, Uu, Uu, Uu, Uu, Uu, Uu, Uu, Uu, Uu, Uu, Uu, Uu, Uu, Uu, Uu, Uu, Uu, Uu, Uu, Uu, Uu, Uu, Uu, Uu, Uu, Uu, Uu, Uu, Uu, Uu, Uu, Uu, Uu, Uu, Uu, Uu, Md, Md, Hhd, Gd, Md, Md, Md, Hhd, Md, Md, Md, Md, Md, Rd, Gd, Gll, Gd, Gd, Gll, Rd, Gd, Hhd, Hhd, Gd, Hhd, Md, Hh, Hh, Mm, Mm, Hh^Fp, Ww, Ww, Gg^Efm, Uu, Uu, Uu, Uu, Uu, Uu, Uu, Uu, Uu, Uu, Uu, Uu, Uu, Uu, Uu, Uu, Uu, Uu, Uu, Uu, Uu, Uu, Uu, Uu, Uu, Uu, Uu, Uu, Uu, Uu, Uu, Uu, Uu, Uu, Uu, Uu, Uu, Uu, Uu, Uu, Uu, Uu, Uu
Uu, Uu, Uu, Uu, Uu, Uu, Uu, Uu, Uu, Uu, Uu, Uu, Uu, Uu, Uu, Uu, Uu, Uu, Uu, Uu, Uu, Uu, Uu, Uu, Uu, Uu, Uu, Uu, Uu, Uu, Uu, Uu, Uu, Uu, Uu, Uu, Uu, Uu, Uu, Uu, Uu, Uu, Uu, Uu, Uu, Uu, Uu, Uu, Uu, Uu, Uu, Uu, Uu, Uu, Uu, Uu, Uu, Uu, Uu, Uu, Uu, Uu, Uu, Uu, Uu, Uu, Uu, Hhd, Mv, Md, Md, Hhd, Md, Md, Md, Hhd, Hhd, Md, Ce, Rd, Rd, Gd, Gd, Gll, Gd, Gd, Rd, Gd, Hhd, Hhd, Md, Md, Gg, Hh, Hh, Mm, Mm, Mm, Mm, Mm, Ms, Uu, Uu, Uu, Uu, Uu, Uu, Uu, Uu, Uu, Uu, Uu, Uu, Uu, Uu, Uu, Uu, Uu, Uu, Uu, Uu, Uu, Uu, Uu, Uu, Uu, Uu, Uu, Uu, Uu, Uu, Uu, Uu, Uu, Uu, Uu, Uu, Uu, Uu, Uu, Uu, Uu, Uu, Uu
Uu, Uu, Uu, Uu, Uu, Uu, Uu, Uu, Uu, Uu, Uu, Uu, Uu, Uu, Uu, Uu, Uu, Uu, Uu, Uu, Uu, Uu, Uu, Uu, Uu, Uu, Uu, Uu, Uu, Uu, Uu, Uu, Uu, Uu, Uu, Uu, Uu, Uu, Uu, Uu, Uu, Uu, Uu, Uu, Uu, Uu, Uu, Uu, Uu, Uu, Uu, Uu, Uu, Uu, Uu, Uu, Uu, Uu, Uu, Uu, Uu, Uu, Uu, Uu, Uu, Uu, Uu, Md, Md, Md, Md, Md, Md, Md, Md, Hhd, Gd, Ke, Ce, Gd, Rd, Gd, Gd^Es, Gd, Gd, Gll, Rd, Gd, Gd^Es, Md, Md, Hh, Hh, Gg, Hh, Wo, Mm, Gg^Efm, Gg, Ms, Ms, Uu, Uu, Uu, Uu, Uu, Uu, Uu, Uu, Uu, Uu, Uu, Uu, Uu, Uu, Uu, Uu, Uu, Uu, Uu, Uu, Uu, Uu, Uu, Uu, Uu, Uu, Uu, Uu, Uu, Uu, Uu, Uu, Uu, Uu, Uu, Uu, Uu, Uu, Uu, Uu, Uu, Uu, Uu
Uu, Uu, Uu, Uu, Uu, Uu, Uu, Uu, Uu, Uu, Uu, Uu, Uu, Uu, Uu, Uu, Uu, Uu, Uu, Uu, Uu, Uu, Uu, Uu, Uu, Uu, Uu, Uu, Uu, Uu, Uu, Uu, Uu, Uu, Uu, Uu, Uu, Uu, Uu, Uu, Uu, Uu, Uu, Uu, Uu, Uu, Uu, Uu, Uu, Uu, Uu, Uu, Uu, Uu, Uu, Uu, Uu, Uu, Uu, Uu, Uu, Uu, Uu, Uu, Uu, Uu, Uu, Md, Md, Md, Md, Md, Md, Md, Gd^Vo, Hhd, Hhd, Hhd, Hhd, Ce, Gd, Rd, Rd, Gd, Rd, Gd, Rd, Gd, Gd, Gd^Vhr, Hhd, Md, Mm, Mm, Mm, Hh, Hh^Fp, Hh, Ms, Ms, Mm, Uu, Uu, Uu, Uu, Uu, Uu, Uu, Uu, Uu, Uu, Uu, Uu, Uu, Uu, Uu, Uu, Uu, Uu, Uu, Uu, Uu, Uu, Uu, Uu, Uu, Uu, Uu, Uu, Uu, Uu, Uu, Uu, Uu, Uu, Uu, Uu, Uu, Uu, Uu, Uu, Uu, Uu, Uu
Uu, Uu, Uu, Uu, Uu, Uu, Uu, Uu, Uu, Uu, Uu, Uu, Uu, Uu, Uu, Uu, Uu, Uu, Uu, Uu, Uu, Uu, Uu, Uu, Uu, Uu, Uu, Uu, Uu, Uu, Uu, Uu, Uu, Uu, Uu, Uu, Uu, Uu, Uu, Uu, Uu, Uu, Uu, Uu, Uu, Uu, Uu, Uu, Uu, Uu, Uu, Uu, Uu, Uu, Uu, Uu, Uu, Uu, Uu, Uu, Uu, Uu, Uu, Uu, Uu, Uu, Uu, Hhd, Md, Md, Md, Md, Hhd, Md, Md, Hhd, Gd, Gd, Hhd, Hhd, Rd, Rd, Rd, Rd, Hhd, Rd, Rd, Gd, Gd, Gd, Gs, Gd, Hh, Hh, Ms, Ms, Ms, Gg^Efm, Ms, Mm, Mm, Uu, Uu, Uu, Uu, Uu, Uu, Uu, Uu, Uu, Uu, Uu, Uu, Uu, Uu, Uu, Uu, Uu, Uu, Uu, Uu, Uu, Uu, Uu, Uu, Uu, Uu, Uu, Uu, Uu, Uu, Uu, Uu, Uu, Uu, Uu, Uu, Uu, Uu, Uu, Uu, Uu, Uu, Uu
Uu, Uu, Uu, Uu, Uu, Uu, Uu, Uu, Uu, Uu, Uu, Uu, Uu, Uu, Uu, Uu, Uu, Uu, Uu, Uu, Uu, Uu, Uu, Uu, Uu, Uu, Uu, Uu, Uu, Uu, Uu, Uu, Uu, Uu, Uu, Uu, Uu, Uu, Uu, Uu, Uu, Uu, Uu, Uu, Uu, Uu, Uu, Uu, Uu, Uu, Uu, Uu, Uu, Uu, Uu, Uu, Uu, Uu, Uu, Uu, Uu, Uu, Uu, Uu, Uu, Uu, Uu, Hhd, Md, Hhd, Md, Md, Hhd, Hhd, Md, Hhd, Hhd, Gll, Hhd, Rd, Gd, Gd, Gd, Gd, Md, Hhd, Hhd, Rd, Gd, Gd, Gd, Gs, Gd, Hh, Ms, Ww, Ha, Ms, Ms, Ms, Mm, Uu, Uu, Uu, Uu, Uu, Uu, Uu, Uu, Uu, Uu, Uu, Uu, Uu, Uu, Uu, Uu, Uu, Uu, Uu, Uu, Uu, Uu, Uu, Uu, Uu, Uu, Uu, Uu, Uu, Uu, Uu, Uu, Uu, Uu, Uu, Uu, Uu, Uu, Uu, Uu, Uu, Uu, Uu
Uu, Uu, Uu, Uu, Uu, Uu, Uu, Uu, Uu, Uu, Uu, Uu, Uu, Uu, Uu, Uu, Uu, Uu, Uu, Uu, Uu, Uu, Uu, Uu, Uu, Uu, Uu, Uu, Uu, Uu, Uu, Uu, Uu, Uu, Uu, Uu, Uu, Uu, Uu, Uu, Uu, Uu, Uu, Uu, Uu, Uu, Uu, Uu, Uu, Uu, Uu, Uu, Uu, Uu, Uu, Uu, Uu, Uu, Uu, Uu, Uu, Uu, Uu, Uu, Uu, Uu, Uu, Hhd, Md, Hhd, Hhd, Md, Hhd, Md, Hhd, Md, Rd, Rd, Rd, Rd, Hhd, Hhd, Hhd, Gd, Md, Hhd, Hhd, Rd, Gd, Gs, Gs, Hh, Gs, Hh, Hh, Ww, Wo, Ms, Ms, Mm, Mm, Uu, Uu, Uu, Uu, Uu, Uu, Uu, Uu, Uu, Uu, Uu, Uu, Uu, Uu, Uu, Uu, Uu, Uu, Uu, Uu, Uu, Uu, Uu, Uu, Uu, Uu, Uu, Uu, Uu, Uu, Uu, Uu, Uu, Uu, Uu, Uu, Uu, Uu, Uu, Uu, Uu, Uu, Uu
Uu, Uu, Uu, Uu, Uu, Uu, Uu, Uu, Uu, Uu, Uu, Uu, Uu, Uu, Uu, Uu, Uu, Uu, Uu, Uu, Uu, Uu, Uu, Uu, Uu, Uu, Uu, Uu, Uu, Uu, Uu, Uu, Uu, Uu, Uu, Uu, Uu, Uu, Uu, Uu, Uu, Uu, Uu, Uu, Uu, Uu, Uu, Uu, Uu, Uu, Uu, Uu, Uu, Uu, Uu, Uu, Uu, Uu, Uu, Uu, Uu, Uu, Uu, Uu, Uu, Uu, Uu, Hhd, Md, Hhd, Md, Md, Md, Md, Rd, Rd, Md, Md, Md, Hhd, Hhd, Hhd, Md, Md, Hhd, Hhd, Gd, Rd, Gd, Gs, Gd, Gd, Gs, Hh, Gg, Ww, Hh, Ms, Hh, Ms, Ms, Uu, Uu, Uu, Uu, Uu, Uu, Uu, Uu, Uu, Uu, Uu, Uu, Uu, Uu, Uu, Uu, Uu, Uu, Uu, Uu, Uu, Uu, Uu, Uu, Uu, Uu, Uu, Uu, Uu, Uu, Uu, Uu, Uu, Uu, Uu, Uu, Uu, Uu, Uu, Uu, Uu, Uu, Uu
Uu, Uu, Uu, Uu, Uu, Uu, Uu, Uu, Uu, Uu, Uu, Uu, Uu, Uu, Uu, Uu, Uu, Uu, Uu, Uu, Uu, Uu, Uu, Uu, Uu, Uu, Uu, Uu, Uu, Uu, Uu, Uu, Uu, Uu, Uu, Uu, Uu, Uu, Uu, Uu, Uu, Uu, Uu, Uu, Uu, Uu, Uu, Uu, Uu, Uu, Uu, Uu, Uu, Uu, Uu, Uu, Uu, Uu, Uu, Uu, Uu, Uu, Uu, Uu, Uu, Uu, Uu, Hhd, Hhd, Gd^Fdw, Md, Hhd, Hhd, Md, Rd, Hhd, Hhd, Md, Md, Hhd, Md, Gd, Md, Hhd, Gd, Gd, Gd, Rd, Rd, Gd, Gd, Gs, Hh, Gg, Gg, Ww, Ww, Hh, Hh, Hh^Fp, Ms, Uu, Uu, Uu, Uu, Uu, Uu, Uu, Uu, Uu, Uu, Uu, Uu, Uu, Uu, Uu, Uu, Uu, Uu, Uu, Uu, Uu, Uu, Uu, Uu, Uu, Uu, Uu, Uu, Uu, Uu, Uu, Uu, Uu, Uu, Uu, Uu, Uu, Uu, Uu, Uu, Uu, Uu, Uu
Uu, Uu, Uu, Uu, Uu, Uu, Uu, Uu, Uu, Uu, Uu, Uu, Uu, Uu, Uu, Uu, Uu, Uu, Uu, Uu, Uu, Uu, Uu, Uu, Uu, Uu, Uu, Uu, Uu, Uu, Uu, Uu, Uu, Uu, Uu, Uu, Uu, Uu, Uu, Uu, Uu, Uu, Uu, Uu, Uu, Uu, Uu, Uu, Uu, Uu, Uu, Uu, Uu, Uu, Uu, Uu, Uu, Uu, Uu, Uu, Uu, Uu, Uu, Uu, Uu, Uu, Uu, Hhd, Hhd, Md, Md, Hhd, Rd, Rd, Gd^Fdw, Hhd, Gd, Gll, Md, Md, Md, Hhd, Md, Gd^Fdw, Hhd, Gll, Gd, Rd, Gd, Rd, Rd, Gd, Gd, Gg, Gg, Gg, Gs, Ww, Ww, Ms, Gs, Uu, Uu, Uu, Uu, Uu, Uu, Uu, Uu, Uu, Uu, Uu, Uu, Uu, Uu, Uu, Uu, Uu, Uu, Uu, Uu, Uu, Uu, Uu, Uu, Uu, Uu, Uu, Uu, Uu, Uu, Uu, Uu, Uu, Uu, Uu, Uu, Uu, Uu, Uu, Uu, Uu, Uu, Uu
Uu, Uu, Uu, Uu, Uu, Uu, Uu, Uu, Uu, Uu, Uu, Uu, Uu, Uu, Uu, Uu, Uu, Uu, Uu, Uu, Uu, Uu, Uu, Uu, Uu, Uu, Uu, Uu, Uu, Uu, Uu, Uu, Uu, Uu, Uu, Uu, Uu, Uu, Uu, Uu, Uu, Uu, Uu, Uu, Uu, Uu, Uu, Uu, Uu, Uu, Uu, Uu, Uu, Uu, Uu, Uu, Uu, Uu, Uu, Uu, Uu, Uu, Uu, Uu, Uu, Uu, Uu, Hhd, Gd^Fdw, Md, Md, Hhd, Rd, Hhd, Gd^Fdw, Gll, Md, Md, Md, Md, Md, Md, Md, Md, Gd^Fdw, Gd, Gd, Rd, Gd, Gd, Gd, Rd, Rd, Gs, Gs, Gs, Gg, Hh, Ww, Hh, Gs, Uu, Uu, Uu, Uu, Uu, Uu, Uu, Uu, Uu, Uu, Uu, Uu, Uu, Uu, Uu, Uu, Uu, Uu, Uu, Uu, Uu, Uu, Uu, Uu, Uu, Uu, Uu, Uu, Uu, Uu, Uu, Uu, Uu, Uu, Uu, Uu, Uu, Uu, Uu, Uu, Uu, Uu, Uu
Uu, Uu, Uu, Uu, Uu, Uu, Uu, Uu, Uu, Uu, Uu, Uu, Uu, Uu, Uu, Uu, Uu, Uu, Uu, Uu, Uu, Uu, Uu, Uu, Uu, Uu, Uu, Uu, Uu, Uu, Uu, Uu, Uu, Uu, Uu, Uu, Uu, Uu, Uu, Uu, Uu, Uu, Uu, Uu, Uu, Uu, Uu, Uu, Uu, Uu, Uu, Uu, Uu, Uu, Uu, Uu, Uu, Uu, Uu, Uu, Uu, Uu, Uu, Uu, Uu, Uu, Uu, Hhd, Gd^Vo, Hhd, Hhd, Md, Rd, Md, Md, Md, Md, Md, Md, Md, Md, Md, Gd, Hhd, Gd, Gd, Rd, Rd, Gd, Gd, Gd, Hhd, Rd, Mm, Hh, Gs, Gs, Gg, Gg, Ww, Ww, Uu, Uu, Uu, Uu, Uu, Uu, Uu, Uu, Uu, Uu, Uu, Uu, Uu, Uu, Uu, Uu, Uu, Uu, Uu, Uu, Uu, Uu, Uu, Uu, Uu, Uu, Uu, Uu, Uu, Uu, Uu, Uu, Uu, Uu, Uu, Uu, Uu, Uu, Uu, Uu, Uu, Uu, Uu
Uu, Uu, Uu, Uu, Uu, Uu, Uu, Uu, Uu, Uu, Uu, Uu, Uu, Uu, Uu, Uu, Uu, Uu, Uu, Uu, Uu, Uu, Uu, Uu, Uu, Uu, Uu, Uu, Uu, Uu, Uu, Uu, Uu, Uu, Uu, Uu, Uu, Uu, Uu, Uu, Uu, Uu, Uu, Uu, Uu, Uu, Uu, Uu, Uu, Uu, Uu, Uu, Uu, Uu, Uu, Uu, Uu, Uu, Uu, Uu, Uu, Uu, Uu, Uu, Uu, Uu, Uu, Hhd, Hhd, Md, Rd, Rd, Hhd, Md, Md, Md, Hhd, Md, Md, Md, Md, Md, Hhd, Hhd, Gd, Gd, Rd, Gd, Hhd, Hhd, Hhd, Hhd, Rd, Mm, Md, Gs, Hh, Gg, Gg, Gg, Gg, Uu, Uu, Uu, Uu, Uu, Uu, Uu, Uu, Uu, Uu, Uu, Uu, Uu, Uu, Uu, Uu, Uu, Uu, Uu, Uu, Uu, Uu, Uu, Uu, Uu, Uu, Uu, Uu, Uu, Uu, Uu, Uu, Uu, Uu, Uu, Uu, Uu, Uu, Uu, Uu, Uu, Uu, Uu
Uu, Uu, Uu, Uu, Uu, Uu, Uu, Uu, Uu, Uu, Uu, Uu, Uu, Uu, Uu, Uu, Uu, Uu, Uu, Uu, Uu, Uu, Uu, Uu, Uu, Uu, Uu, Uu, Uu, Uu, Uu, Uu, Uu, Uu, Uu, Uu, Uu, Uu, Uu, Uu, Uu, Uu, Uu, Uu, Uu, Uu, Uu, Uu, Uu, Uu, Uu, Uu, Uu, Uu, Uu, Uu, Uu, Uu, Uu, Uu, Uu, Uu, Uu, Uu, Uu, Uu, Uu, Hhd, Rd, Rd, Md, Md, Md, Md, Md, Md, Md, Md, Gd, Md, Md, Hhd, Hhd, Gd^Fdw, Gd^Dr, Rd, Hhd, Gd^Fdw, Md, Md, Md, Hhd, Md, Rd, Rd, Md, Md, Hh, Gg, Gg, Gs, Uu, Uu, Uu, Uu, Uu, Uu, Uu, Uu, Uu, Uu, Uu, Uu, Uu, Uu, Uu, Uu, Uu, Uu, Uu, Uu, Uu, Uu, Uu, Uu, Uu, Uu, Uu, Uu, Uu, Uu, Uu, Uu, Uu, Uu, Uu, Uu, Uu, Uu, Uu, Uu, Uu, Uu, Uu
Uu, Uu, Uu, Uu, Uu, Uu, Uu, Uu, Uu, Uu, Uu, Uu, Uu, Uu, Uu, Uu, Uu, Uu, Uu, Uu, Uu, Uu, Uu, Uu, Uu, Uu, Uu, Uu, Uu, Uu, Uu, Uu, Uu, Uu, Uu, Uu, Uu, Uu, Uu, Uu, Uu, Uu, Uu, Uu, Uu, Uu, Uu, Uu, Uu, Uu, Uu, Uu, Uu, Uu, Uu, Uu, Uu, Uu, Uu, Uu, Uu, Uu, Uu, Uu, Uu, Uu, Uu, Rd, Mm, Hhd, Hhd, Gd^Fdw, Hhd, Md, Hhd, Md, Hhd, Hhd, Hhd, Hhd, Hhd, Gll, Hhd, Hhd, Rd, Rd, Hhd, Md, Md, Md, Md, Md, Hhd, Md, Rd, Md, Mm, Gs^Fms, Gg, Gs, Gs, Uu, Uu, Uu, Uu, Uu, Uu, Uu, Uu, Uu, Uu, Uu, Uu, Uu, Uu, Uu, Uu, Uu, Uu, Uu, Uu, Uu, Uu, Uu, Uu, Uu, Uu, Uu, Uu, Uu, Uu, Uu, Uu, Uu, Uu, Uu, Uu, Uu, Uu, Uu, Uu, Uu, Uu, Uu
Uu, Uu, Uu, Uu, Uu, Uu, Uu, Uu, Uu, Uu, Uu, Uu, Uu, Uu, Uu, Uu, Uu, Uu, Uu, Uu, Uu, Uu, Uu, Uu, Uu, Uu, Uu, Uu, Uu, Uu, Uu, Uu, Uu, Uu, Uu, Uu, Uu, Uu, Uu, Uu, Uu, Uu, Uu, Uu, Uu, Uu, Uu, Uu, Uu, Uu, Uu, Uu, Uu, Uu, Uu, Uu, Uu, Uu, Uu, Uu, Uu, Uu, Uu, Uu, Uu, Uu, Uu, Rd, Md, Mm, Md, Mm, Mm, Mm, Hhd, Hhd, Gd^Fdw, Hhd, Gd^Fdw, Mm, Hhd, Hhd, Rd, Rd, Rd, Hhd, Gd, Hhd, Gd^Fdw, Md, Gd^Fdw, Hhd, Gd, Hhd, Rd, Hhd, Hhd, Mm, Mm, Gs, Gg, Uu, Uu, Uu, Uu, Uu, Uu, Uu, Uu, Uu, Uu, Uu, Uu, Uu, Uu, Uu, Uu, Uu, Uu, Uu, Uu, Uu, Uu, Uu, Uu, Uu, Uu, Uu, Uu, Uu, Uu, Uu, Uu, Uu, Uu, Uu, Uu, Uu, Uu, Uu, Uu, Uu, Uu, Uu
Uu, Uu, Uu, Uu, Uu, Uu, Uu, Uu, Uu, Uu, Uu, Uu, Uu, Uu, Uu, Uu, Uu, Uu, Uu, Uu, Uu, Uu, Uu, Uu, Uu, Uu, Uu, Uu, Uu, Uu, Uu, Uu, Uu, Uu, Uu, Uu, Uu, Uu, Uu, Uu, Uu, Uu, Uu, Uu, Uu, Uu, Uu, Uu, Uu, Uu, Uu, Uu, Uu, Uu, Uu, Uu, Uu, Uu, Uu, Uu, Uu, Uu, Uu, Uu, Uu, Uu, Uu, Rd, Rd, Md, Md, Md^Xm, Md^Xm, Md^Xm, Gd, Gd^Vo, Gll, Hhd, Gll, Gd^Fdw, Rd, Rd, Rd, Rd, Hhd, Gd^Vhr, Gd, Gd^Fdw, Gd, Md, Hhd, Gd, Gd^Fdw, Gd^Fdw, Rd, Hhd, Hhd, Md, Mm, Mm, Mm, Uu, Uu, Uu, Uu, Uu, Uu, Uu, Uu, Uu, Uu, Uu, Uu, Uu, Uu, Uu, Uu, Uu, Uu, Uu, Uu, Uu, Uu, Uu, Uu, Uu, Uu, Uu, Uu, Uu, Uu, Uu, Uu, Uu, Uu, Uu, Uu, Uu, Uu, Uu, Uu, Uu, Uu, Uu
Uu, Uu, Uu, Uu, Uu, Uu, Uu, Uu, Uu, Uu, Uu, Uu, Uu, Uu, Uu, Uu, Uu, Uu, Uu, Uu, Uu, Uu, Uu, Uu, Uu, Uu, Uu, Uu, Uu, Uu, Uu, Uu, Uu, Uu, Uu, Uu, Uu, Uu, Uu, Uu, Uu, Uu, Uu, Uu, Uu, Uu, Uu, Uu, Uu, Uu, Uu, Uu, Uu, Uu, Uu, Uu, Uu, Uu, Uu, Uu, Uu, Uu, Uu, Uu, Uu, Uu, Uu, Md, Hhd, Rd, Gd^Fdw, Hhd, Gd^Fdw, Md, Gd, Gd, Gd, Gd, Rd, Rd, Rd, Ce, Ke, Ce, Gd, Gd, Gll, Gd, Gd, Gd^Fdw, Gd, Gd, Gd, Gd^Fdw, Rd, Hhd, Hhd, Md, Mm, Mm, Mm, Uu, Uu, Uu, Uu, Uu, Uu, Uu, Uu, Uu, Uu, Uu, Uu, Uu, Uu, Uu, Uu, Uu, Uu, Uu, Uu, Uu, Uu, Uu, Uu, Uu, Uu, Uu, Uu, Uu, Uu, Uu, Uu, Uu, Uu, Uu, Uu, Uu, Uu, Uu, Uu, Uu, Uu, Uu
Uu, Uu, Uu, Uu, Uu, Uu, Uu, Uu, Uu, Uu, Uu, Uu, Uu, Uu, Uu, Uu, Uu, Uu, Uu, Uu, Uu, Uu, Uu, Uu, Uu, Uu, Uu, Uu, Uu, Uu, Uu, Uu, Uu, Uu, Uu, Uu, Uu, Uu, Uu, Uu, Uu, Uu, Uu, Uu, Uu, Uu, Uu, Uu, Uu, Uu, Uu, Uu, Uu, Uu, Uu, Uu, Uu, Uu, Uu, Uu, Uu, Uu, Uu, Uu, Uu, Uu, Uu, Gd^Fdw, Gd, Rd, Rd, Gd^Fdw, Gd, Gd^Dr, Gll, Gd, Gd^Fdw, Md, Rd, Rd, Ce, Ke, Ce, Ce, Gd, Gd, Gd, Gd, Gd, Gd, Gd, Hhd, Gd^Fdw, Rd, Rd, Gd^Fetd, Rd, Md, Mm, Mm, Mm, Uu, Uu, Uu, Uu, Uu, Uu, Uu, Uu, Uu, Uu, Uu, Uu, Uu, Uu, Uu, Uu, Uu, Uu, Uu, Uu, Uu, Uu, Uu, Uu, Uu, Uu, Uu, Uu, Uu, Uu, Uu, Uu, Uu, Uu, Uu, Uu, Uu, Uu, Uu, Uu, Uu, Uu, Uu
Uu, Uu, Uu, Uu, Uu, Uu, Uu, Uu, Uu, Uu, Uu, Uu, Uu, Uu, Uu, Uu, Uu, Uu, Uu, Uu, Uu, Uu, Uu, Uu, Uu, Uu, Uu, Uu, Uu, Uu, Uu, Uu, Uu, Uu, Uu, Uu, Uu, Uu, Uu, Uu, Uu, Uu, Uu, Uu, Uu, Uu, Uu, Uu, Uu, Uu, Uu, Uu, Uu, Uu, Uu, Uu, Uu, Uu, Uu, Uu, Uu, Uu, Uu, Uu, Uu, Uu, Uu, Gd, Rd, Rd, Gd, Gd^Vo, Gd, Gd, Gd, Gd^Vhr, Gd, Rd, Gd, Gd, Gd, Rd, Rd, Rd, Gd, Gd^Fdw, Hhd, Md, Gd^Fdw, Gd, Gd, Gd^Vhr, Rd, Rd, Gd, Rd, Rd, Rd, Uu, Mm, Uu, Uu, Uu, Uu, Uu, Uu, Uu, Uu, Uu, Uu, Uu, Uu, Uu, Uu, Uu, Uu, Uu, Uu, Uu, Uu, Uu, Uu, Uu, Uu, Uu, Uu, Uu, Uu, Uu, Uu, Uu, Uu, Uu, Uu, Uu, Uu, Uu, Uu, Uu, Uu, Uu, Uu, Uu, Uu
Uu, Uu, Uu, Uu, Uu, Uu, Uu, Uu, Uu, Uu, Uu, Uu, Uu, Uu, Uu, Uu, Uu, Uu, Uu, Uu, Uu, Uu, Uu, Uu, Uu, Uu, Uu, Uu, Uu, Uu, Uu, Uu, Uu, Uu, Uu, Uu, Uu, Uu, Uu, Uu, Uu, Uu, Uu, Uu, Uu, Uu, Uu, Uu, Uu, Uu, Uu, Uu, Uu, Uu, Uu, Uu, Uu, Uu, Uu, Uu, Uu, Uu, Uu, Uu, Uu, Uu, Uu, Rd, Gd^Fdw, Hhd, Gd^Fdw, Gd, Gd, Gd, Rd, Gd, Rd, Rd, Md^Xm, Gd^Fdw, Md^Xm, Gd, Rd, Rd, Gd, Gd, Gll, Gd^Fdw, Hhd, Gd^Fdw, Rd, Rd, Rd, Gd, Gd, Gd, Gd^Fdw, Md^Xm, Uu, Uu, Uu, Uu, Uu, Uu, Uu, Uu, Uu, Uu, Uu, Uu, Uu, Uu, Uu, Uu, Uu, Uu, Uu, Uu, Uu, Uu, Uu, Uu, Uu, Uu, Uu, Uu, Uu, Uu, Uu, Uu, Uu, Uu, Uu, Uu, Uu, Uu, Uu, Uu, Uu, Uu, Uu, Uu, Uu, Uu
Uu, Uu, Uu, Uu, Uu, Uu, Uu, Uu, Uu, Uu, Uu, Uu, Uu, Uu, Uu, Uu, Uu, Uu, Uu, Uu, Uu, Uu, Uu, Uu, Uu, Uu, Uu, Uu, Uu, Uu, Uu, Uu, Uu, Uu, Uu, Uu, Uu, Uu, Uu, Uu, Uu, Uu, Uu, Uu, Uu, Uu, Uu, Uu, Uu, Uu, Uu, Uu, Uu, Uu, Uu, Uu, Uu, Uu, Uu, Uu, Uu, Uu, Uu, Uu, Uu, Uu, Uu, Rd, Md, Md^Xm, Md^Xm, Md, Rd, Rd, Gd, Rd, Gd, Gd^Fdw, Gd^Fdw, Md^Xm, Md^Xm, Hhd, Rd, Gd, Gd, Gd^Es, Gd, Gd^Vhr, Gd, Gd, Rd, Rd, Gd^Es, Gd, Gd^Fdw, Hhd, Md^Xm, Md^Xm, Uu, Uu, Uu, Uu, Uu, Uu, Uu, Uu, Uu, Uu, Uu, Uu, Uu, Uu, Uu, Uu, Uu, Uu, Uu, Uu, Uu, Uu, Uu, Uu, Uu, Uu, Uu, Uu, Uu, Uu, Uu, Uu, Uu, Uu, Uu, Uu, Uu, Uu, Uu, Uu, Uu, Uu, Uu, Uu, Uu, Uu
Uu, Uu, Uu, Uu, Uu, Uu, Uu, Uu, Uu, Uu, Uu, Uu, Uu, Uu, Uu, Uu, Uu, Uu, Uu, Uu, Uu, Uu, Uu, Uu, Uu, Uu, Uu, Uu, Uu, Uu, Uu, Uu, Uu, Uu, Uu, Uu, Uu, Uu, Uu, Uu, Uu, Uu, Uu, Uu, Uu, Uu, Uu, Uu, Uu, Uu, Uu, Uu, Uu, Uu, Uu, Uu, Uu, Uu, Uu, Uu, Uu, Uu, Uu, Uu, Uu, Uu, Uu, Rd, Gd^Fdw, Gd^Fdw, Gd, Hhd, Rd, Gd, Gd^Vhr, Gll, Gd, Mm, Md^Xm, Gd^Fdw, Gd^Fdw, Hhd, Rd, Gd, Hhd, Gd, Gd^Fetd, Gll, Gd, Rd, Rd, Gd, Gd, Gd, Hhd, Md^Xm, Md^Xm, Md, Uu, Uu, Uu, Uu, Uu, Uu, Uu, Uu, Uu, Uu, Uu, Uu, Uu, Uu, Uu, Uu, Uu, Uu, Uu, Uu, Uu, Uu, Uu, Uu, Uu, Uu, Uu, Uu, Uu, Uu, Uu, Uu, Uu, Uu, Uu, Uu, Uu, Uu, Uu, Uu, Uu, Uu, Uu, Uu, Uu, Uu
Uu, Uu, Uu, Uu, Uu, Uu, Uu, Uu, Uu, Uu, Uu, Uu, Uu, Uu, Uu, Uu, Uu, Uu, Uu, Uu, Uu, Uu, Uu, Uu, Uu, Uu, Uu, Uu, Uu, Uu, Uu, Uu, Uu, Uu, Uu, Uu, Uu, Uu, Uu, Uu, Uu, Uu, Uu, Uu, Uu, Uu, Uu, Uu, Uu, Uu, Uu, Uu, Uu, Uu, Uu, Uu, Uu, Uu, Uu, Uu, Uu, Uu, Uu, Uu, Uu, Uu, Uu, Rd, Rd, Gd, Rd, Rd, Gd, Gd^Fdw, Gd, Gd, Gd^Es, Hhd, Md^Xm, Gd^Fdw, Hhd, Hhd^Vhhr, Rd, Hhd, Gd^Fdw, Md, Hhd, Gll, Rd, Rd, Ce, Gd, Hhd, Gd, Gd, Md, Md^Xm, Md, Uu, Uu, Uu, Uu, Uu, Uu, Uu, Uu, Uu, Uu, Uu, Uu, Uu, Uu, Uu, Uu, Uu, Uu, Uu, Uu, Uu, Uu, Uu, Uu, Uu, Uu, Uu, Uu, Uu, Uu, Uu, Uu, Uu, Uu, Uu, Uu, Uu, Uu, Uu, Uu, Uu, Uu, Uu, Uu, Uu, Uu
Uu, Uu, Uu, Uu, Uu, Uu, Uu, Uu, Uu, Uu, Uu, Uu, Uu, Uu, Uu, Uu, Uu, Uu, Uu, Uu, Uu, Uu, Uu, Uu, Uu, Uu, Uu, Uu, Uu, Uu, Uu, Uu, Uu, Uu, Uu, Uu, Uu, Uu, Uu, Uu, Uu, Uu, Uu, Uu, Uu, Uu, Uu, Uu, Uu, Uu, Uu, Uu, Uu, Uu, Uu, Uu, Uu, Uu, Uu, Uu, Uu, Uu, Uu, Uu, Uu, Uu, Uu, Gd^Fdw, Rd, Rd, Md, Gd, Gd, Gd, Gd^Es, Gd, Gd, Gd^Fdw, Md^Xm, Md^Xm, Gd^Fdw, Gd, Gd, Rd, Rd, Hhd, Rd, Rd, Hhd, Rd, Ce, Ce, Gd^Fetd, Gll, Gd^Es, Hhd, Gd^Fdw, Md^Xm, Uu, Uu, Uu, Uu, Uu, Uu, Uu, Uu, Uu, Uu, Uu, Uu, Uu, Uu, Uu, Uu, Uu, Uu, Uu, Uu, Uu, Uu, Uu, Uu, Uu, Uu, Uu, Uu, Uu, Uu, Uu, Uu, Uu, Uu, Uu, Uu, Uu, Uu, Uu, Uu, Uu, Uu, Uu, Uu, Uu, Uu
Uu, Uu, Uu, Uu, Uu, Uu, Uu, Uu, Uu, Uu, Uu, Uu, Uu, Uu, Uu, Uu, Uu, Uu, Uu, Uu, Uu, Uu, Uu, Uu, Uu, Uu, Uu, Uu, Uu, Uu, Uu, Uu, Uu, Uu, Uu, Uu, Uu, Uu, Uu, Uu, Uu, Uu, Uu, Uu, Uu, Uu, Uu, Uu, Uu, Uu, Uu, Uu, Uu, Uu, Uu, Uu, Uu, Uu, Uu, Uu, Uu, Uu, Uu, Uu, Uu, Uu, Uu, Hhd, Rd, Gd^Fdw, Hhd, Gd^Fdw, Rd, Rd, Gd, Gll, Gd^Fdw, Md^Xm, Md^Xm, Mm, Gll, Gll, Rd, Rd, Gd, Rd, Gd, Md^Xm, Md, Gd, Rd, Rd, Rd, Rd, Rd, Gd, Gd, Gd^Fdw, Uu, Uu, Uu, Uu, Uu, Uu, Uu, Uu, Uu, Uu, Uu, Uu, Uu, Uu, Uu, Uu, Uu, Uu, Uu, Uu, Uu, Uu, Uu, Uu, Uu, Uu, Uu, Uu, Uu, Uu, Uu, Uu, Uu, Uu, Uu, Uu, Uu, Uu, Uu, Uu, Uu, Uu, Uu, Uu, Uu, Uu
Uu, Uu, Uu, Uu, Uu, Uu, Uu, Uu, Uu, Uu, Uu, Uu, Uu, Uu, Uu, Uu, Uu, Uu, Uu, Uu, Uu, Uu, Uu, Uu, Uu, Uu, Uu, Uu, Uu, Uu, Uu, Uu, Uu, Uu, Uu, Uu, Uu, Uu, Uu, Uu, Uu, Uu, Uu, Uu, Uu, Uu, Uu, Uu, Uu, Uu, Uu, Uu, Uu, Uu, Uu, Uu, Uu, Uu, Uu, Uu, Uu, Uu, Uu, Uu, Uu, Uu, Uu, Rd, Gd, Rd, Rd, Rd, Rd, Rd, Rd, Gd, Mm, Md^Xm, Gll^Dr, Hhd, Gd, Gd, Rd, Gd, Gd, Hhd, Md^Xm, Md^Xm, Gd^Fdw, Gd, Gd, Rd, Rd, Rd, Hhd, Rd, Rd, Rd, Uu, Uu, Uu, Uu, Uu, Uu, Uu, Uu, Uu, Uu, Uu, Uu, Uu, Uu, Uu, Uu, Uu, Uu, Uu, Uu, Uu, Uu, Uu, Uu, Uu, Uu, Uu, Uu, Uu, Uu, Uu, Uu, Uu, Uu, Uu, Uu, Uu, Uu, Uu, Uu, Uu, Uu, Uu, Uu, Uu, Uu
Uu, Uu, Uu, Uu, Uu, Uu, Uu, Uu, Uu, Uu, Uu, Uu, Uu, Uu, Uu, Uu, Uu, Uu, Uu, Uu, Uu, Uu, Uu, Uu, Uu, Uu, Uu, Uu, Uu, Uu, Uu, Uu, Uu, Uu, Uu, Uu, Uu, Uu, Uu, Uu, Uu, Uu, Uu, Uu, Uu, Uu, Uu, Uu, Uu, Uu, Uu, Uu, Uu, Uu, Uu, Uu, Uu, Uu, Uu, Uu, Uu, Uu, Uu, Uu, Uu, Uu, Uu, Gd^Fetd, Gd^Fdw, Gd, Gd, Rd, Gd^Fdw, Rd, Ce, Gd, Hhd, Md^Xm, Rd, Rd, Rd, Rd, Gd, Gd, Gd^Fdw, Md, Md^Xm, Md^Xm, Gd, Gd, Gd, Rd, Gd, Gd^Fdw, Mm, Gd^Fdw, Rd, Hhd, Uu, Uu, Uu, Uu, Uu, Uu, Uu, Uu, Uu, Uu, Uu, Uu, Uu, Uu, Uu, Uu, Uu, Uu, Uu, Uu, Uu, Uu, Uu, Uu, Uu, Uu, Uu, Uu, Uu, Uu, Uu, Uu, Uu, Uu, Uu, Uu, Uu, Uu, Uu, Uu, Uu, Uu, Uu, Uu, Uu, Uu
Uu, Uu, Uu, Uu, Uu, Uu, Uu, Uu, Uu, Uu, Uu, Uu, Uu, Uu, Uu, Uu, Uu, Uu, Uu, Uu, Uu, Uu, Uu, Uu, Uu, Uu, Uu, Uu, Uu, Uu, Uu, Uu, Uu, Uu, Uu, Uu, Uu, Uu, Uu, Uu, Uu, Uu, Uu, Uu, Uu, Uu, Uu, Uu, Uu, Uu, Uu, Uu, Uu, Uu, Uu, Uu, Uu, Uu, Uu, Uu, Uu, Uu, Uu, Uu, Uu, Uu, Uu, Md^Xm, Md^Xm, Hhd, Gd, Gd, Hhd, Ce, Ce, Rd, Rd, Rd, Hhd, Hhd, Gd^Fetd, Rd, Rd, Gd, Hhd, Md^Xm, Md^Xm, Gd^Fdw, Gd, Gd^Es, Gd, Gd, Gd, Gd, Rd, Rd, Rd, Gd^Fdw, Uu, Uu, Uu, Uu, Uu, Uu, Uu, Uu, Uu, Uu, Uu, Uu, Uu, Uu, Uu, Uu, Uu, Uu, Uu, Uu, Uu, Uu, Uu, Uu, Uu, Uu, Uu, Uu, Uu, Uu, Uu, Uu, Uu, Uu, Uu, Uu, Uu, Uu, Uu, Uu, Uu, Uu, Uu, Uu, Uu, Uu
Uu, Uu, Uu, Uu, Uu, Uu, Uu, Uu, Uu, Uu, Uu, Uu, Uu, Uu, Uu, Uu, Uu, Uu, Uu, Uu, Uu, Uu, Uu, Uu, Uu, Uu, Uu, Uu, Uu, Uu, Uu, Uu, Uu, Uu, Uu, Uu, Uu, Uu, Uu, Uu, Uu, Uu, Uu, Uu, Uu, Uu, Uu, Uu, Uu, Uu, Uu, Uu, Uu, Uu, Uu, Uu, Uu, Uu, Uu, Uu, Uu, Uu, Uu, Uu, Uu, Uu, Uu, Md, Md^Xm, Md, Hhd, Gd, Gd, Gd, Rd, Rd, Gd, Gd, Gd^Fdw, Md, Hhd, Hhd, Rd, Gd^Vo, Gd^Fdw, Gd^Fdw, Md^Xm, Hhd, Gd, Gd, Gd^Vo, Gd^Fdw, Rd, Rd, Gd, Gll, Gd^Fetd, Rd, Uu, Uu, Uu, Uu, Uu, Uu, Uu, Uu, Uu, Uu, Uu, Uu, Uu, Uu, Uu, Uu, Uu, Uu, Uu, Uu, Uu, Uu, Uu, Uu, Uu, Uu, Uu, Uu, Uu, Uu, Uu, Uu, Uu, Uu, Uu, Uu, Uu, Uu, Uu, Uu, Uu, Uu, Uu, Uu, Uu, Uu
Uu, Uu, Uu, Uu, Uu, Uu, Uu, Uu, Uu, Uu, Uu, Uu, Uu, Uu, Uu, Uu, Uu, Uu, Uu, Uu, Uu, Uu, Uu, Uu, Uu, Uu, Uu, Uu, Uu, Uu, Uu, Uu, Uu, Uu, Uu, Uu, Uu, Uu, Uu, Uu, Uu, Uu, Uu, Uu, Uu, Uu, Uu, Uu, Uu, Uu, Uu, Uu, Uu, Uu, Uu, Uu, Uu, Uu, Uu, Uu, Uu, Uu, Uu, Uu, Uu, Uu, Uu, Md, Md^Xm, Md^Xm, Gd^Fdw, Gd, Gd, Gd, Rd, Rd, Gd, Gd, Gll, Gd, Gd, Gd, Rd, Hhd, Md^Xm, Gd^Fdw, Gd^Fdw, Md, Gd, Gd, Gd, Gd, Rd, Hhd, Md^Xm, Gd^Fdw, Md, Rd, Uu, Uu, Uu, Uu, Uu, Uu, Uu, Uu, Uu, Uu, Uu, Uu, Uu, Uu, Uu, Uu, Uu, Uu, Uu, Uu, Uu, Uu, Uu, Uu, Uu, Uu, Uu, Uu, Uu, Uu, Uu, Uu, Uu, Uu, Uu, Uu, Uu, Uu, Uu, Uu, Uu, Uu, Uu, Uu, Uu, Uu
Uu, Uu, Uu, Uu, Uu, Uu, Uu, Uu, Uu, Uu, Uu, Uu, Uu, Uu, Uu, Uu, Uu, Uu, Uu, Uu, Uu, Uu, Uu, Uu, Uu, Uu, Uu, Uu, Uu, Uu, Uu, Uu, Uu, Uu, Uu, Uu, Uu, Uu, Uu, Uu, Uu, Uu, Uu, Uu, Uu, Uu, Uu, Uu, Uu, Uu, Uu, Uu, Uu, Uu, Uu, Uu, Uu, Uu, Uu, Uu, Uu, Uu, Uu, Uu, Uu, Uu, Uu, Md^Xm, Gd^Fdw, Hhd, Gd, Gd, Rd, Rd, Rd, Gd, Hhd, Gd^Vo, Gd, Gd, Gd^Es, Gd, Rd, Hhd, Md^Xm, Md^Xm, Md^Xm, Gd^Fdw, Rd, Rd, Rd, Rd, Gd, Md, Gd^Fdw, Md^Xm, Gd^Fdw, Rd, Gd, Gd, Gd, Gd, Hhd, Hhd, Uu, Uu, Uu, Uu, Uu, Uu, Uu, Uu, Uu, Uu, Uu, Uu, Uu, Uu, Uu, Uu, Uu, Uu, Uu, Uu, Uu, Uu, Uu, Uu, Uu, Uu, Uu, Uu, Uu, Uu, Uu, Uu, Uu, Uu, Uu, Uu, Uu, Uu, Uu, Uu
Uu, Uu, Uu, Uu, Uu, Uu, Uu, Uu, Uu, Uu, Uu, Uu, Uu, Uu, Uu, Uu, Uu, Uu, Uu, Uu, Uu, Uu, Uu, Uu, Uu, Uu, Uu, Uu, Uu, Uu, Uu, Uu, Uu, Uu, Uu, Uu, Uu, Uu, Uu, Uu, Uu, Uu, Uu, Uu, Uu, Uu, Uu, Uu, Uu, Uu, Uu, Uu, Uu, Uu, Uu, Uu, Uu, Uu, Uu, Uu, Uu, Uu, Uu, Uu, Uu, Uu, Uu, Md^Xm, Rd, Gd^Es, Gd, Gd, Rd, Rd, Gd, Gd^Fdw, Gd^Fdw, Gd^Fdw, Hhd, Gd, Gd, Rd, Rd, Gd, Gll, Gd^Fdw, Gd, Rd, Gd, Gd, Gd, Gll, Gd, Gd, Gd, Hhd, Rd, Rd, Hhd, Hhd, Hhd, Gd, Hhd, Hhd, Uu, Uu, Uu, Uu, Uu, Uu, Uu, Uu, Uu, Uu, Uu, Uu, Uu, Uu, Uu, Uu, Uu, Uu, Uu, Uu, Uu, Uu, Uu, Uu, Uu, Uu, Uu, Uu, Uu, Uu, Uu, Uu, Uu, Uu, Uu, Uu, Uu, Uu, Uu, Uu
Uu, Uu, Uu, Uu, Uu, Uu, Uu, Uu, Hhd, Uu, Gd, Uu, Gd, Uu, Hhd, Uu, Gd, Uu, Hhd, Uu, Rd, Uu, Rd, Uu, Gd, Uu, Gd, Uu, Gd, Uu, Gd, Uu, Gd, Uu, Uu, Uu, Uu, Uu, Uu, Uu, Uu, Uu, Uu, Uu, Uu, Uu, Uu, Uu, Uu, Uu, Uu, Uu, Uu, Uu, Uu, Uu, Uu, Uu, Uu, Uu, Uu, Uu, Uu, Uu, Uu, Uu, Uu, Rd, Rd, Rd, Rd, Rd, Gd^Fdw, Gd^Vo, Gd, Gd, Gd, Mm, Gd, Gd^Fdw, Gd, Rd, Co, Rd, Co, Gd, Rd, Rd, Gd^Fdw, Gd^Vo, Gd, Gd, Gd, Gd^Vo, Rd, Rd, Gd, Gd, Gd, Gd, Gd, Hhd, Hhd, Hhd, Uu, Uu, Uu, Uu, Uu, Uu, Uu, Uu, Uu, Uu, Uu, Uu, Uu, Uu, Uu, Uu, Uu, Uu, Uu, Uu, Uu, Uu, Uu, Uu, Uu, Uu, Uu, Uu, Uu, Uu, Uu, Uu, Uu, Uu, Uu, Uu, Uu, Uu, Uu, Uu
Uu, Uu, Uu, Uu, Uu, Uu, Uu, Hhd, Hhd, Hhd, Md, Hhd, Hhd, Hhd, Hhd, Gd, Hhd, Gd, Gll, Gd, Rd, Hhd, Hhd, Rd, Rd, Gd, Gll^Fdw, Gll, Hhd, Hhd, Hhd, Hhd, Hhd, Uu, Uu, Uu, Uu, Uu, Uu, Uu, Uu, Uu, Uu, Uu, Uu, Uu, Uu, Uu, Uu, Uu, Uu, Uu, Uu, Uu, Uu, Uu, Uu, Uu, Uu, Uu, Uu, Uu, Uu, Uu, Uu, Uu, Uu, Hhd, Md, Gd^Fdw, Rd, Rd, Gd^Efm, Hhd, Gd, Gd, Gd, Gd, Gd, Gd, Gd, Co, Ko, Ko, Rd, Rd, Rd, Md, Gd, Gd^Es, Gd, Gd^Dr, Gd^Fdw, Gd^Fdw, Gd^Fdw, Rd, Hhd, Gd^Fdw, Hhd, Gd, Hhd, Hhd, Mm, Mm, Uu, Uu, Uu, Uu, Uu, Uu, Uu, Uu, Uu, Uu, Uu, Uu, Uu, Uu, Uu, Uu, Uu, Uu, Uu, Uu, Uu, Uu, Uu, Uu, Uu, Uu, Uu, Uu, Uu, Uu, Uu, Uu, Uu, Uu, Uu, Uu, Uu, Uu, Uu, Uu
Uu, Uu, Uu, Uu, Uu, Uu, Uu, Gd, Gd, Hhd, Md, Hhd, Hhd, Md^Xm, Md^Xm, Hhd, Md, Hhd, Gd, Gd, Rd, Md, Gd^Es, Gd, Gd, Rd, Rd, Gd, Gd, Md, Gll, Md, Gd, Uu, Uu, Uu, Uu, Uu, Uu, Uu, Uu, Uu, Uu, Uu, Uu, Uu, Uu, Uu, Uu, Uu, Uu, Uu, Uu, Uu, Uu, Uu, Uu, Uu, Uu, Uu, Uu, Uu, Uu, Uu, Uu, Uu, Uu, Md, Hhd, Hhd, Rd, Gd^Fdw, Gd^Fdw, Gll, Hhd, Gd^Fdw, Gll, Gd^Es, Gd, Gd, Hhd, Co, Rd, Co, Rd, Rd, Gd, Gd, Gd, Gd, Gd, Gd^Fdw, Md^Xm, Hhd, Md, Rd, Md, Md, Md, Md, Mm, Hhd, Mm, Mm, Uu, Uu, Uu, Uu, Uu, Uu, Uu, Uu, Uu, Uu, Uu, Uu, Uu, Uu, Uu, Uu, Uu, Uu, Uu, Uu, Uu, Uu, Uu, Uu, Uu, Uu, Uu, Uu, Uu, Uu, Uu, Uu, Uu, Uu, Uu, Uu, Uu, Uu, Uu, Uu
Uu, Uu, Uu, Uu, Uu, Uu, Uu, Rd, Rd, Hhd, Hhd, Md, Hhd, Mm, Hhd, Md^Xm, Hhd, Hhd^Vhhr, Rd, Rd, Gd^Edb, Gd, Gll, Gd, Hhd, Gd, Gd, Rd, Rd, Gd, Hhd, Gd^Es, Gd, Uu, Uu, Uu, Uu, Uu, Uu, Uu, Uu, Uu, Uu, Uu, Uu, Uu, Uu, Uu, Uu, Uu, Uu, Uu, Uu, Uu, Uu, Uu, Uu, Uu, Uu, Uu, Uu, Uu, Uu, Uu, Uu, Uu, Uu, Md, Hhd, Rd, Gd, Gd^Fdw, Gd^Fdw, Gd, Hhd, Md, Gd^Fdw, Gd^Fdw, Gd, Gd^Vo, Rd, Rd, Rd, Rd, Gd^Fdw, Hhd, Gd^Fdw, Gll, Gd^Fetd, Gd^Vo, Hhd, Md^Xm, Md, Md^Xm, Md, Rd, Rd, Md, Mm, Mm, Mm, Mm, Mm, Mm, Uu, Uu, Uu, Uu, Uu, Uu, Uu, Uu, Uu, Uu, Uu, Uu, Uu, Uu, Uu, Uu, Uu, Uu, Uu, Uu, Uu, Uu, Uu, Uu, Uu, Uu, Uu, Uu, Uu, Uu, Uu, Uu, Uu, Uu, Uu, Uu, Uu, Uu, Uu, Uu
Uu, Uu, Uu, Uu, Uu, Uu, Uu, Hhd, Hhd, Rd, Rd, Hhd, Gll, Mm, Md^Xm, Md^Xm, Gd, Gd, Rd, Gd, Gd, Gd, Gd, Gd, Gd, Gd, Hhd, Gd, Gd, Rd, Rd, Gd, Gd, Uu, Uu, Uu, Uu, Uu, Uu, Uu, Uu, Uu, Uu, Uu, Uu, Uu, Uu, Uu, Uu, Uu, Uu, Uu, Uu, Uu, Uu, Uu, Uu, Uu, Uu, Uu, Uu, Uu, Uu, Uu, Uu, Uu, Uu, Md, Rd, Rd, Gd, Gd, Gd, Md, Gd, Gd^Fdw, Gd^Fdw, Gll, Gd, Rd, Rd, Rd, Gd, Md, Gd, Gd^Fdw, Gll, Gd^Fdw, Gd, Hhd, Hhd, Md^Xm, Hhd, Md, Md, Md, Mm, Md, Hh, Mm, Hh, Mm, Hh, Gs, Uu, Uu, Uu, Uu, Uu, Uu, Uu, Uu, Uu, Uu, Uu, Uu, Uu, Uu, Uu, Uu, Uu, Uu, Uu, Uu, Uu, Uu, Uu, Uu, Uu, Uu, Uu, Uu, Uu, Uu, Uu, Uu, Uu, Uu, Uu, Uu, Uu, Uu, Uu, Uu
Uu, Uu, Uu, Uu, Uu, Uu, Uu, Md, Md, Gd, Rd, Gd, Hhd, Mm, Mm, Md^Xm, Hhd, Gd, Rd, Gd, Hhd, Gd, Hhd, Gd, Gd, Gll, Gd, Gd, Gd, Gd, Rd, Hhd, Hhd, Uu, Uu, Uu, Uu, Uu, Uu, Uu, Uu, Uu, Uu, Uu, Uu, Uu, Uu, Uu, Uu, Uu, Uu, Uu, Uu, Uu, Uu, Uu, Uu, Uu, Uu, Uu, Uu, Uu, Uu, Uu, Uu, Uu, Uu, Uu, Gd, Gd, Md, Hhd, Hhd, Gd^Fdw, Hhd, Gd^Fdw, Gd, Mm, Rd, Rd, Rd, Gd, Gd, Mm, Gd^Fdw, Gd, Hhd, Gd, Hhd, Gd, Hhd, Hhd, Md, Md, Mm, Mm, Mm, Mm, Hh, Re, Re, Mm, Gs, Hh, Uu, Uu, Uu, Uu, Uu, Uu, Uu, Uu, Uu, Uu, Uu, Uu, Uu, Uu, Uu, Uu, Uu, Uu, Uu, Uu, Uu, Uu, Uu, Uu, Uu, Uu, Uu, Uu, Uu, Uu, Uu, Uu, Uu, Uu, Uu, Uu, Uu, Uu, Uu, Uu
Uu, Uu, Uu, Uu, Uu, Uu, Uu, Md^Xm, Md^Xm, Md, Hhd, Rd, Rd, Hhd, Md, Hhd, Gd, Gd, Rd, Gd, Hhd, Md, Md, Hhd, Hhd, Gd, Gd, Gd^Ecf, Gd, Gd, Rd, Gd, Gd, Uu, Uu, Uu, Uu, Uu, Uu, Uu, Uu, Uu, Uu, Uu, Uu, Uu, Uu, Uu, Uu, Uu, Uu, Uu, Uu, Uu, Uu, Uu, Uu, Uu, Uu, Uu, Uu, Uu, Uu, Uu, Uu, Uu, Uu, Uu, Gd, Gd^Fdw, Md, Gd^Fdw, Hhd, Gd, Gd, Gd, Gd, Gd, Rd, Gd, Gd, Rd, Rd, Gd, Gd, Gd, Hhd, Hhd, Mm, Hhd, Hh, Md, Mm, Mm, Mm, Mm, Mm, Mm, Hh, Gs, Gs, Re, Rb, Gs, Uu, Uu, Uu, Uu, Uu, Uu, Uu, Uu, Uu, Uu, Uu, Uu, Uu, Uu, Uu, Uu, Uu, Uu, Uu, Uu, Uu, Uu, Uu, Uu, Uu, Uu, Uu, Uu, Uu, Uu, Uu, Uu, Uu, Uu, Uu, Uu, Uu, Uu, Uu, Uu
Uu, Uu, Uu, Uu, Uu, Uu, Uu, Md^Xm, Md^Xm, Md, Md, Gd, Gd, Rd, Gd, Md, Md, Hhd, Rd, Hhd, Gd, Md, Md, Hhd, Gd, Hhd, Gd, Gd, Gd, Gd, Rd, Hhd, Gd, Uu, Uu, Uu, Uu, Uu, Uu, Uu, Uu, Uu, Uu, Uu, Uu, Uu, Uu, Uu, Uu, Uu, Uu, Uu, Uu, Uu, Uu, Uu, Uu, Uu, Uu, Uu, Uu, Uu, Uu, Uu, Uu, Uu, Uu, Uu, Hhd, Hhd, Gd^Fdw, Hhd, Gd, Gd, Gd^Fdw, Gd, Rd, Rd, Gd, Gd, Gd^Vo, Gd, Rd, Gd, Hhd, Gd^Fdw, Hhd, Hhd, Md, Md, Mm, Mm, Gs, Hh, Mm, Mm, Hh^Fp, Hh, Gs, Gs, Rb, Rb, Gg, Rb, Uu, Uu, Uu, Uu, Uu, Uu, Uu, Uu, Uu, Uu, Uu, Uu, Uu, Uu, Uu, Uu, Uu, Uu, Uu, Uu, Uu, Uu, Uu, Uu, Uu, Uu, Uu, Uu, Uu, Uu, Uu, Uu, Uu, Uu, Uu, Uu, Uu, Uu, Uu, Uu
Uu, Uu, Uu, Uu, Uu, Uu, Uu, Md^Xm, Md^Xm, Md, Md, Hhd, Hhd^Vhhr, Rd, Rd, Md, Hhd, Hhd, Rd, Hhd, Md, Md, Md, Gd, Hhd, Hhd, Gd, Gd, Gd, Ce, Ce, Rd, Rd, Uu, Uu, Uu, Uu, Uu, Uu, Uu, Uu, Uu, Uu, Uu, Uu, Uu, Uu, Uu, Uu, Uu, Uu, Uu, Uu, Uu, Uu, Uu, Uu, Uu, Uu, Uu, Uu, Uu, Uu, Uu, Uu, Uu, Uu, Uu, Gd^Fdw, Hhd, Gd^Vo, Gd^Fdw, Gd, Gd, Rd, Rd, Gd, Gd, Gd, Gd^Fdw, Gd, Hhd, Gd, Rd, Hhd, Gd, Mm, Md, Mm, Mm, Mm, Mm, Mm, Mm, Hh, Gg, Hh, Hh, Re, Rb, Ss, Ss, Ss, Ss, Uu, Uu, Uu, Uu, Uu, Uu, Uu, Uu, Uu, Uu, Uu, Uu, Uu, Uu, Uu, Uu, Uu, Uu, Uu, Uu, Uu, Uu, Uu, Uu, Uu, Uu, Uu, Uu, Uu, Uu, Uu, Uu, Uu, Uu, Uu, Uu, Uu, Uu, Uu, Uu
Uu, Uu, Uu, Uu, Uu, Uu, Uu, Md^Xm, Md^Xm, Md^Xm, Hhd, Hhd, Hhd, Hhd, Gd, Rd, Rd, Rd, Gd, Gll, Gd, Md, Md^Xm, Hhd, Md, Gd, Hhd, Hhd, Gd, Ke, Hhd, Hhd, Gd, Uu, Uu, Uu, Uu, Uu, Uu, Uu, Uu, Uu, Uu, Uu, Uu, Uu, Uu, Uu, Uu, Uu, Uu, Uu, Uu, Uu, Uu, Uu, Uu, Uu, Uu, Uu, Uu, Uu, Uu, Uu, Uu, Uu, Uu, Uu, Gd, Hhd, Hhd, Gd, Rd, Rd, Hhd, Hhd, Hhd, Gd^Fdw, Gd, Hhd, Gd, Hhd, Md, Rd, Md, Md, Mm, Mm, Mm, Mm, Mm, Mm, Mm, Hh, Hh, Gg, Gs, Gs, Rb, Ss, Ss, Ss, Ss, Ss, Uu, Uu, Uu, Uu, Uu, Uu, Uu, Uu, Uu, Uu, Uu, Uu, Uu, Uu, Uu, Uu, Uu, Uu, Uu, Uu, Uu, Uu, Uu, Uu, Uu, Uu, Uu, Uu, Uu, Uu, Uu, Uu, Uu, Uu, Uu, Uu, Uu, Uu, Uu, Uu
Uu, Uu, Uu, Uu, Uu, Uu, Uu, Md^Xm, Md^Xm, Md, Md, Gd, Hhd, Gd, Md, Hhd, Gd, Hhd, Hhd, Gd, Md, Md, Md, Md^Xm, Md^Xm, Md, Md, Md, Md, Md, Md, Gd, Hhd, Uu, Uu, Uu, Uu, Uu, Uu, Uu, Uu, Uu, Uu, Uu, Uu, Uu, Uu, Uu, Uu, Uu, Uu, Uu, Uu, Uu, Uu, Uu, Uu, Uu, Uu, Uu, Uu, Uu, Uu, Uu, Uu, Uu, Uu, Uu, Gd, Gd, Rd, Rd, Gd, Gd, Hhd, Md, Md, Hhd, Hhd, Hhd, Md, Md, Mm, Hhd, Mm, Md, Mm, Hh, Mm, Hh, Hh, Mm, Mm, Hh, Gs, Hh, Gs, Gg, Sm, Ss, Ss, Gg, Ss, Gg, Uu, Uu, Uu, Uu, Uu, Uu, Uu, Uu, Uu, Uu, Uu, Uu, Uu, Uu, Uu, Uu, Uu, Uu, Uu, Uu, Uu, Uu, Uu, Uu, Uu, Uu, Uu, Uu, Uu, Uu, Uu, Uu, Uu, Uu, Uu, Uu, Uu, Uu, Uu, Uu
Uu, Uu, Uu, Uu, Uu, Uu, Uu, Md, Md, Md^Xm, Md, Md, Md, Md, Gd, Gd, Hhd, Hhd, Gd, Gd, Gd, Gd, Gd^Es, Md, Hhd, Md, Md, Md, Md, Md, Md, Md, Md, Uu, Uu, Uu, Uu, Uu, Uu, Uu, Uu, Uu, Uu, Uu, Uu, Uu, Uu, Uu, Uu, Uu, Uu, Uu, Uu, Uu, Uu, Uu, Uu, Uu, Uu, Uu, Uu, Uu, Uu, Uu, Uu, Uu, Uu, Uu, Rd, Rd, Gd, Hhd, Gd, Hhd, Hhd, Md, Hhd, Hhd, Mm, Mm, Hhd, Mm, Hh, Hh, Mm, Hh^Vhh, Mm, Mm, Hh, Gs, Gs, Hh, Gs, Hh, Gs, Gs, Ss, Ss, Ss, Ss, Gg, Ss, Gg, Ww, Uu, Uu, Uu, Uu, Uu, Uu, Uu, Uu, Uu, Uu, Uu, Uu, Uu, Uu, Uu, Uu, Uu, Uu, Uu, Uu, Uu, Uu, Uu, Uu, Uu, Uu, Uu, Uu, Uu, Uu, Uu, Uu, Uu, Uu, Uu, Uu, Uu, Uu, Uu, Uu
Uu, Uu, Uu, Uu, Uu, Uu, Uu, Md^Xm, Md, Md^Xm, Md, Md, Md, Hhd, Hhd, Hhd, Hhd, Gd, Hhd, Hhd, Hhd, Hhd, Gll, Gd, Gd, Hhd, Hhd, Hhd, Md, Hhd, Hhd, Md, Md, Uu, Uu, Uu, Uu, Uu, Uu, Uu, Uu, Uu, Uu, Uu, Uu, Uu, Uu, Uu, Uu, Uu, Uu, Uu, Uu, Uu, Uu, Uu, Uu, Uu, Uu, Uu, Uu, Uu, Uu, Uu, Uu, Uu, Uu, Uu, Gd, Gd^Fdw, Hhd, Md, Md, Gd^Dr, Md, Md, Hhd, Gd, Mm, Md, Mm, Mm, Mm, Hh, Re, Hh, Hh, Hh, Gs, Gs, Gg, Gs, Ss, Gs, Gg, Gg, Ss, Gg, Rb, Gg, Gg, Ss, Ww, Wo, Uu, Uu, Uu, Uu, Uu, Uu, Uu, Uu, Uu, Uu, Uu, Uu, Uu, Uu, Uu, Uu, Uu, Uu, Uu, Uu, Uu, Uu, Uu, Uu, Uu, Uu, Uu, Uu, Uu, Uu, Uu, Uu, Uu, Uu, Uu, Uu, Uu, Uu, Uu, Uu
Uu, Uu, Uu, Uu, Uu, Uu, Uu, Md^Xm, Md, Md^Xm, Md^Xm, Md^Xm, Md, Gd, Hhd, Gd, Gd, Hhd, Hhd, Hhd, Hhd, Gd, Md, Hhd, Hhd, Gd, Hhd, Md, Hhd, Md^Xm, Md^Xm, Md, Md, Uu, Uu, Uu, Uu, Uu, Uu, Uu, Uu, Uu, Uu, Uu, Uu, Uu, Uu, Uu, Uu, Uu, Uu, Uu, Uu, Uu, Uu, Uu, Uu, Uu, Uu, Uu, Uu, Uu, Uu, Uu, Uu, Uu, Uu, Uu, Gd, Gd, Md, Hhd, Mm, Md, Md, Md, Hh, Mm, Gs, Mm, Mm, Mm, Mm, Hh, Re, Hh, Gs, Gs, Gg, Gg, Gg, Gg, Ss, Ss, Ss, Ss, Ss, Gg, Rb, Ss, Ss, Ww, Wo, Wo, Uu, Uu, Uu, Uu, Uu, Uu, Uu, Uu, Uu, Uu, Uu, Uu, Uu, Uu, Uu, Uu, Uu, Uu, Uu, Uu, Uu, Uu, Uu, Uu, Uu, Uu, Uu, Uu, Uu, Uu, Uu, Uu, Uu, Uu, Uu, Uu, Uu, Uu, Uu, Uu
Uu, Uu, Uu, Uu, Uu, Uu, Uu, Md^Xm, Md^Xm, Md^Xm, Md, Md, Md, Md, Md, Hhd, Gd, Gd^Edb, Gd, Md, Md, Md, Hhd, Md, Md, Md, Mm, Md, Md, Hhd, Md^Xm, Hhd, Md, Uu, Uu, Uu, Hhd, Gd, Gd, Hhd, Gd, Hhd, Gd, Rd, Rd, Gd, Gll, Gd, Gd, Md, Gd^Es, Gd, Gd, Md, Md, Md, Md^Xm, Md, Gll, Gd, Gd, Gd, Rd, Rd, Gd, Hhd, Gd, Gd, Hhd, Hhd, Md, Md, Gs, Hhd, Md, Mm, Mm, Mm, Hh, Mm, Gg, Hhd^Vhhr, Hh, Hh, Re, Hh, Gs, Gg, Gg, Ss, Ss, Gs, Ss, Gg, Ss, Gg, Ss, Ss, Gg, Ss^Vhs, Ww^Bw\, Ww, Wo, Ww, Uu, Uu, Uu, Uu, Uu, Uu, Uu, Uu, Uu, Uu, Uu, Uu, Uu, Uu, Uu, Uu, Uu, Uu, Uu, Uu, Uu, Uu, Uu, Uu, Uu, Uu, Uu, Uu, Uu, Uu, Uu, Uu, Uu, Uu, Uu, Uu, Uu, Uu, Uu, Uu
Uu, Uu, Uu, Uu, Uu, Uu, Uu, Md^Xm, Md, Md, Md^Xm, Md^Xm, Md, Md, Md, Hhd, Md, Hhd, Md, Md, Hhd, Md, Md^Xm, Md, Hhd, Md^Xm, Md^Xm, Hhd, Md^Xm, Wog, Ms^Xm, Md^Xm, Md, Uu, Uu, Uu, Hhd, Gd, Hhd, Hhd, Md, Hhd, Hhd, Gd, Gd, Rd, Rd, Gd, Rd, Gd, Gd, Gd, Gd, Hhd, Gd, Md, Md, Md, Hhd, Gll^Fdw, Rd, Rd, Gd, Gd, Gd, Gd, Gd^Es, Gd, Hhd, Md, Hh, Mm, Mm, Md, Mm, Mm, Hh^Fp, Hh, Hh, Gs, Gs, Gs, Re, Re, Gg, Gs, Gg, Gs, Gg, Gg, Ss, Ss, Ss, Ss, Gg, Gg, Ss, Ss, Ss, Ss, Ww, Wo, Ww, Ss, Uu, Uu, Uu, Uu, Uu, Uu, Uu, Uu, Uu, Uu, Uu, Uu, Uu, Uu, Uu, Uu, Uu, Uu, Uu, Uu, Uu, Uu, Uu, Uu, Uu, Uu, Uu, Uu, Uu, Uu, Uu, Uu, Uu, Uu, Uu, Uu, Uu, Uu, Uu, Uu
Uu, Uu, Uu, Uu, Uu, Uu, Uu, Md, Md^Xm, Md, Md, Md, Md^Xm, Hhd, Md, Md, Md, Md, Hhd, Md, Md, Md^Xm, Hhd, Md^Xm, Md, Md, Md, Md^Xm, Ms^Xm, Ms^Xm, Ms^Xm, Md^Xm, Md, Uu, Uu, Uu, Gd, Hhd, Md, Md, Md, Md, Gd, Gd, Gd, Gd, Gd, Rd, Rd, Rd, Rd, Gd, Rd, Hhd, Gd, Hhd, Hhd, Gd, Gd, Gd, Rd, Gd, Gd, Hhd, Md, Gd, Gd, Gd, Mm, Mm, Mm, Mm, Mm, Mm, Hh, Mm, Hh, Hh, Gs, Gs, Re, Re, Gg, Gg, Gg, Gg, Gg, Gg, Gg, Ss, Ss, Ss, Gg, Ss, Ss, Ss, Ss, Gg, Ss, Gg, Wo, Wo, Ww, Ww, Uu, Uu, Uu, Uu, Uu, Uu, Uu, Uu, Uu, Uu, Uu, Uu, Uu, Uu, Uu, Uu, Uu, Uu, Uu, Uu, Uu, Uu, Uu, Uu, Uu, Uu, Uu, Uu, Uu, Uu, Uu, Uu, Uu, Uu, Uu, Uu, Uu, Uu, Uu, Uu
Uu, Uu, Uu, Uu, Uu, Uu, Uu, Hhd, Hhd, Md, Hhd, Md, Md, Md, Hhd, Md^Xm, Hhd, Md, Hhd, Md^Xm, Hhd, Md, Mm, Hhd, Md, Md, Md, Md^Xm, Md^Xm, Md^Xm, Md^Xm, Md^Xm, Md, Uu, Uu, Uu, Hhd, Md, Md, Ms^Xm, Md, Md, Gd, Hhd, Gd, Gd, Gd, Gd, Gd, Hhd, Gd, Rd, Gd, Rd, Rd, Gd, Hhd, Gd, Gd, Gd, Rd, Gd, Gd, Gd, Hhd, Gd, Hhd, Md, Md, Mm, Mm, Mm, Mm, Mm, Hh, Gs, Hh, Gs, Re, Rb, Gg, Gs, Gg, Gg, Ss, Gg, Ss, Ss, Ss, Sm, Ss, Gg, Gg, Ss, Gg, Ss, Ss, Ss, Ss, Gg, Wo, Ss, Ww, Ww, Uu, Uu, Uu, Uu, Uu, Uu, Uu, Uu, Uu, Uu, Uu, Uu, Uu, Uu, Uu, Uu, Uu, Uu, Uu, Uu, Uu, Uu, Uu, Uu, Uu, Uu, Uu, Uu, Uu, Uu, Uu, Uu, Uu, Uu, Uu, Uu, Uu, Uu, Uu, Uu
Uu, Uu, Uu, Uu, Uu, Uu, Uu, Hhd, Uu, Hhd, Uu, Hhd, Uu, Hhd, Uu, Hhd, Uu, Hhd, Uu, Hhd, Uu, Hhd, Uu, Hhd, Uu, Gd, Uu, Md^Xm, Uu, Md^Xm, Uu, Md, Uu, Uu, Uu, Uu, Gd, Md, Md, Wwf, Gs, Hhd, Hhd, Gd, Gd, Gd, Gll, Gd^Es, Gd, Gd, Gd, Gd, Gd, Gd, Gll^Fdw, Rd, Rd, Md, Rd, Rd, Gd^Vo, Gd^Edt, Hhd, Gd, Md, Gd, Md^Xm, Md, Md^Xm, Md, Mm, Hh^Vhh, Gs, Gs, Gg, Gg, Hh, Re, Gs, Gg, Gg, Gg, Gg, Ss, Ss, Ss, Ss^Vhs, Gg, Ss, Gg, Ss, Ss, Ss, Ss, Gg, Ss, Gg, Ww, Wo, Wo, Ss, Ss, Ww, Ss, Uu, Uu, Uu, Uu, Uu, Uu, Uu, Uu, Uu, Uu, Uu, Uu, Uu, Uu, Uu, Uu, Uu, Uu, Uu, Uu, Uu, Uu, Uu, Uu, Uu, Uu, Uu, Uu, Uu, Uu, Uu, Uu, Uu, Uu, Uu, Uu, Uu, Uu, Uu, Uu
Uu, Uu, Uu, Uu, Uu, Uu, Uu, Uu, Uu, Uu, Uu, Uu, Uu, Uu, Uu, Uu, Uu, Uu, Uu, Uu, Uu, Uu, Uu, Uu, Uu, Uu, Uu, Uu, Uu, Uu, Uu, Uu, Uu, Uu, Uu, Uu, Md, Md, Md, Hhd, Gd^Vo, Gd, Gd, Gd, Gd, Gll^Fdw, Gd, Gd, Hhd, Gd, Hhd, Gd, Hhd, Gd, Ce, Ke, Ce, Rd, Rd, Hhd, Gd, Gd, Hhd, Md, Md, Md, Md^Xm, Md, Md, Hh, Hh, Hh, Gs, Gs, Gs, Gs, Re, Re, Gg, Gg, Ss, Ss, Ss, Ww, Ss, Ww, Ss, Ss, Gg, Ss, Ss, Gg, Ss, Gg, Ss, Gg, Gg, Ss, Wo, Ss, Ss, Ww, Ww, Ww, Uu, Uu, Uu, Uu, Uu, Uu, Uu, Uu, Uu, Uu, Uu, Uu, Uu, Uu, Uu, Uu, Uu, Uu, Uu, Uu, Uu, Uu, Uu, Uu, Uu, Uu, Uu, Uu, Uu, Uu, Uu, Uu, Uu, Uu, Uu, Uu, Uu, Uu, Uu, Uu
Uu, Uu, Uu, Uu, Uu, Uu, Uu, Uu, Uu, Uu, Uu, Uu, Uu, Uu, Uu, Uu, Uu, Uu, Uu, Uu, Uu, Uu, Uu, Uu, Uu, Uu, Uu, Uu, Uu, Uu, Uu, Uu, Uu, Uu, Uu, Uu, Md, Md, Md, Hhd, Hhd, Gd, Gd, Hhd, Hhd, Gd, Hhd, Gd, Gd, Hhd, Gd, Gll, Gd, Gd, Gd, Ce, Rd, Rd, Md, Rd, Rd, Gd, Md, Hhd, Md^Xm, Md, Md, Md, Hh, Gs, Gs, Gs, Gg, Gg, Rb, Rb, Gg, Gg, Gg, Gg, Ss, Ss, Ss, Ww, Ss, Ww, Wwf, Ss, Gg, Gg, Ss, Ss, Ss, Gg, Ss, Ss, Ss, Ss, Wo, Wwf, Ww, Wo, Gg, Ss, Uu, Uu, Uu, Uu, Uu, Uu, Uu, Uu, Uu, Uu, Uu, Uu, Uu, Uu, Uu, Uu, Uu, Uu, Uu, Uu, Uu, Uu, Uu, Uu, Uu, Uu, Uu, Uu, Uu, Uu, Uu, Uu, Uu, Uu, Uu, Uu, Uu, Uu, Uu, Uu
Uu, Uu, Uu, Uu, Uu, Uu, Uu, Uu, Uu, Uu, Uu, Uu, Uu, Uu, Uu, Uu, Uu, Uu, Uu, Uu, Uu, Uu, Uu, Uu, Uu, Uu, Uu, Uu, Uu, Uu, Uu, Uu, Uu, Uu, Uu, Uu, Hhd, Md, Gd, Hhd, Hhd, Gd, Gd, Md, Gd, Gd, Gll, Gd, Gd, Md, Gd, Gll, Gd, Gd, Hhd, Hhd, Rd, Md, Md, Hhd, Hhd, Rd, Rd, Md, Md, Md, Md, Md, Rb, Gs, Gs, Gs, Rb, Rb, Gg, Ss, Gg, Ss, Ss, Ss, Gg, Ww, Ss, Gg, Ss, Wo, Ss, Ss, Ss, Ss, Ss, Gg, Ss, Ss, Ss, Gg, Ss, Ss, Ss, Wo, Ww, Ss, Ww, Ss, Uu, Uu, Uu, Uu, Uu, Uu, Uu, Uu, Uu, Uu, Uu, Uu, Uu, Uu, Uu, Uu, Uu, Uu, Uu, Uu, Uu, Uu, Uu, Uu, Uu, Uu, Uu, Uu, Uu, Uu, Uu, Uu, Uu, Uu, Uu, Uu, Uu, Uu, Uu, Uu
Uu, Uu, Uu, Uu, Uu, Uu, Uu, Uu, Uu, Uu, Uu, Uu, Uu, Uu, Uu, Uu, Uu, Uu, Uu, Uu, Uu, Uu, Uu, Uu, Uu, Uu, Uu, Uu, Uu, Uu, Uu, Uu, Uu, Uu, Uu, Uu, Hhd, Gd, Md, Gd, Hhd, Gd, Hhd, Hhd, Gd, Gd, Gd, Gd, Hhd, Gd, Hhd, Gd, Gd, Md, Gd, Gd, Rd, Gd^Edb, Gd, Gd, Gd, Gd, Md, Hhd, Md, Hh, Rb, Rb, Mm, Rb, Rb, Rb, Gg, Ss, Gg, Gg, Gg, Ss, Gg, Ss, Ss, Ss, Ss, Ss, Gg, Ww, Ww, Wo, Ss, Gg, Ss, Ss, Ss, Ww, Wo, Wo, Wo, Wo, Wo, Wo, Gg, Ww, Ww, Ww, Uu, Uu, Uu, Uu, Uu, Uu, Uu, Uu, Uu, Uu, Uu, Uu, Uu, Uu, Uu, Uu, Uu, Uu, Uu, Uu, Uu, Uu, Uu, Uu, Uu, Uu, Uu, Uu, Uu, Uu, Uu, Uu, Uu, Uu, Uu, Uu, Uu, Uu, Uu, Uu
Uu, Uu, Uu, Uu, Uu, Uu, Uu, Uu, Uu, Uu, Uu, Uu, Uu, Uu, Uu, Uu, Uu, Uu, Uu, Uu, Uu, Uu, Uu, Uu, Uu, Uu, Uu, Uu, Uu, Uu, Uu, Uu, Uu, Uu, Uu, Uu, Hhd, Hhd, Md, Md, Gd, Gd, Gd, Hhd, Hhd, Gd, Dd, Hhd, Gd^Edp, Md, Gd, Gd, Gd, Hhd, Rd, Rd, Gd, Gd, Gll, Gd, Gd, Md, Hhd, Md, Wwf, Mm^Xm, Mm, Hh, Hh, Rb, Gg, Ss, Gg, Ss, Ww, Ss, Ss, Ss, Ss, Gg, Ss, Wwf, Ss, Ss, Ss, Gg, Ss, Ww, Ss, Ss, Ss, Wwf, Ss, Ss, Sm, Ss, Ss^Vhs, Ss^Bw/r, Ss, Ss, Wwf, Ss, Wo, Wo, Uu, Uu, Uu, Uu, Uu, Uu, Uu, Uu, Uu, Uu, Uu, Uu, Uu, Uu, Uu, Uu, Uu, Uu, Uu, Uu, Uu, Uu, Uu, Uu, Uu, Uu, Uu, Uu, Uu, Uu, Uu, Uu, Uu, Uu, Uu, Uu, Uu, Uu, Uu, Uu
Uu, Uu, Uu, Uu, Uu, Uu, Uu, Uu, Uu, Uu, Uu, Uu, Uu, Uu, Uu, Uu, Uu, Uu, Uu, Uu, Uu, Uu, Uu, Uu, Uu, Uu, Uu, Uu, Uu, Uu, Uu, Uu, Uu, Uu, Uu, Uu, Hhd, Md, Md, Md, Hhd, Gd, Hhd, Gd, Hd, Hd, Dd, Dd, Gd, Gd, Gd, Gd, Rd, Rd, Md, Hhd, Hhd, Gd^Es, Gd, Hhd, Md, Gd, Hhd, Md, Mm^Xm, Md, Ms^Xm, Ms, Wo, Wo, Wo, Ss, Ss, Ss, Ww, Ss, Ss, Ss^Vhs, Ss, Ss, Ss, Gg, Gg, Gg, Ww, Ss, Ss, Ww, Ss, Ww, Ww, Ss, Ss, Ss, Ss, Ss, Ss, Gg, Ss, Ss, Ss, Ss, Wo, Ss, Uu, Uu, Uu, Uu, Uu, Uu, Uu, Uu, Uu, Uu, Uu, Uu, Uu, Uu, Uu, Uu, Uu, Uu, Uu, Uu, Uu, Uu, Uu, Uu, Uu, Uu, Uu, Uu, Uu, Uu, Uu, Uu, Uu, Uu, Uu, Uu, Uu, Uu, Uu, Uu
Uu, Uu, Uu, Uu, Uu, Uu, Uu, Uu, Uu, Uu, Uu, Uu, Uu, Uu, Uu, Uu, Uu, Uu, Uu, Uu, Uu, Uu, Uu, Uu, Uu, Uu, Uu, Uu, Uu, Uu, Uu, Uu, Uu, Uu, Uu, Uu, Rd, Hhd, Md, Md, Hhd, Hhd, Gd, Gd, Dd, Dd, Gd, Gd^Esd, Gd, Dd, Rd, Rd, Gd, Hhd, Gd, Gd, Gd, Gd, Hhd, Gd, Md, Hhd, Gd, Md^Xm, Mm^Xm, Ms^Xm, Ms, Wo, Ss, Ss, Ss, Wo, Ss, Gg, Ss, Gg, Gg, Ww, Gg, Ss, Gg, Ss, Ww, Ss, Ww, Ww, Ss, Ss, Wo, Ww, Ss^Vhs, Gg, Gg, Ss, Ss, Gg, Sm, Ss, Gg, Ss, Ss, Wo, Ww, Ww, Uu, Uu, Uu, Uu, Uu, Uu, Uu, Uu, Uu, Uu, Uu, Uu, Uu, Uu, Uu, Uu, Uu, Uu, Uu, Uu, Uu, Uu, Uu, Uu, Uu, Uu, Uu, Uu, Uu, Uu, Uu, Uu, Uu, Uu, Uu, Uu, Uu, Uu, Uu, Uu
Uu, Uu, Uu, Uu, Uu, Uu, Uu, Uu, Uu, Uu, Uu, Uu, Uu, Uu, Uu, Uu, Uu, Uu, Uu, Uu, Uu, Uu, Uu, Uu, Uu, Uu, Uu, Uu, Uu, Uu, Uu, Uu, Uu, Uu, Uu, Uu, Rd, Gd, Md, Hhd, Gd, Md, Gd, Gd, Dd, Gd, Gd, Dd, Rd, Rd, Gd, Gd, Gd, Gd, Gll, Hhd, Gd, Gd, Gd, Gd, Hhd, Md, Md, Md^Xm, Mm^Xm, Ms, Wo, Ms, Gg, Gg, Ss, Ss, Ss, Ss, Gg, Ss, Ss, Ww, Ss, Gg, Ss, Ww, Ss, Ss, Ss, Ss, Ss, Ss, Wo, Ss, Gg, Ww, Ss, Ss, Ss, Ss, Ss, Ss, Ss, Wwf, Wo, Wo, Gg, Ss, Uu, Uu, Uu, Uu, Uu, Uu, Uu, Uu, Uu, Uu, Uu, Uu, Uu, Uu, Uu, Uu, Uu, Uu, Uu, Uu, Uu, Uu, Uu, Uu, Uu, Uu, Uu, Uu, Uu, Uu, Uu, Uu, Uu, Uu, Uu, Uu, Uu, Uu, Uu, Uu
Uu, Uu, Uu, Uu, Uu, Uu, Uu, Uu, Uu, Uu, Uu, Uu, Uu, Uu, Uu, Uu, Uu, Uu, Uu, Uu, Uu, Uu, Uu, Uu, Uu, Uu, Uu, Uu, Uu, Uu, Uu, Uu, Uu, Uu, Uu, Uu, Md, Rd, Rd, Hhd, Hhd, Gd, Md, Gd, Hhd, Gll^Edpp, Gd, Rd, Gd, Gd, Gd, Hhd, Hhd, Gd, Gd, Gd^Es, Gd, Md, Gd, Gd, Hhd, Hhd, Md, Md, Md, Ms^Xm, Ms^Xm, Wo, Wo, Ss, Wo, Ss, Ss, Ss, Gg, Ss, Gg, Gg, Ww, Ss, Ss, Ss, Ss, Ss, Rb, Ss, Ss, Wo, Ss, Ss, Sm, Ss, Gg, Ss, Ss, Ss, Wwf, Ww, Ww, Ww, Wo, Hh, Gg, Ss, Uu, Uu, Uu, Uu, Uu, Uu, Uu, Uu, Uu, Uu, Uu, Uu, Uu, Uu, Uu, Uu, Uu, Uu, Uu, Uu, Uu, Uu, Uu, Uu, Uu, Uu, Uu, Uu, Uu, Uu, Uu, Uu, Uu, Uu, Uu, Uu, Uu, Uu, Uu, Uu
Uu, Uu, Uu, Uu, Uu, Uu, Uu, Uu, Uu, Uu, Uu, Uu, Uu, Uu, Uu, Uu, Uu, Uu, Uu, Uu, Uu, Uu, Uu, Uu, Uu, Uu, Uu, Uu, Uu, Uu, Uu, Uu, Uu, Uu, Uu, Uu, Md, Gd, Gd, Rd, Rd, Hhd, Md, Md, Gd, Gd, Hhd, Rd, Gd, Hhd, Gd, Gd, Gd, Gd, Gd, Gd, Gd, Gd, Gd, Gd, Gd^Es, Hhd, Gd, Md, Md, Md, Hh, Mm, Mm, Wo, Ss, Wo, Wo, Ww, Wo, Ss^Vhs, Gg, Ss, Gg, Ss, Rb, Ss, Wo, Ss, Ww, Rb, Ww, Ww, Ss^Vhs, Ss, Rb, Ww, Ww, Ss, Wwf, Ss, Wo, Ww, Wo, Wo, Ss, Gg, Ss, Gg, Uu, Uu, Uu, Uu, Uu, Uu, Uu, Uu, Uu, Uu, Uu, Uu, Uu, Uu, Uu, Uu, Uu, Uu, Uu, Uu, Uu, Uu, Uu, Uu, Uu, Uu, Uu, Uu, Uu, Uu, Uu, Uu, Uu, Uu, Uu, Uu, Uu, Uu, Uu, Uu
Uu, Uu, Uu, Uu, Uu, Uu, Uu, Uu, Uu, Uu, Uu, Uu, Uu, Uu, Uu, Uu, Uu, Uu, Uu, Uu, Uu, Uu, Uu, Uu, Uu, Uu, Uu, Uu, Uu, Uu, Uu, Uu, Uu, Uu, Uu, Uu, Gd, Gd, Md, Gd, Hhd, Rd, Md, Gd, Gd^Es, Md, Rd, Rd, Gd, Gd, Gll, Gd, Hhd, Gd, Gd, Gd, Gd, Md, Gd, Hhd, Gd, Gd, Hhd, Md, Md, Md, Md, Hh, Ss, Ss, Ss, Ww, Ss, Wo, Ss, Wo, Wwf, Ss, Ss, Rb, Ss, Ss, Ww, Ww, Ss, Wwf, Ss, Ww, Ww, Wwf, Ww, Ss, Ww, Ww, Ss, Ww, Wo, Wo, Ww, Ss, Wwf, Ss, Ss^Vhs, Ss, Uu, Uu, Uu, Uu, Uu, Uu, Uu, Uu, Uu, Uu, Uu, Uu, Uu, Uu, Uu, Uu, Uu, Uu, Uu, Uu, Uu, Uu, Uu, Uu, Uu, Uu, Uu, Uu, Uu, Uu, Uu, Uu, Uu, Uu, Uu, Uu, Uu, Uu, Uu, Uu
Uu, Uu, Uu, Uu, Uu, Uu, Uu, Uu, Uu, Uu, Uu, Uu, Uu, Uu, Uu, Uu, Uu, Uu, Uu, Uu, Uu, Uu, Uu, Uu, Uu, Uu, Uu, Uu, Uu, Uu, Uu, Uu, Uu, Uu, Uu, Uu, Md^Xm, Md, Md, Hhd, Gd, Rd, Rd, Gd, Gd, Rd, Gd, Hhd, Gd, Gd, Gd, Gd, Md, Gd^Vo, Md, Md, Hhd, Gd, Gd, Gd, Gd, Md, Hhd, Hhd, Md, Md, Mm^Xm, Wo, Wo, Ss, Ss, Ww, Ss, Gg^Efm, Sm, Ss, Ss, Wwf, Ww, Ss, Wwf, Ss^Vhs, Wo, Ww, Ss, Ss, Gg, Ss, Wwf, Ss, Gg^Efm, Wo, Ww, Ss, Ss^Vhs, Ww^Bw/r, Ww, Wo, Wo, Ww, Ss, Ww, Ss, Ss, Uu, Uu, Uu, Uu, Uu, Uu, Uu, Uu, Uu, Uu, Uu, Uu, Uu, Uu, Uu, Uu, Uu, Uu, Uu, Uu, Uu, Uu, Uu, Uu, Uu, Uu, Uu, Uu, Uu, Uu, Uu, Uu, Uu, Uu, Uu, Uu, Uu, Uu, Uu, Uu
Uu, Uu, Uu, Uu, Uu, Uu, Uu, Uu, Uu, Uu, Uu, Uu, Uu, Uu, Uu, Uu, Uu, Uu, Uu, Uu, Uu, Uu, Uu, Uu, Uu, Uu, Uu, Uu, Uu, Uu, Uu, Uu, Uu, Uu, Uu, Uu, Hhd, Hhd, Hhd, Hhd, Gd, Gd, Gd^Edb, Rd, Rd, Rd, Gd, Gll, Gd, Gd^Es, Gd, Gd, Md, Gd, Md^Xm, Md, Md, Gd, Gd, Gll, Gll, Gd, Hhd, Hhd, Md, Md^Xm, Md^Xm, Mm^Xm, Ss, Ww, Gg, Ww, Ss, Ss, Ss, Ss, Wo, Wo, Ww, Ww, Ss, Ww, Ww, Ss, Ss, Sm, Wo, Ss, Gg^Em, Ss, Gg, Wo, Wo, Gg, Gg, Gg, Ss, Ww, Ww, Ss, Ss, Sm, Gg, Ss, Uu, Uu, Uu, Uu, Uu, Uu, Uu, Uu, Uu, Uu, Uu, Uu, Uu, Uu, Uu, Uu, Uu, Uu, Uu, Uu, Uu, Uu, Uu, Uu, Uu, Uu, Uu, Uu, Uu, Uu, Uu, Uu, Uu, Uu, Uu, Uu, Uu, Uu, Uu, Uu
Uu, Uu, Uu, Uu, Uu, Uu, Uu, Uu, Uu, Uu, Uu, Uu, Uu, Uu, Uu, Uu, Uu, Uu, Uu, Uu, Uu, Uu, Uu, Uu, Uu, Uu, Uu, Uu, Uu, Uu, Uu, Uu, Uu, Uu, Uu, Uu, Md^Xm, Md, Gd, Gd, Hhd, Gd, Rd, Rd, Hhd, Gd, Gd, Gd, Ce, Ce, Ce, Md, Md^Xm, Md^Xm, Md^Xm, Md^Xm, Md^Xm, Hhd, Gd, Gd, Hhd, Gd, Gll, Md, Gd, Md^Xm, Md^Xm, Mm, Md, Gg, Ss, Ss, Ss, Ss, Ww, Wwf, Ss, Ss, Sm, Ss^Vhs, Ss, Ww, Ss, Ww, Ss, Ww, Ss, Ss, Ss, Ss, Ss, Ww, Ww, Ss, Ss, Ss, Ss, Ww, Ww, Gg, Ss, Ss, Hh, Ss, Uu, Uu, Uu, Uu, Uu, Uu, Uu, Uu, Uu, Uu, Uu, Uu, Uu, Uu, Uu, Uu, Uu, Uu, Uu, Uu, Uu, Uu, Uu, Uu, Uu, Uu, Uu, Uu, Uu, Uu, Uu, Uu, Uu, Uu, Uu, Uu, Uu, Uu, Uu, Uu
Uu, Uu, Uu, Uu, Uu, Uu, Uu, Uu, Uu, Uu, Uu, Uu, Uu, Uu, Uu, Uu, Uu, Uu, Uu, Uu, Uu, Uu, Uu, Uu, Uu, Uu, Uu, Uu, Uu, Uu, Uu, Uu, Uu, Uu, Uu, Uu, Md^Xm, Hhd, Hhd, Gd, Rd, Rd, Gd, Gd, Gd, Gd, Gd, Gd, Md, Ke, Md, Gd, Gd, Md, Md^Xm, Md^Xm, Md^Xm, Md, Gd, Hhd, Md, Hhd, Gd, Gd, Gd, Gd^Vo, Md, Md, Md, Md, Mm, Ss, Ss, Ss, Ww, Gg, Ss, Ss, Ss, Gg, Ss, Ss, Ss, Ww, Wwf, Ss, Ss, Ss, Gg^Efm, Ss, Sm, Ww, Ss, Ww, Wwf, Ss, Ww, Ww, Wo, Ss, Ss, Hh, Mm, Hh, Uu, Uu, Uu, Uu, Uu, Uu, Uu, Uu, Uu, Uu, Uu, Uu, Uu, Uu, Uu, Uu, Uu, Uu, Uu, Uu, Uu, Uu, Uu, Uu, Uu, Uu, Uu, Uu, Uu, Uu, Uu, Uu, Uu, Uu, Uu, Uu, Uu, Uu, Uu, Uu
Uu, Uu, Uu, Uu, Uu, Uu, Uu, Uu, Uu, Uu, Uu, Uu, Uu, Uu, Uu, Uu, Uu, Uu, Uu, Uu, Uu, Uu, Uu, Uu, Uu, Uu, Uu, Uu, Uu, Uu, Uu, Uu, Uu, Uu, Uu, Uu, Gd, Hhd, Rd, Rd, Md, Hhd, Hhd, Hhd, Gd, Hhd, Md, Gd, Md, Gd, Md^Xm, Md^Xm, Md^Xm, Gd, Md, Wwf, Md, Md, Md^Xm, Gd, Gd, Md, Hhd, Gd, Hh, Gs, Gg, Md, Md, Md, Mm, Hh, Ss, Wo, Hh, Ss, Ss, Gg, Hh, Ss, Ss, Ww, Ss, Ss, Ss, Ww, Ss, Ss, Ss, Ss, Ww, Wwf, Ss, Gg, Ss, Ww, Ss, Ss, Hh, Ww, Ss, Hh, Mm, Ms, Uu, Uu, Uu, Uu, Uu, Uu, Uu, Uu, Uu, Uu, Uu, Uu, Uu, Uu, Uu, Uu, Uu, Uu, Uu, Uu, Uu, Uu, Uu, Uu, Uu, Uu, Uu, Uu, Uu, Uu, Uu, Uu, Uu, Uu, Uu, Uu, Uu, Uu, Uu, Uu
Uu, Uu, Uu, Uu, Uu, Uu, Uu, Uu, Uu, Uu, Uu, Uu, Uu, Uu, Uu, Uu, Uu, Uu, Uu, Uu, Uu, Uu, Uu, Uu, Uu, Uu, Uu, Uu, Uu, Uu, Uu, Uu, Uu, Uu, Uu, Uu, Rd, Rd, Md, Md, Md, Md, Mm, Hhd, Md, Md, Hhd, Md, Md^Xm, Md^Xm, Mv, Md, Md^Xm, Md^Xm, Md^Xm, Md^Xm, Md, Md^Xm, Md, Md^Xm, Md^Xm, Md^Xm, Md^Xm, Md, Md^Xm, Gs, Md, Wo, Wog, Mm^Xm, Mm^Xm, Hh, Hh, Ww, Wo, Ss, Hh, Ss, Mm, Hh, Ss, Ss, Hh, Ss, Ss, Ww, Ww, Mm, Hh, Ss, Ww, Ss, Chs, Chs, Ss, Hh, Ss, Ss, Ss, Ww, Wo, Mm^Xm, Mm^Xm, Mm, Ms^Xm, Ms^Xm, Ms^Xm, Ms, Ms, Ms, Ms^Xm, Ms, Ms^Xm, Gg, Ms^Xm, Ms^Xm, Ms^Xm, Ms, Ms, Ms, Ms, Ms^Xm, Ms^Xm, Gg, Ms^Xm, Mm, Mm, Mm, Uu, Uu, Uu, Uu, Uu, Uu, Uu, Uu, Uu, Uu, Uu, Uu, Uu, Uu, Uu, Uu
Uu, Uu, Uu, Uu, Uu, Uu, Uu, Uu, Uu, Uu, Uu, Uu, Uu, Uu, Uu, Uu, Uu, Uu, Uu, Uu, Uu, Uu, Uu, Uu, Uu, Uu, Uu, Uu, Uu, Uu, Uu, Uu, Uu, Uu, Uu, Uu, Gd, Mm, Mm, Md, Md^Xm, Md^Xm, Mm, Md, Hhd, Md, Hhd, Hhd, Hhd, Md, Md, Md, Hhd, Hhd, Md, Md, Gd, Hhd, Hhd, Md, Hhd, Hhd, Mm, Md^Xm, Md^Xm, Md^Xm, Md^Xm, Mm, Mm^Xm, Mm^Xm, Ms^Xm, Mm^Xm, Mm^Xm, Mm, Wo, Wo, Mm^Xm, Hh, Mm, Hh, Chs, Chs, Hh, Ss, Mm, Mm, Ms, Ms, Ww, Ww, Hh, Chs, Khs, Chs, Md, Hh, Hh, Ss, Hh, Ss, Mm^Xm, Ww, Ww, Ms, Ms, Ms^Xm, Ms^Xm, Ms^Xm, Ms^Xm, Ms^Xm, Ms, Ms, Ms^Xm, Ms^Xm, Ms^Xm, Wo, Ms^Xm, Ms^Xm, Ms^Xm, Ms^Xm, Ms^Xm, Ms^Xm, Ms^Xm, Ms^Xm, Ms, Ms^Xm, Ms^Xm, Mm, Uu, Uu, Uu, Uu, Uu, Uu, Uu, Uu, Uu, Uu, Uu, Uu, Uu, Uu, Uu, Uu
Uu, Uu, Uu, Uu, Uu, Uu, Uu, Uu, Uu, Uu, Uu, Uu, Uu, Uu, Uu, Uu, Uu, Uu, Uu, Uu, Uu, Uu, Uu, Uu, Uu, Uu, Uu, Uu, Uu, Uu, Uu, Uu, Uu, Uu, Uu, Uu, Rd, Gd, Hhd, Mm, Mm, Md^Xm, Md^Xm, Hhd, Mm, Hhd, Mm, Mm, Gd, Md, Md, Gd, Hhd, Md, Mm^Xm, Hhd, Hhd, Gd, Gs, Gd, Gs, Gd, Hhd, Mm, Mm^Xm, Mm^Xm, Mm^Xm, Mm^Xm, Mm^Xm, Ms^Xm, Ms^Xm, Ms^Xm, Mm^Xm, Mm^Xm, Ww, Mm, Mm^Xm, Mm, Gg^Efm, Mm, Khs, Chs, Mm, Mm, Ms, Ms, Ms, Ms, Ms^Xm, Hh, Md, Ss, Mm, Md, Mm^Xm, Gg, Mm^Xm, Mm, Mm^Xm, Mm^Xm, Mm, Hh, Hh, Ww, Ms, Ms, Ms, Ms^Xm, Ms, Ms, Ms^Xm, Ms^Xm, Ha, Ms^Xm, Ha, Ms^Xm, Ms^Xm, Hh, Ms^Xm, Ms^Xm, Ms^Xm, Ms^Xm, Ms^Xm, Ms, Ms, Ms^Xm, Ms^Xm, Mm, Uu, Uu, Uu, Uu, Uu, Uu, Uu, Uu, Uu, Uu, Uu, Uu, Uu, Uu, Uu, Uu
Uu, Uu, Uu, Uu, Uu, Uu, Uu, Uu, Uu, Uu, Uu, Uu, Uu, Uu, Uu, Uu, Uu, Uu, Uu, Uu, Uu, Uu, Uu, Uu, Uu, Uu, Uu, Uu, Uu, Uu, Uu, Uu, Uu, Uu, Uu, Uu, Rd, Md, Hhd, Md, Gd, Mm, Md^Xm, Md^Xm, Md^Xm, Mm, Mm, Mm, Mm, Md, Hhd, Gd, Gd, Hhd, Mm^Xm, Mm^Xm, Mm, Md^Xm, Md^Xm, Gs, Hh, Mm, Md^Xm, Mm^Xm, Re, Mm^Xm, Mm, Ms, Md, Mm^Xm, Mm^Xm, Mm^Xm, Mm^Xm, Ww, Mm^Xm, Mm^Xm, Mm^Xm, Gg, Mm^Xm, Mm, Mm, Mm, Hh, Ms, Ms, Ms, Ms^Xm, Ms^Xm, Ms, Md, Md, Gg^Fet, Md, Md, Mm^Xm, Mm^Xm, Ms^Xm, Mm^Xm, Mm^Xm, Hh, Mm^Xm, Mm, Ms^Xm, Ms, Ms^Xm, Ms^Xm, Ms^Xm, Ms^Xm, Mm^Xm, Mm^Xm, Mm^Xm, Mm, Mm^Xm, Mm^Xm, Mm^Xm, Wo, Ms^Xm, Ms^Xm, Hh, Ms^Xm, Ms^Xm, Ms^Xm, Ms^Xm, Ms, Ms^Xm, Ms, Ms^Xm, Mm, Uu, Uu, Uu, Uu, Uu, Uu, Uu, Uu, Uu, Uu, Uu, Uu, Uu, Uu, Uu, Uu
Uu, Uu, Uu, Uu, Uu, Uu, Uu, Uu, Uu, Uu, Uu, Uu, Uu, Uu, Uu, Uu, Uu, Uu, Uu, Uu, Uu, Uu, Uu, Uu, Uu, Uu, Uu, Uu, Uu, Uu, Uu, Uu, Uu, Uu, Uu, Uu, Hhd, Rd, Rd, Rd, Rd, Hhd, Hhd, Mm, Mm, Md^Xm, Mm, Mm, Mm, Md^Xm, Mm, Mm, Md, Md, Mm^Xm, Mm, Mm, Mm, Mm^Xm, Mm, Mm^Xm, Ww, Mm^Xm, Mm^Xm, Mm, Re, Mm, Hh, Hh^Fp, Mm, Mm, Wo, Ms, Ms^Xm, Ms^Xm, Ms^Xm, Ms^Xm, Ms^Xm, Ms^Xm, Mm^Xm, Mm^Xm, Hh, Mm^Xm, Hh, Mm^Xm, Mm^Xm, Mm^Xm, Mm^Xm, Ms^Xm, Ms^Xm, Mm^Xm, Hh, Mm^Xm, Mm^Xm, Md, Mm^Xm, Mm^Xm, Ms^Xm, Ms^Xm, Hh, Ms^Xm, Ms^Xm, Ms^Xm, Ms^Xm, Hh, Mm, Mm, Hh, Hh, Mm, Mm, Mm, Ww, Gg^Efm, Ww, Wo, Hh, Ms^Xm, Ms^Xm, Ms^Xm, Wo, Ms^Xm, Ha, Ms^Xm, Ms, Ms, Ms^Xm, Mm, Uu, Uu, Uu, Uu, Uu, Uu, Uu, Uu, Uu, Uu, Uu, Uu, Uu, Uu, Uu, Uu
Uu, Uu, Uu, Uu, Uu, Uu, Uu, Uu, Uu, Uu, Uu, Uu, Uu, Uu, Uu, Uu, Uu, Uu, Uu, Uu, Uu, Uu, Uu, Uu, Uu, Uu, Uu, Uu, Uu, Uu, Uu, Uu, Uu, Uu, Uu, Uu, Mm, Hhd, Md^Xm, Gd, Gd, Re, Rd, Mm, Mm, Md^Xm, Mm, Mm, Mm, Mm, Mm, Mm, Mm, Md, Mm^Xm, Mm^Xm, Mm^Xm, Mm, Mm^Xm, Mm^Xm, Mm^Xm, Ms^Xm, Mm^Xm, Mm^Xm, Mm, Re, Hh^Fp, Hh, Hh^Fp, Mm, Ms^Xm, Mm, Mm^Xm, Mm^Xm, Md, Ms^Xm, Md, Ms, Wo, Ms^Xm, Ms^Xm, Ms^Xm, Ms^Xm, Ms^Xm, Ms^Xm, Ms^Xm, Ms^Xm, Ms^Xm, Mm^Xm, Ms^Xm, Mm^Xm, Mm^Xm, Md, Rb, Mm, Md, Mm^Xm, Mm^Xm, Md, Mm^Xm, Mm^Xm, Mm, Mm, Hh, Mm, Mm, Hh, Mm, Hh, Hh, Wo, Ww, Ww, Wo, Hh, Mm^Xm, Mm^Xm, Ms^Xm, Ms^Xm, Ms^Xm, Ms^Xm, Wo, Mv, Ms^Xm, Ms, Ms^Xm, Mm, Mm, Uu, Uu, Uu, Uu, Uu, Uu, Uu, Uu, Uu, Uu, Uu, Uu, Uu, Uu, Uu, Uu
Uu, Uu, Uu, Uu, Uu, Uu, Uu, Uu, Uu, Uu, Uu, Uu, Uu, Uu, Uu, Uu, Uu, Uu, Uu, Uu, Uu, Uu, Uu, Uu, Uu, Uu, Uu, Uu, Uu, Uu, Uu, Uu, Uu, Uu, Uu, Uu, Ww, Mm, Mm^Xm, Hhd, Hhd, Gd, Rd, Mm, Gd, Md^Xm, Md^Xm, Mm, Mm, Mm, Mm, Mm, Mm, Mm^Xm, Mm^Xm, Mm^Xm, Hh, Mm^Xm, Hh, Mm^Xm, Mm^Xm, Mm^Xm, Mm, Mm, Mm, Rb, Gs^Fds, Mm, Gg^Efm, Mm, Mm^Xm, Mm, Md, Ms, Ms, Ms, Md, Ms, Wo, Ms, Ms, Ms^Xm, Ms, Ms^Xm, Ms^Xm, Mm^Xm, Ms, Mm^Xm, Md, Mm^Xm, Md, Md, Md, Rb, Rb, Md, Mm^Xm, Md, Md, Hh, Hh, Hh, Gg, Hh, Gg, Gg, Gg, Hh, Ww, Ww, Wo, Ss, Ss, Ss, Ss, Hh, Mm, Mm, Mm^Xm, Ms^Xm, Wo, Wo, Ms^Xm, Ms, Mm^Xm, Mm^Xm, Mm^Xm, Mm^Xm, Uu, Uu, Uu, Uu, Uu, Uu, Uu, Uu, Uu, Uu, Uu, Uu, Uu, Uu, Uu, Uu
Uu, Uu, Uu, Uu, Uu, Uu, Uu, Uu, Uu, Uu, Uu, Uu, Uu, Uu, Uu, Uu, Uu, Uu, Uu, Uu, Uu, Uu, Uu, Uu, Uu, Uu, Uu, Uu, Uu, Uu, Uu, Uu, Uu, Uu, Uu, Uu, Wo, Ww, Mm^Xm, Md^Xm, Hh, Gd, Gs, Re, Re, Hhd, Hh, Md^Xm, Mm^Xm, Mm^Xm, Mm, Mm, Mm^Xm, Mm^Xm, Mm, Hh, Hh, Gs^Fds, Gs^Fds, Mm, Hh, Mm^Xm, Mm, Mm, Mm, Re, Gs^Fds, Gs^Fds, Gs^Fms, Gs^Fms, Gs^Fms, Gs^Fms, Mm, Hh, Hh, Hh, Gs^Fds, Md, Gs^Fds, Wo, Mm, Ms, Hh, Mm, Hh^Fp, Ms, Mm, Md, Hh^Fms, Mm^Xm, Hh, Hh, Mm, Md, Rb, Mm, Mm^Xm, Hh, Mm, Mm, Mm, Gg, Gg^Efm, Gg, Gg, Ss, Wo, Wo, Ss, Wo, Ss, Ss, Sm, Gg^Efm, Ss, Mm, Hh, Hh, Mm, Ms^Xm, Mm^Xm, Mm^Xm, Mm, Mm^Xm, Mm, Mm, Mm, Mm, Uu, Uu, Uu, Uu, Uu, Uu, Uu, Uu, Uu, Uu, Uu, Uu, Uu, Uu, Uu, Uu
Uu, Uu, Uu, Uu, Uu, Uu, Hhd, Gd, Hhd, Gd, Mm^Xm, Mm, Mm, Gg, Gg, Gg, Gs, Re, Re, Gs, Hh, Mm, Hh, Hh, Mm^Xm, Mm, Mm, Hh, Gs, Mm, Mm, Gs, Re, Gs, Gs, Ww, Wo, Uu, Uu, Uu, Uu, Uu, Uu, Uu, Uu, Uu, Mm, Mm, Mm^Xm, Mm^Xm, Mm, Mm^Xm, Mm, Mm, Gs^Fds, Gs^Fms, Gs^Fds, Gg, Gs^Fds, Hh, Gs^Fds, Mm, Gg, Hh, Hh, Rb, Gs^Fds, Gs^Fds, Gs^Fds, Gs^Fms, Gs^Fds, Gg, Hh, Gg, Gs, Hh, Hh, Gg, Gs^Fds, Wo, Ww, Hh^Fds, Gg, Gg, Hh, Hh, Hh, Hh, Mm, Mm^Xm, Mm^Xm, Mm, Gg, Mm, Rb, Mm, Mm, Mm^Xm, Mm, Mm, Mm, Hh, Hh, Gg, Gg, Gg, Ww, Ss, Gg, Ss^Vhs, Ss, Ss, Ss, Ss, Gg, Gg, Mm, Mm, Mm^Xm, Mm^Xm, Mm, Mm, Mm, Mm, Mm, Mm, Mm, Mm, Uu, Uu, Uu, Uu, Uu, Uu, Uu, Uu, Uu, Uu, Uu, Uu, Uu, Uu, Uu, Uu
Uu, Uu, Uu, Uu, Uu, Uu, Gd^Edpp, Hhd, Hhd, Md, Mm^Xm, Mm, Mm, Hh, Mm, Hh, Hh, Gg, Hh, Re, Hh, Mm, Hh, Mm, Mm, Mm^Xm, Hh, Gs, Gs, Gd, Hh, Hh, Gs, Gs, Gg, Gs^Vc, Gg, Uu, Uu, Uu, Uu, Uu, Uu, Uu, Uu, Uu, Mm, Mm^Xm, Hh, Mm, Mm^Xm, Mm^Xm, Gs^Fds, Gs^Fds, Gs^Fds, Gg, Gs^Fds, Gs^Fms, Gs^Fds, Gs^Fms, Gg, Hh, Gs^Fds, Gs^Fds, Rb, Re, Gs^Fds, Gg, Gs^Fds, Gs^Fms, Gs^Fms, Gs^Fds, Mm, Gs^Fms, Gs, Mm, Hh, Gs^Fds, Gg, Wo, Wo, Hh, Hh, Mm, Hh, Gg, Gg, Mm, Hh^Vhh, Mm, Mm, Gg, Hh, Mm, Rb, Hh, Hh, Hh, Gg, Hh, Hh, Hh, Gg, Gg, Wo, Ww, Gg, Hh, Hh, Ss, Hh, Hh, Hh, Sm, Mm, Hh, Mm^Xm, Mm^Xm, Mm^Xm, Mm, Mm^Xm, Mm, Mm, Mm, Uh, Mm, Uh, Mm, Uh, Uu, Uu, Uu, Uue, Uu, Uu, Uu, Uu, Uu, Uh, Uu, Xu, Uu, Uu, Uu
Uu, Uu, Uu, Uu, Uu, Uu, Hhd, Gd^Es, Hhd, Md, Mm^Xm, Mm^Xm, Mm^Xm, Mm, Mm^Xm, Mm, Mm, Gs, Hh, Rb, Rb, Mm, Mm, Hh, Gg, Mm^Xm, Mm^Xm, Gg, Mm^Xm, Gs, Gs, Rd, Gs, Gs, Gg, Gs, Gg, Uu, Uu, Uu, Uu, Uu, Uu, Uu, Uu, Uu, Hh, Hh, Mm, Mm, Mm^Xm, Mm, Gs^Fms, Gs^Fds, Gs^Fms, Gs^Fds, Hh, Gs^Fms, Hh^Fds, Hh^Fds, Gs^Fds, Gs^Fds, Gs^Fds, Re, Gs^Fds, Gs^Fds, Gs^Fms, Hh^Fds, Gs^Fms, Hh^Fds, Gs^Fds, Gs^Fds, Hh, Gs^Fms, Gs^Fds, Gs^Fds, Gg, Hh, Gs^Fds, Gg, Wo, Gg, Gg, Hh, Gg, Gg, Gs, Gg, Gg, Hh, Hh, Gg, Gg, Gg, Rb, Gg, Gg, Gg, Gs, Gg, Hh, Gg, Gg, Gg, Wo, Ww, Ms^Xm, Ms^Xm, Ms^Xm, Ss, Hh, Mm, Mm, Hh, Hh, Mm^Xm, Mm^Xm, Mm^Xm, Ms, Ms^Xm, Ms, Mm^Xm, Xu, Uh, Ql, Ql, Ql, Ql, Ql, Uh, Uu, Uu, Uh, Uue, Uue, Uu, Uh, Uu, Uu, Xu, Uu, Uu, Uu, Uu
Uu, Uu, Uu, Uu, Uu, Uu, Gd^Es, Hhd, Md, Mm^Xm, Mm, Mm, Mm, Mm^Xm, Mm, Mm^Xm, Mm^Xm, Mm, Mm, Mm, Hh, Rb, Ch, Mm, Mm, Mm, Mm^Xm, Mm^Xm, Hh, Mm, Ch, Gs, Gg, Gs, Gg, Gg, Rb, Uu, Uu, Uu, Uu, Uu, Uu, Uu, Uu, Uu, Gg, Hh, Mm, Mm, Mm^Xm, Mm, Gs, Gs^Fds, Hh, Gs^Fms, Hh^Fds, Gg^Efm, Gs^Fds, Gg, Gs^Fds, Gs^Fms, Gs^Fms, Re, Gs^Fms, Gs^Fms, Gs^Fds, Gs^Fds, Gg^Efm, Gs^Vl, Gs, Gs^Fms, Gs^Fms, Gs, Gs^Fds, Gs^Fds, Gs^Fds, Gs, Gg, Wo, Hh, Hh, Hh, Hh, Gg, Gg, Gs, Gs, Gg, Gs, Hh, Gs, Gg, Gg, Re, Gs, Gg, Gg, Gs, Gg, Gg, Gg, Gg, Gg, Ww, Hh, Hh, Ms^Xm, Mm, Hh, Ms^Xm, Mm, Ms^Xm, Mm, Ms^Xm, Ms^Xm, Mm, Ms, Ww, Ms, Mm, Mm^Xm, Ql, Ql, Xu, Xu, Xu, Xu, Xu, Ql, Ql, Uh, Ql, Uh, Uue, Uh, Uh, Uh, Uh, Uu, Uh, Uu, Uu, Uu
Uu, Uu, Uu, Uu, Uu, Uu, Gd, Md, Mm^Xm, Mm^Xm, Hh^Fp, Mm, Mm, Mm, Mm, Mm, Mm, Mm^Xm, Mm^Xm, Mm, Ch, Re, Re, Hh, Hh, Hh, Mm, Hh, Gs, Hh, Gg, Gg, Ch, Gg, Rb, Rb, Gg, Uu, Uu, Uu, Uu, Uu, Uu, Uu, Uu, Uu, Mm, Hh, Hh, Mm^Xm, Mm^Xm, Hh, Gs^Fds, Gs^Fds, Gs, Hh, Gs^Fms, Hh^Fds, Gs^Fds, Hh, Gs^Fds, Gs^Fms, Gg, Rb, Gs^Fms, Gs^Fms, Gs^Fms, Ke, Ce, Gg, Gs^Fds, Gll^Fp, Gs^Fds, Gs^Fds, Gs^Fms, Gs^Fds, Gg, Gs^Fds, Wo, Wo, Gg, Gg, Gg, Gs, Gg, Gg, Gs, Gg, Gs, Gs, Gs, Gs, Gs, Gg, Re, Gs, Gs, Gs, Gs, Gs, Gg, Hh, Hh, Ww, Wo, Gg, Gg, Hh, Gg, Hh, Hh, Ms^Xm, Hh, Ms^Xm, Mm^Xm, Gg^Efm, Wo, Ww, Mm, Ms, Ql, Ql, Xu, Xu, Urb, Urb, Urb, Urb, Urb, Xu, Xu, Ql, Xu, Ql, Ql^Bs|, Ql, Ql, Ql, Ql, Uh, Uh, Uu, Uu, Uu
Uu, Uu, Uu, Uu, Uu, Uu, Md, Md, Mm^Xm, Mm, Hh, Hh, Hh, Mm, Gs, Mm, Mm, Mm, Mm, Mm^Xm, Hh, Gg, Gs, Rb, Rb, Gg, Gg, Gg, Gg, Gg, Gg, Gg, Rb, Rb, Ch, Gs^Vc, Ww, Uu, Uu, Uu, Uu, Uu, Uu, Uu, Uu, Uu, Mm, Mm, Mm^Xm, Mm^Xm, Rb, Hh, Gs^Fms, Hh^Fds, Gs^Fds, Gs^Fms, Gs^Fds, Gs^Fms, Gs^Fms, Gs^Fds, Gs^Fms, Hh, Hh^Fds, Rb, Gs^Fds, Gs^Fms, Gs^Fms, Ce, Gs^Fds, Gs^Fds, Gll^Fp, Gs^Fds, Gg^Efm, Gs^Fms, Gg, Gg, Gs^Fds, Wo, Gs^Fms, Gs^Fds, Gg, Gg, Gg, Gs, Gg, Gs, Gs, Gs, Gs, Gs, Gs, Gs, Gg, Gg, Rb, Gg, Gs, Gg, Gg, Gg, Gg, Gg, Ww, Wo, Gg, Gg, Gg, Gg, Gg, Gg^Efm, Gg, Hh, Mm^Xm, Mm^Xm, Md, Hh, Wo, Mm, Mm, Mm, Xu, Xu, Urb, Urb, Urb, Urb, Urb, Cud, Kud, Cud, Xu, Xu, Urb, Xu, Urb, Xu, Xu, Ql, Xu, Ql, Ql, Uu, Uu, Uu
Uu, Uu, Uu, Uu, Uu, Uu, Md, Mm^Xm, Mm, Hh, Hh^Vhh, Hh, Hh, Mm, Mm, Mm, Hh, Hh, Hh, Mm^Xm, Hh, Gs, Gg, Gg, Gg, Rb, Rb, Gg, Ch, Gg, Rb, Rb, Wo, Ww, Wo, Wo, Wo, Uu, Uu, Uu, Uu, Uu, Uu, Uu, Uu, Uu, Mm, Mm^Xm, Mm^Xm, Mm^Xm, Mm, Rb, Rb, Gs^Fms, Gs^Fms, Gs^Fms, Gs^Fms, Gs^Fds, Gs^Fms, Gs^Fds, Gs^Fds, Gs^Fms, Gg, Re, Gs^Fds, Hh, Gs^Fds, Gs^Fds, Gs^Fms, Gs^Fms, Gs^Fms, Gg, Wo, Gs^Fms, Ww, Gg, Wo, Wo, Gg, Gg, Gg, Gg, Gg, Gs, Gg, Gg, Gg, Gs, Gs, Gs, Gg, Gs, Gs, Gg, Rb, Gg, Gg, Gs, Gs, Gs, Gs, Gg, Wo, Gg, Gg, Gg, Gg, Gg, Hh, Gg, Mm, Hh^Vhh, Mm^Xm, Mm^Xm, Mm, Wo, Hh, Gg, Mm, Xu, Urb, Urb, Urb, Urb, Urb, Urb, Urb, Cud, Cud, Cud, Xu, Urb, Urb, Urb, Urb, Cud, Xu, Xu, Xu, Xu, Xu, Uu, Uu, Uu
Uu, Uu, Uu, Uu, Uu, Uu, Mm^Xm, Mm^Xm, Mm, Mm, Hh, Gs, Gs, Hh, Gs, Hh, Gs, Gg, Hh, Mm^Xm, Ch, Gg, Rb, Rb, Rb, Re, Gs, Ch, Ch, Kh, Ww, Gg, Ww, Wo, Gg, Hh, Mm, Uu, Uu, Uu, Uu, Uu, Uu, Uu, Uu, Uu, Mm, Mm, Mm^Xm, Mm^Xm, Mm, Gs^Fms, Hh, Rb, Rb, Gs^Vl, Rb, Gs^Fms, Rb, Rb, Rb, Gs^Fds, Gs^Fds, Re, Gg, Gs^Fms, Gs^Fds, Gs^Fms, Gs^Fms, Gg, Ww, Wo, Ww, Ww, Wo, Wo, Ww, Gg, Gg, Gg, Gg, Gg, Gg, Gg, Gs, Gg, Gs, Gs, Gs, Gg, Gg, Gs, Re, Gg, Rb, Gg, Gg, Gg, Gs, Gs, Gg, Ww, Gg, Gg, Gs, Gg, Hh, Gg, Hh, Mm, Mm^Xm, Mm^Xm, Mm, Mm, Ww, Ww, Gg^Efm, Mm, Mm^Xm, Xu, Xu, Urb, Urb, Urb, Urb, Urb, Urb, Urb, Urb, Urb, Xu, Urb, Urb, Urb, Urb, Urb, Urb, Urb, Urb, Urb, Urb, Uu, Uu, Uu
Uu, Uu, Uu, Uu, Mm, Uu, Mm^Xm, Hh, Hh, Hh, Gs, Gs^Es, Gs, Gg, Gs, Gg, Gs, Gs, Re, Hh, Rb, Rb, Gg, Gg, Gg, Gg, Gg, Gg, Gg, Wo, Wo, Ww, Gg, Gg, Hh, Hh, Mm, Uu, Mm^Xm, Uu, Wo, Uu, Wo, Uu, Hh, Uu, Gg, Mm, Mm, Mm^Xm, Wo, Mm, Mm, Gs^Fms, Gs^Fds, Rb, Gs^Fds, Rb, Gs^Fms, Gs^Fms, Gs^Fds, Rb, Rb, Rb, Gs^Fds, Gs^Fms, Gs^Fms, Gs^Fms, Ww^Ewl, Ww, Ww, Wo, Wo, Ww, Wo, Wo, Wo, Gg, Gg, Gg, Gg, Gg, Gg, Gg, Gg, Gg, Gg, Gs, Gg, Gg, Rb, Rb, Ce, Rb, Rb, Gg^Vh, Gg, Gg, Gs, Gg, Gg, Ww, Gg, Gg, Gs, Gg, Gg, Mm, Hh, Hh, Mm^Xm, Mm^Xm, Mm, Hh, Ww, Hh, Mm, Mm, Mm^Xm, Xu, Urb, Xu, Xu, Urb, Urb, Urb, Urb, Urb, Urb, Urb, Urb, Urb, Urb, Urb, Urb, Urb, Urb, Urb, Urb, Urb, Urb, Uu, Uu, Uu
Uu, Uu, Uu, Mm, Hh, Mm, Mm, Mm, Gs, Gg, Gs, Hh, Gg, Gg, Gs, Hh, Re, Re, Hh, Rb, Ch, Gs, Gg, Gg, Gg, Gg, Gg, Gg, Ww, Ww, Wo, Gg, Gg, Gg, Hh, Mm, Mm, Mm, Mm^Xm, Gg, Gg, Wo, Wo, Rb, Wo, Ww, Gg, Hh, Hh, Mm^Xm, Mm^Xm, Hh^Fms, Hh^Fms, Mm, Gs^Fds, Gg, Gs^Fds, Gg, Gg, Gs^Fms, Gs^Fds, Gs^Fms, Gs^Fds, Rb, Gs^Fds, Gs^Fms, Gs^Fds, Gs^Fds, Ww, Ww, Gs^Fds, Ww, Wo, Gg^Vc, Wo, Wo, Wo, Gg, Gg, Gg, Gg, Gg, Gg, Gg, Gg, Gg, Rb, Gs, Re, Rb, Hh, Ce, Ke, Ce, Hh, Rb, Rb, Gg, Gg, Gg, Ww, Ww, Gs, Gg, Gs, Gs, Gg, Gg, Hh, Mm^Xm, Mm, Mm, Rr, Ww, Gg, Mm, Hh, Mm, Mm, Cud, Urb, Urb, Urb, Xu, Urb, Urb, Xu, Urb, Urb, Cud, Ur, Xu, Xu, Xu, Xu, Urb, Urb, Urb, Urb, Urb, Xu, Uu, Uu, Uu
Uu, Uu, Uu, Hh, Gs, Hh, Mm, Mm, Gg, Gg, Hh, Gs, Gs, Gs, Rb, Re, Gs, Hh, Mm, Hh, Mm^Xm, Gg, Gg, Gs, Ww, Ww, Wo, Ww, Ss, Ww, Wo, Ss, Hh, Hh, Mm, Mm, Mm, Mm^Xm, Hh, Mm, Mm, Gg, Hh, Wo^Bw|r, Wo, Ww, Gg, Gg^Efm, Mm, Mm, Mm^Xm, Hh^Fms, Wo, Wo, Wo, Gs^Fds, Ww, Ww, Wo, Wo, Wo, Ww, Wo, Wo^Bw|, Wo, Gg, Wo, Wo, Wo, Gg^Efm, Wo, Wo, Wo, Ww, Wo, Wo, Ww, Ww, Ww, Gg, Ww, Gg, Gg, Gg, Rb, Rb, Rb, Re, Hh, Gg, Hh, Mm, Hh, Mm, Mm, Hh, Hh, Rb, Rb, Gg, Wo, Gg, Gs, Gg, Gg, Gg, Gg, Hh, Mm^Xm, Mm^Xm, Rr, Rr, Ww, Wwf^Bsb\, Rr, Hh, Rr, Rr, Rr, Urb, Urb, Urb, Urb, Urb, Urb, Xu, Xu, Urb, Xu, Xu, Uue, Ur, Ur, Uu^Uf, Uue^Ii, Xue, Xue, Xu, Xu, Urb, Urb, Uu, Uu, Uu
Uu, Uu, Uu, Hh, Mm, Hh, Gs, Gs, Gg, Gs, Gs, Gg, Gs, Gg, Re, Gg, Gg, Hh^Vhh, Mm^Xm, Mm^Xm, Mm, Hh, Mm, Ww, Gg, Gg, Ss, Sm, Ss, Ww, Ww, Gg^Efm, Hh, Mm, Mm, Mm, Mm, Mm^Xm, Mm, Hhd, Hh, Mm, Gg, Rb, Wo, Ww, Ss, Ss, Wo, Mm, Wo, Mm^Xm, Wo, Wo, Ww, Wo, Wo, Wo, Ww, Wo, Gg, Wo, Gg, Wo^Bw|, Ww, Wo, Gg, Ww, Gg, Wo, Ww, Ww, Ww, Wo, Ww, Ww, Ww, Ww, Gg, Ww, Gg^Vc, Ww, Ww^Bw/, Rb, Ww, Gg, Ww, Gg, Ww, Ww, Hh, Mm, Gg, Mm, Hh, Mm, Hh, Gg, Ww, Ww^Bw\, Rb, Gg, Gs, Gs, Gs, Gg, Hh, Hh^Vhh, Mm^Xm, Ch, Rr, Hh, Wo, Gg, Rr, Rr, Hh, Hh, Xu, Cud, Urb, Urb, Urb, Urb, Urb, Urb, Urb, Xu, Xu, Uue^Ii, Uue^Ii, Uue^Ii, Uue, Ur, Ur, Uue, Uue, Uu^Uf, Xu, Urb, Urb, Uu, Uu, Uu
Uu, Uu, Uu, Hh, Mm, Mm, Mm, Gs^Es, Hh, Gs, Gs, Gg, Hh, Gs, Re, Gs, Hh, Mm^Xm, Mm, Mm^Xm, Ms^Xm, Mm, Ww, Ww, Hh, Ss, Ss, Gg^Efm, Ss, Gg^Efm, Ss, Ww, Ms, Mm, Ms^Xm, Mm^Xm, Mm^Xm, Gd, Mm, Hh, Mm, Mm, Mm, Rb, Mm, Wo, Wo, Wo, Wo, Wo, Wo, Mm^Xm, Hh, Hh, Hh^Vhh, Gg, Gg, Gg, Gg, Gg, Gg, Gg, Gs, Rb, Gg, Ww, Ww, Ww, Ww, Gg, Ww, Gg, Ww, Gg, Ww, Ww, Gg, Gg, Gg, Gg, Rb, Rb, Gg, Ww, Gg, Ww, Gg, Ww, Gg, Ww, Ww, Ww, Ww, Hh, Wo, Gg^Vc, Wo, Ww, Gg, Ww, Gg, Rb, Re, Gg, Gs, Gg, Gg, Mm^Xm, Rb, Rb, Ch, Ww, Gg, Gg, Rr, Gs, Hh, Mm, Mm, Xu, Urb, Urb, Urb, Urb, Urb, Urb, Urb, Xu, Uu^Uf, Uue, Uue^Emf, Uue^Emf, Uue^Emf, Qxu^Ii, Qxu^Ii, Ur, Ur, Uue, Xu, Urb, Urb, Uu, Uu, Uu
Uu, Uu, Uu, Hh, Hh, Mm, Hh, Mm, Gs, Gs, Gs, Gg, Gs, Gs, Rb, Gg, Hh, Mm^Xm, Mm, Mm, Ms^Xm, Ms^Xm, Mm^Xm, Ms, Hh, Ss, Hh, Gg, Hh, Hh, Hh, Ww, Mm^Xm, Ms^Xm, Mm, Mm^Xm, Mm, Mm, Mm, Mm, Mm, Hh, Gs, Re, Hh, Wo, Wo, Wo, Gg^Efm, Wo, Hh, Mm^Xm, Ch, Hh, Gg, Gg, Gg, Gg, Gs, Gg, Gs, Gs, Gg, Re, Gg, Gg, Gg, Ww, Gg, Ww, Gg, Ww, Gg, Ww, Gg, Gg, Gg, Gg, Re, Rb, Gg, Rb, Gs, Gg, Gg, Gg, Gs, Gg, Gs, Gg, Gg, Ww, Ww, Ww, Ww, Ww, Gg, Gg, Gg, Gg, Gs, Gs, Gg, Re, Rb, Gg, Rb, Rb, Gg, Gg, Ww, Ww, Ch, Rr, Kh, Mm^Xm, Mm^Xm, Mm, Mm^Xm, Xu, Xu, Urb, Xu, Urb, Xu, Urb, Urb, Xu, Xu, Uue, Uue^Em, Uue, Uue, Qxu, Qxu^Ii, Qxu^Ii, Uue, Ur, Ur, Xu, Xu, Uu, Uu, Uu
Uu, Uu, Uu, Hh, Gg, Gs, Hh^Fp, Gg, Gs, Gg, Gg, Gs, Gg, Rb, Gs, Gg, Gg, Mm, Mm, Mm, Mm, Ms^Xm, Mm^Xm, Ms, Mm, Gg, Hh, Hh, Mm, Mm, Mm^Xm, Mm^Xm, Mm, Mm, Mm, Mm, Mm, Hh, Mm, Mm, Mm, Mm, Mm, Re, Mm^Xm, Hh, Gg, Hh, Hh, Hh, Hh, Mm^Xm, Rb, Rb, Rb, Rb, Re, Re, Re, Gg, Rb, Gs, Re, Rb, Gs, Gs, Gg, Gs, Gg, Gg, Gg, Gg, Rb, Gg, Rb, Gg, Rb, Re, Gs, Gs, Gs, Re, Gs, Gg, Gs, Gs, Gg, Gs, Gs, Gs, Gg, Gg, Gg, Hh, Mm, Ww, Ww, Ww, Ww, Gg, Ww, Gg, Gg, Gg, Gg, Rb, Gg, Gg, Wo, Ww, Mm, Hh, Gg, Rb, Hh, Mm, Mm, Mm^Xm, Mm, Mm, Xu, Xu, Xu, Xu, Urb, Xu, Urb, Urb, Urb, Xu, Xu, Uue, Xue, Uue^Ii, Uue^Ii, Uue, Uue, Uue, Uue^Ii, Ur, Urb, Uu, Uu, Uu
Uu, Uu, Uu, Hh, Hh, Mm, Mm, Hh, Hh, Gs, Gg^Es, Gs, Rb, Rb, Gs, Gg, Hh, Mm, Mm, Mm, Mm, Gg^Efm, Mm, Mm^Xm, Mm^Xm, Mm, Mm, Gg, Mm^Xm, Mm^Xm, Mm, Mm, Hh, Hh, Mm, Mm, Mm, Gd, Hhd, Hhd, Hhd^Vhhr, Mm, Mm, Re, Hh, Mm^Xm, Gg, Gg, Gg, Gg, Mm^Xm, Mm^Xm, Ch, Gs, Gs, Gg, Gs, Gs, Gg, Rb, Hh, Rb, Gs^Vh, Re, Rb, Rb, Rb, Rb, Rb, Rb, Rb, Rb, Hh, Rb, Mm, Rb, Gg, Gs, Gg, Gg, Hh, Re, Gs, Gg, Gs, Hh, Gg, Gg, Gs, Gg, Gg, Hh, Gg, Hh, Mm, Gg, Mm, Gg, Hh, Ww, Ww, Ww, Ww, Gg, Ww, Ww, Ww, Ww, Wo, Ww, Gg, Mm, Gg, Rb, Gg, Hh, Mm, Mm, Mm, Mm, Mm, Xu, Xu, Urb, Urb, Urb, Urb, Urb, Urb, Urb, Urb, Xu, Xu, Uu^Uf, Xu, Uue, Uue, Uue, Xu, Xu, Xu, Uu, Uu, Uu
Uu, Uu, Uu, Mm, Mm, Hh, Mm, Mm, Hh, Gg, Ce, Gs, Rb, Gs, Hh, Gs, Mm, Mm, Mm, Mm, Mm, Mm, Mm, Mm, Wo, Mm, Mm, Mm, Ms^Xm, Mm, Mm, Hh, Mm, Mm, Hh, Hh, Hh, Gs, Gd, Re, Mm, Gs, Mm, Re, Hh, Mm, Hh, Hh, Mm, Mm^Xm, Mm, Mm^Xm, Hh, Gg, Hh^Vhh, Hh, Ch, Ch, Ch, Hh, Mm, Mm, Hh, Gs, Gg, Gg, Gs, Hh, Mm, Gg, Mm, Hh, Mm, Gg, Mm^Xm, Mm, Hh, Gs, Gg, Gs, Hh, Rb, Gs, Gs, Gs, Gs, Gg, Gs, Gs, Hh, Hh, Mm, Hh, Mm, Mm^Xm, Mm, Mm^Xm, Hh, Mm^Xm, Hh, Hh, Gg, Gg, Ww, Gg, Ww, Gg, Ww, Mm^Xm, Wo, Wo, Wo, Wo, Rb, Gg, Gg, Gg, Mm, Mm, Mm, Mm, Ql, Xu, Urb, Urb, Urb, Urb, Urb, Urb, Urb, Urb, Urb, Urb, Xu, Xu, Uue, Uue, Uue^Emf, Xu, Urb, Urb, Uu, Uu, Uu
Uu, Uu, Uu, Hh, Mm^Xm, Mm, Mm^Xm, Mm, Hh, Gg, Ke, Ce, Re, Gg, Mm, Hh^Vhh, Mm, Gg, Gg^Efm, Mm, Mm, Gg^Efm, Mm, Mm, Mm, Mm^Xm, Mm^Xm, Mm^Xm, Hh, Hh, Gd, Hh, Hhd, Hh, Hhd, Gd, Wwf, Mm, Gd, Gs, Gs, Mm, Re, Re, Mm, Gs, Mm, Hh, Mm, Mm^Xm, Mm, Mm^Xm, Mm^Xm, Mm, Mm, Mm, Hh, Kh, Hh, Mm, Mm, Hh, Gg, Gg, Mm, Mm, Mm, Hh, Hh, Hh, Mm^Xm, Mm^Xm, Mm^Xm, Mm^Xm, Mm^Xm, Mm, Mm, Hh, Mm, Hh, Gg, Re, Gg, Gg, Gs, Gs, Gs, Gs, Gg, Hh, Mm, Hh, Mm, Mm^Xm, Mm, Mm^Xm, Mm, Mm^Xm, Mm, Mm^Xm, Mm^Xm, Hh, Gg, Ss, Hh, Hh, Hh, Mm, Mm^Xm, Wo, Gg, Ss, Ss, Wo^Bw|, Wo, Hh, Hh, Hh, Mm, Mm, Mm, Ql, Xu, Xu, Urb, Urb, Urb, Urb, Urb, Urb, Urb, Urb, Urb, Urb, Urb, Xu, Urb, Xu, Urb, Urb, Urb, Uu, Uu, Uu
Uu, Uu, Uu, Mm, Ms^Xm, Mm^Xm, Mm, Mm, Mm, Hh, Hh, Ce, Re, Hh, Mm, Mm, Mm, Mm, Mm, Gg, Mm, Mm, Mm, Mm, Mm^Xm, Mm^Xm, Wo, Hh^Vhh, Gs, Gd, Hh, Hh, Gd, Hh, Hh, Gs, Re^Gvs, Gs^Vh, Gs, Gs, Re, Rd, Gs, Gs, Hh, Mm, Mm, Mm^Xm, Ms, Mm, Mm, Mm^Xm, Wo, Mm^Xm, Mm^Xm, Mm, Hh, Gg, Mm, Mm, Mm^Xm, Mm, Mm, Mm, Hh, Hh, Hh, Hh, Mm^Xm, Mm^Xm, Mm, Mm, Ms^Xm, Mm, Mm, Mm^Xm, Gg, Hh, Hh, Gg, Hh, Rb, Rb, Gg, Gs, Gg, Gs, Gs, Hh, Gg, Hh, Hh, Mm^Xm, Mm^Xm, Mm, Mm, Ms^Xm, Mm, Mm, Mm, Mm^Xm, Mm, Hh, Hh, Hh, Gg, Mm, Mm, Mm^Xm, Mm, Hh, Hh, Gg, Rb, Ww, Wo, Wo, Gg, Mm, Mm, Mm, Ql, Ql, Xu, Xu, Urb, Xu, Urb, Urb, Urb, Urb, Urb, Urb, Cud, Xu, Urb, Urb, Urb, Urb, Urb, Urb, Uu, Uu, Uu
Uu, Uu, Uu, Mm, Ms^Xm, Mm, Mm, Hh, Mm, Hh, Gg, Hh, Re, Hh, Hh, Hh, Mm, Hh, Gg^Es, Mm, Mm, Mm, Hh, Gg^Efm, Ms^Xm, Ms^Xm, Mm, Mm, Hh, Gs, Gd, Gs, Gs, Gd, Gs, Mm, Gs, Gs, Gs, Re, Hhd, Hh, Gs, Gs, Hh, Mm, Ms, Mm^Xm, Ms^Xm, Mm, Ms^Xm, Mm^Xm, Mm^Xm, Wo, Mm^Xm, Mm, Mm^Xm, Mm^Xm, Mm^Xm, Mm^Xm, Mm^Xm, Mm^Xm, Mm^Xm, Hh, Mm^Xm, Hh, Wo, Hh^Fms, Mm^Xm, Mm, Mm, Ms^Xm, Mm, Ms^Xm, Ms^Xm, Mm^Xm, Mm^Xm, Mm, Hh, Gg, Mm, Hh, Mm, Rb, Hh, Gg, Hh, Gs^Es, Hh^Vhh, Mm, Mm, Mm^Xm, Mm, Mm, Mm, Ms^Xm, Ms^Xm, Ms^Xm, Mm, Mm, Hh^Fp, Hh, Mm^Xm, Hh^Vhh, Mm, Gg, Gg, Ms^Xm, Mm, Hh, Ms^Xm, Mm, Hh, Rb, Rb, Ww, Wo, Ww, Wo, Hh, Mm, Mm, Mm, Ql, Ql, Xu, Ql, Xu, Xu, Xu, Xu, Urb, Urb, Xu, Urb, Urb, Urb, Urb, Urb, Urb, Urb, Uu, Uu, Uu
Uu, Uu, Uu, Mm^Xm, Mm, Mm, Mm, Hh, Mm, Hh, Hh, Re, Gg, Gs, Mm, Mm, Mm, Mm, Mm, Mm, Mm, Mm, Mm, Mm, Mm^Xm, Mm, Mm, Mm, Gs, Hh, Hhd, Hhd, Gs, Gd, Hh, Gs, Gs, Gs, Gs, Re, Gs, Mm, Hh, Gs, Mm, Ms, Mm^Xm, Mm^Xm, Ms, Ms^Xm, Mm, Mm, Mm, Mm^Xm, Mm, Mm^Xm, Mm, Mm^Xm, Mm, Mm^Xm, Ms^Xm, Mm^Xm, Ms^Xm, Mm^Xm, Mm^Xm, Mm^Xm, Mm^Xm, Mm^Xm, Mm, Mm, Mm, Ms^Xm, Mm, Ms^Xm, Mm, Mm, Mm^Xm, Mm^Xm, Mm, Hh, Hh, Hh, Mm, Rb, Hh, Mm, Mm, Hh, Hh, Gg^Efm, Mm^Xm, Mm^Xm, Ms^Xm, Ms^Xm, Ms^Xm, Ms^Xm, Mm, Ms^Xm, Mm, Wo, Wo, Mm, Mm^Xm, Mm, Hh, Hh, Mm^Xm, Ms^Xm, Ms^Xm, Ms^Xm, Mm, Ms^Xm, Ms^Xm, Ms^Xm, Ms^Xm, Rb, Rb, Wo, Md, Wo, Wo, Mm, Mm, Mm, Mm, Ql, Mm, Ql, Ql, Ql, Ql, Xu, Xu, Xu, Xu, Urb, Urb, Urb, Urb, Urb, Urb, Uu, Uu, Uu
Uu, Uu, Uu, Mm^Xm, Hh, Hh, Mm, Hh, Hh, Mm, Rb, Rb, Gg, Mm, Mm, Mm, Mm^Xm, Mm^Xm, Ms^Xm, Ms^Xm, Mm^Xm, Mm^Xm, Mm^Xm, Ms^Xm, Mm, Mm, Gs, Mm, Gs, Hh, Hh, Hh, Gd, Gs, Gd, Gs, Gd, Gs, Re, Re, Hh, Gs, Mm, Mm, Mm^Xm, Mm^Xm, Ms, Ms, Ms, Hh, Mm, Hh^Fms, Gs^Es, Hh, Mm^Xm, Ms^Xm, Mm^Xm, Mm^Xm, Ww, Ms^Xm, Mm, Ms^Xm, Mm, Ms^Xm, Mm, Mm, Mm, Mm, Mm, Ms^Xm, Mm, Ms^Xm, Ms^Xm, Ms^Xm, Mm, Hh^Fds, Mm, Mm^Xm, Mm, Mm, Hh, Gg, Rb, Rb, Gg, Hh, Gg, Mm, Mm, Mm^Xm, Mm, Ms^Xm, Ms^Xm, Ms^Xm, Mm, Ha, Ha, Ms^Xm, Ms^Xm, Mm, Ms^Xm, Mm, Mm, Mm^Xm, Mm^Xm, Mm^Xm, Mm, Mm^Xm, Mm, Mm, Hh, Mm, Mm, Mm, Hh, Mm^Xm, Mm^Xm, Rb, Rb, Wo, Mm, Ww, Ms, Ms, Ms, Mm, Mm, Mm, Mm, Hh, Mm, Ql, Ql, Xu, Ql, Xu, Xu, Xu, Urb, Urb, Xu, Uu, Uu, Uu
Uu, Uu, Uu, Mm, Hh, Hh^Vhh, Gg, Hh, Gg, Hh, Rb, Mm, Mm, Mm, Mm, Mm^Xm, Hh, Gg, Mm, Mm, Mm, Mm, Mm, Hh, Hh, Hh, Hh, Hh, Hh, Gs, Gs, Gs, Gs, Gs, Gd, Gs, Gs, Gs, Re, Hh, Rd, Gd^Vhr, Mm, Mm, Mm^Xm, Ms, Ww, Ms, Hh, Mm^Xm, Hh, Hh^Fms, Hh, Gs, Hh, Mm^Xm, Hh, Ww, Ms^Xm, Mm, Mm, Hh, Mm, Ms^Xm, Ms^Xm, Ms^Xm, Ms^Xm, Ms^Xm, Ww, Ww, Mm, Ms^Xm, Ms^Xm, Ms^Xm, Hh, Hh, Mm, Mm^Xm, Mm^Xm, Hh, Mm, Rb, Mm, Hh, Hh, Gg, Mm, Gg, Mm^Xm, Mm^Xm, Mm, Mm, Ms^Xm, Mm, Mm, Ww, Ms^Xm, Ms^Xm, Ms^Xm, Ms^Xm, Ms^Xm, Ms^Xm, Ms^Xm, Ms^Xm, Ms^Xm, Hh, Gg, Mm, Hh, Mm, Hh, Hh, Mm, Mm^Xm, Mm^Xm, Mm^Xm, Hh, Mm^Xm, Ms^Xm, Ww, Ms, Ww, Ms, Ms^Xm, Ms, Mm, Ms^Xm, Hh, Hh, Mm, Mm, Mm, Mm, Ql, Mm, Ql, Ql, Xu, Xu, Xu, Ql, Uu, Uu, Uu
Uu, Uu, Uu, Gg, Hh, Gg^Efm, Gg, Gg, Gg^Efm, Gg, Re, Gg, Mm, Mm, Gs, Mm^Xm, Mm, Mm, Mm, Mm, Hh, Mm, Mm, Hh, Gg, Hh, Gs, Hh, Hh, Gs, Gs, Hh, Gs, Gd, Gd, Gs, Re, Re, Gs, Gd, Hh, Hh, Mm^Xm, Mm^Xm, Ms, Ms, Wo, Hh, Gg, Gg, Hh, Hh, Hh, Gg, Hh, Mm, Ww, Ww, Mm, Ms^Xm, Mm, Mm, Hh^Fds, Mm, Hh, Mm, Ww, Ww, Mm, Mm, Ms^Xm, Mm, Mm, Ms^Xm, Ms^Xm, Gg, Gg^Efm, Hh, Mm, Mm^Xm, Mm, Rb, Mm, Mm, Mm, Mm, Mm, Mm, Mm^Xm, Mm, Ms^Xm, Ms^Xm, Mm, Ms^Xm, Ms^Xm, Ww, Hh, Ms^Xm, Mm, Ww, Ww, Mm, Mm, Ms^Xm, Hh, Ww, Hh, Mm, Mm, Mm, Mm, Mm, Wo, Mm, Hh, Mm, Mm, Mm, Hh, Ms^Xm, Ms^Xm, Wo, Ms^Xm, Ms, Ms^Xm, Ms^Xm, Ms^Xm, Ms^Xm, Ms^Xm, Mm, Ms^Xm, Hh, Hh, Mm, Ms^Xm, Mm, Mm, Ql, Ql, Ql, Ql, Uu, Uu, Uu
Uu, Uu, Uu, Hh, Hh, Gg, Mm, Mm, Gg, Gg, Re, Gs, Gg, Gg, Mm^Xm, Mm^Xm, Hh, Mm, Mm, Mm, Gg, Hh, Hh, Hh, Gs, Hh, Hh, Hh, Hh, Hh, Hh, Gs, Mm, Gs, Gs, Gs, Re, Hh, Hh, Hh, Mm, Mm, Mm^Xm, Mm, Mm, Ww, Hh, Mm, Mm, Gs, Hh, Mm, Ss, Gg, Gg, Ss, Ww, Gg, Rb, Hh, Rb, Hh, Gg, Mm, Ww, Ww, Mm, Ms^Xm, Ms^Xm, Mm, Ms^Xm, Mm, Ms^Xm, Ms^Xm, Ww, Ms^Xm, Ms^Xm, Hh, Mm, Mm^Xm, Mm^Xm, Rb, Mm^Xm, Mm, Mm^Xm, Mm, Mm^Xm, Mm^Xm, Mm, Mm, Ms^Xm, Mm, Ms^Xm, Ms^Xm, Ms^Xm, Ww, Ww, Ms^Xm, Ms^Xm, Ww, Mm, Ms^Xm, Ms^Xm, Mm, Ww, Ww, Mm, Hh, Mm, Mm, Mm, Hh, Hh, Mm, Mm, Hh, Hh, Hh, Mm, Mm, Mm, Mm, Mm, Ms^Xm, Mm, Hh, Hh, Hh, Uu, Ms^Xm, Uu, Mm, Uu, Mm, Uu, Mm, Uu, Mm, Uu, Ql, Uu, Uu, Uu, Uu
Uu, Uu, Uu, Mm, Mm, Hh, Mm, Hh, Mm, Gs, Rb, Gg, Mm^Xm, Mm^Xm, Mm, Mm, Mm, Mm, Gg, Mm, Mm, Mm, Mm, Mm, Mm, Hh, Hh, Hh, Hh, Hh, Gs, Hh, Gs, Gs, Re, Re, Gs, Gs, Gs, Mm, Mm, Mm, Mm^Xm, Hh, Mm, Wo, Wo, Mm, Gg^Efm, Gg, Gg, Hh, Ww, Wwf, Wo, Ww, Sm, Rb, Hh, Rb, Mm, Hh, Ww, Ww, Hh, Mm, Mm, Mm, Ms^Xm, Ms^Xm, Ms^Xm, Ms^Xm, Ms^Xm, Ms^Xm, Mm, Ww, Ha, Ms^Xm, Mm, Ms^Xm, Ms^Xm, Mm^Xm, Ms^Xm, Ms^Xm, Mm, Ms^Xm, Ww, Mm^Xm, Mm, Mm, Ms^Xm, Mm, Mm, Hh, Ms^Xm, Ms^Xm, Ww, Ms^Xm, Ms^Xm, Ww, Mm, Ms^Xm, Hh, Mm, Ww, Mm, Ms^Xm, Mm, Mm, Mm, Mm, Mm, Mm, Mm, Mm, Hh, Mm, Mm, Mm, Mm, Mm, Mm, Mm, Mm, Hh, Mm, Mm, Mm, Uu, Uu, Uu, Uu, Uu, Uu, Uu, Uu, Uu, Uu, Uu, Uu, Uu, Uu, Uu, Uu
Uu, Uu, Uu, Gg, Mm, Mm^Xm, Mm^Xm, Mm^Xm, Mm, Mm, Rb, Mm, Mm, Hh, Hh, Mm, Gg^Efm, Hh, Hh, Mm, Hh, Hh, Mm, Mm, Mm, Mm, Gg, Gs, Re, Gs, Re, Re, Re, Re, Ce, Re, Hh, Gs, Hh, Mm, Mm, Mm, Mm, Mm^Xm, Mm, Mm, Hh, Ww, Wwf, Gg, Ss, Ww, Gg, Gg, Rb, Sm, Ss, Ss, Gg, Hh, Ss, Ss, Ww, Ss, Hh, Gg, Ms^Xm, Ms^Xm, Ms^Xm, Mm, Ms^Xm, Ms^Xm, Mm, Mm, Ms^Xm, Ww, Ww, Mm, Hh, Mm, Ms^Xm, Hh, Hh, Mm, Ms^Xm, Ms^Xm, Ww, Ms^Xm, Ms^Xm, Mm, Mm, Mm, Hh, Hh, Hh, Hh, Ww, Hh, Gg^Efm, Ww, Hh, Hh, Mm, Mm, Ww, Ms^Xm, Mm, Ms^Xm, Ms^Xm, Ms^Xm, Mm, Mm, Mm, Mm, Mm, Hh, Hh, Mm, Mm, Mm, Mm, Mm, Hh, Hh, Mm, Mm, Mm, Hh, Uu, Uu, Uu, Uu, Uu, Uu, Uu, Uu, Uu, Uu, Uu, Uu, Uu, Uu, Uu, Uu
Uu, Uu, Uu, Mm^Xm, Mm^Xm, Mm^Xm, Mm, Hh, Mm, Gg, Rb, Mm, Mm, Mm, Hh, Hh, Gs, Mm, Hh, Hh, Hh, Hh, Hh, Hh, Re, Hh, Re, Re, Gs, Re, Gs, Gs, Re, Ce, Ce, Ke, Gg, Hh, Gg, Mm, Mm, Mm, Mm^Xm, Mm^Xm, Hh^Fp, Mm, Mm, Hh, Gg, Ww, Gg, Ww, Gs^Vc, Rb, Ss, Ss, Gg, Ss, Ss, Ss, Ss, Gg^Efm, Ww, Ss, Gg, Hh, Ms^Xm, Mm, Ms^Xm, Ms^Xm, Mm, Ms^Xm, Mm, Mm, Mm, Ms^Xm, Ss, Ww, Ww, Gg, Ms^Xm, Mm, Gg, Mm, Mm, Ms^Xm, Mm, Mm, Ms^Xm, Hh, Gg, Hh, Gg, Hh, Gg, Ss, Ss, Ww, Ss, Ww, Hh, Hh, Mm, Hh, Ww, Mm, Mm, Mm, Mm, Mm, Mm, Mm, Mm, Mm, Mm, Mm, Gg, Mm, Hh, Mm, Hh, Mm, Hh, Mm, Mm, Hh, Mm, Mm, Uu, Uu, Uu, Uu, Uu, Uu, Uu, Uu, Uu, Uu, Uu, Uu, Uu, Uu, Uu, Uu
Uu, Uu, Uu, Mm^Xm, Mm, Mm, Mm, Mm, Mm, Mm, Re, Mm, Hh, Gg, Mm, Mm, Mm, Mm, Hh^Vhh, Mm, Re, Re, Re, Re, Gs, Re, Gs, Hh, Gs, Gg, Hh, Gs, Re, Mm, Mm, Hh, Hh, Hh, Hh, Mm, Mm, Mm, Mm^Xm, Hh, Hh^Fp, Mm, Gg^Es, Gg, Hh, Ww, Wo, Ww, Gg, Rb, Gg, Ss, Ss, Gg^Efm, Gg, Gg, Ww, Uu, Uu, Uu, Uu, Uu, Uu, Uu, Uu, Uu, Uu, Uu, Uu, Uu, Uu, Uu, Uu, Uu, Uu, Uu, Uu, Uu, Uu, Uu, Uu, Uu, Uu, Uu, Uu, Uu, Uu, Uu, Uu, Uu, Uu, Uu, Uu, Uu, Uu, Uu, Uu, Uu, Uu, Uu, Uu, Uu, Uu, Uu, Uu, Uu, Uu, Uu, Uu, Uu, Uu, Uu, Uu, Uu, Uu, Uu, Uu, Uu, Uu, Uu, Uu, Uu, Uu, Uu, Uu, Uu, Uu, Uu, Uu, Uu, Uu, Uu, Uu, Uu, Uu, Uu, Uu, Uu, Uu, Uu
Uu, Uu, Uu, Mm, Hh, Mm, Hh, Mm, Hh, Mm, Re, Mm, Mm, Mm, Gs, Gs, Re, Re, Re, Re, Hh, Gs, Gs, Hh, Gg, Gs, Gg, Gs, Gg, Hh, Re, Re, Mm, Hh, Gg, Mm, Hh, Gg, Hh, Hh, Mm, Mm, Mm^Xm, Hh, Mm, Gg^Efm, Mm, Mm, Gg, Wo, Ss, Sm, Ss, Rb, Ss, Gg, Ss, Ss, Gg, Ww, Ww, Uu, Uu, Uu, Uu, Uu, Uu, Uu, Uu, Uu, Uu, Uu, Uu, Uu, Uu, Uu, Uu, Uu, Uu, Uu, Uu, Uu, Uu, Uu, Uu, Uu, Uu, Uu, Uu, Uu, Uu, Uu, Uu, Uu, Uu, Uu, Uu, Uu, Uu, Uu, Uu, Uu, Uu, Uu, Uu, Uu, Uu, Uu, Uu, Uu, Uu, Uu, Uu, Uu, Uu, Uu, Uu, Uu, Uu, Uu, Uu, Uu, Uu, Uu, Uu, Uu, Uu, Uu, Uu, Uu, Uu, Uu, Uu, Uu, Uu, Uu, Uu, Uu, Uu, Uu, Uu, Uu, Uu, Uu
Uu, Uu, Uu, Gg, Mm, Hh, Hh, Mm, Mm, Gg, Re, Re, Re, Re, Re, Re, Ce, Mm, Gs, Gs, Gs, Gg, Gs, Gs, Hh, Gs, Gs, Gs, Gs, Hh, Re, Gs, Hh^Vhh, Hh, Gs, Hh, Gg, Mm, Gg, Hh, Mm, Mm^Xm, Mm, Hh, Mm, Mm, Rb^Gvs, Mm, Ww, Ww, Ss, Sm, Ss, Rb, Ss, Gg^Em, Sm, Ss, Ww, Ww, Gg, Uu, Uu, Uu, Uu, Uu, Uu, Uu, Uu, Uu, Uu, Uu, Uu, Uu, Uu, Uu, Uu, Uu, Uu, Uu, Uu, Uu, Uu, Uu, Uu, Uu, Uu, Uu, Uu, Uu, Uu, Uu, Uu, Uu, Uu, Uu, Uu, Uu, Uu, Uu, Uu, Uu, Uu, Uu, Uu, Uu, Uu, Uu, Uu, Uu, Uu, Uu, Uu, Uu, Uu, Uu, Uu, Uu, Uu, Uu, Uu, Uu, Uu, Uu, Uu, Uu, Uu, Uu, Uu, Uu, Uu, Uu, Uu, Uu, Uu, Uu, Uu, Uu, Uu, Uu, Uu, Uu, Uu, Uu
Uu, Uu, Uu, Mm, Mm, Gg^Es, Mm, Mm, Hh, Hh, Rb, Gg, Mm, Mm, Hh, Ke, Ce, Ce, Gg, Gg, Gg, Gs, Gg, Gg, Hh, Gs, Gg, Gs, Gs, Gs, Re, Mm, Hh, Gg, Gg, Hh, Mm, Mm, Mm, Hh, Mm, Mm^Xm, Mm, Hh, Gg, Rb^Gvs, Rb^Gvs, Gg^Vc, Wo, Wo, Gg, Gg, Rb, Rb, Gg^Vc, Ss, Hh, Gg, Ww, Ww, Ss, Uu, Uu, Uu, Uu, Uu, Uu, Uu, Uu, Uu, Uu, Uu, Uu, Uu, Uu, Uu, Uu, Uu, Uu, Uu, Uu, Uu, Uu, Uu, Uu, Uu, Uu, Uu, Uu, Uu, Uu, Uu, Uu, Uu, Uu, Uu, Uu, Uu, Uu, Uu, Uu, Uu, Uu, Uu, Uu, Uu, Uu, Uu, Uu, Uu, Uu, Uu, Uu, Uu, Uu, Uu, Uu, Uu, Uu, Uu, Uu, Uu, Uu, Uu, Uu, Uu, Uu, Uu, Uu, Uu, Uu, Uu, Uu, Uu, Uu, Uu, Uu, Uu, Uu, Uu, Uu, Uu, Uu, Uu
Uu, Uu, Uu, Mm, Mm, Hh, Mm, Gg, Hh, Gg, Gg, Re, Mm, Mm, Gg, Gg, Gs, Gs, Hh, Gs, Hh, Hh, Gg, Gs, Hh, Gs, Gg, Gs, Re, Re, Mm, Mm, Hh, Mm, Gg, Hh, Gg, Mm, Mm, Mm, Mm, Mm^Xm, Mm, Mm, Gg, Gg^Em, Rb, Rb, Ww, Wo, Wo, Ww, Ww^Bw|r, Gg, Ww, Gg, Wwf, Ww, Ww, Sm, Gg, Uu, Uu, Uu, Uu, Uu, Uu, Uu, Uu, Uu, Uu, Uu, Uu, Uu, Uu, Uu, Uu, Uu, Uu, Uu, Uu, Uu, Uu, Uu, Uu, Uu, Uu, Uu, Uu, Uu, Uu, Uu, Uu, Uu, Uu, Uu, Uu, Uu, Uu, Uu, Uu, Uu, Uu, Uu, Uu, Uu, Uu, Uu, Uu, Uu, Uu, Uu, Uu, Uu, Uu, Uu, Uu, Uu, Uu, Uu, Uu, Uu, Uu, Uu, Uu, Uu, Uu, Uu, Uu, Uu, Uu, Uu, Uu, Uu, Uu, Uu, Uu, Uu, Uu, Uu, Uu, Uu, Uu, Uu
Uu, Uu, Uu, Hh, Mm, Mm, Mm, Hh, Hh, Hh, Gs, Re, Re, Mm, Mm, Gg, Gs, Hh, Gg, Gg, Gs, Gg, Hh, Gg, Gs, Hh, Gg, Rb, Hh, Mm, Hh, Hh, Hh, Gg, Gg, Mm, Gg, Mm, Gg^Efm, Mm, Mm^Xm, Mm^Xm, Mm, Mm, Ss, Gg^Efm, Rb, Ss, Ww, Ww, Wo, Ww, Wwf, Ww, Ww, Wo, Md, Gg, Md, Hh, Md, Uu, Uu, Uu, Uu, Uu, Uu, Uu, Uu, Uu, Uu, Uu, Uu, Uu, Uu, Uu, Uu, Uu, Uu, Uu, Uu, Uu, Uu, Uu, Uu, Uu, Uu, Uu, Uu, Uu, Uu, Uu, Uu, Uu, Uu, Uu, Uu, Uu, Uu, Uu, Uu, Uu, Uu, Uu, Uu, Uu, Uu, Uu, Uu, Uu, Uu, Uu, Uu, Uu, Uu, Uu, Uu, Uu, Uu, Uu, Uu, Uu, Uu, Uu, Uu, Uu, Uu, Uu, Uu, Uu, Uu, Uu, Uu, Uu, Uu, Uu, Uu, Uu, Uu, Uu, Uu, Uu, Uu, Uu
Uu, Uu, Uu, Hh, Hh, Mm, Mm, Gg, Gg, Hh, Gs, Gs, Gg, Re, Re, Gg, Hh, Gs, Hh, Hh, Hh, Gg, Gg, Gs, Gg, Gs, Rb, Re, Gg, Gs, Gg, Hh, Mm, Hh, Gg, Mm, Mm, Mm, Mm, Mm, Ms^Xm, Mm, Mm, Mm, Gg, Ss, Ww, Wwf, Gg, Wo, Ss, Ss, Ww^Bw|r, Ww, Gg, Ww, Ww, Gg, Hh, Md, Gg, Uu, Uu, Uu, Uu, Uu, Uu, Uu, Uu, Uu, Uu, Uu, Uu, Uu, Uu, Uu, Uu, Uu, Uu, Uu, Uu, Uu, Uu, Uu, Uu, Uu, Uu, Uu, Uu, Uu, Uu, Uu, Uu, Uu, Uu, Uu, Uu, Uu, Uu, Uu, Uu, Uu, Uu, Uu, Uu, Uu, Uu, Uu, Uu, Uu, Uu, Uu, Uu, Uu, Uu, Uu, Uu, Uu, Uu, Uu, Uu, Uu, Uu, Uu, Uu, Uu, Uu, Uu, Uu, Uu, Uu, Uu, Uu, Uu, Uu, Uu, Uu, Uu, Uu, Uu, Uu, Uu, Uu, Uu
Uu, Uu, Uu, Gg, Hh, Mm, Hh, Mm, Mm, Hh, Gs, Hh, Hh, Hh, Gg, Rb, Rb, Mm, Gg, Gs, Gg^Efm, Hh, Gg, Gs, Gg, Hh, Rb, Hh, Gg^Es, Hh, Mm, Hh, Gg, Hh, Mm, Mm, Mm, Mm, Mm, Ms, Ms^Xm, Mm^Xm, Mm, Mm, Ss, Ss, Ww, Ss, Wo^Bw|r, Wo, Gg, Gg, Rb, Ww, Ww, Ww, Ww, Gg, Rb, Rb, Re, Uu, Uu, Uu, Uu, Uu, Uu, Uu, Uu, Uu, Uu, Uu, Uu, Uu, Uu, Uu, Uu, Uu, Uu, Uu, Uu, Uu, Uu, Uu, Uu, Uu, Uu, Uu, Uu, Uu, Uu, Uu, Uu, Uu, Uu, Uu, Uu, Uu, Uu, Uu, Uu, Uu, Uu, Uu, Uu, Uu, Uu, Uu, Uu, Uu, Uu, Uu, Uu, Uu, Uu, Uu, Uu, Uu, Uu, Uu, Uu, Uu, Uu, Uu, Uu, Uu, Uu, Uu, Uu, Uu, Uu, Uu, Uu, Uu, Uu, Uu, Uu, Uu, Uu, Uu, Uu, Uu, Uu, Uu
Uu, Uu, Uu, Gg^Efm, Gg^Efm, Mm, Mm, Gg, Mm, Mm, Hh, Gg, Gg, Hh, Gg, Gg, Hh, Rb, Re, Gg, Gg, Hh, Hh, Gs, Gg, Rb, Hh, Hh, Gg, Hh, Gg, Gg, Mm, Hh, Mm, Mm, Mm^Xm, Mm, Mm, Mm^Xm, Mm, Mm, Mm, Mm, Mm, Ss, Ww, Wo, Wwf, Ww, Ss, Gg, Rb, Ss, Ww, Ww, Ww^Bw/r, Rb, Gg, Ss, Gg, Uu, Uu, Uu, Uu, Uu, Uu, Uu, Uu, Uu, Uu, Uu, Uu, Uu, Uu, Uu, Uu, Uu, Uu, Uu, Uu, Uu, Uu, Uu, Uu, Uu, Uu, Uu, Uu, Uu, Uu, Uu, Uu, Uu, Uu, Uu, Uu, Uu, Uu, Uu, Uu, Uu, Uu, Uu, Uu, Uu, Uu, Uu, Uu, Uu, Uu, Uu, Uu, Uu, Uu, Uu, Uu, Uu, Uu, Uu, Uu, Uu, Uu, Uu, Uu, Uu, Uu, Uu, Uu, Uu, Uu, Uu, Uu, Uu, Uu, Uu, Uu, Uu, Uu, Uu, Uu, Uu, Uu, Uu
Uu, Uu, Uu, Ww, Wo, Hh, Wo, Mm, Mm, Gg, Mm, Mm, Mm, Hh, Hh, Hh, Gg^Es, Gg, Hh, Re, Rb, Gg, Hh, Gg^Vh, Rb, Rb, Gg, Gg, Gg, Mm, Gg, Mm, Mm, Mm, Ms^Xm, Mm^Xm, Ww, Wo, Wo, Mm^Xm, Wo, Ww, Wo, Mm, Wo, Ww, Wo, Wo, Ss, Gg, Ss, Gg, Rb, Chs, Rb, Wwf, Ww, Wwf, Ww, Ss, Gg, Uu, Uu, Uu, Uu, Uu, Uu, Uu, Uu, Uu, Uu, Uu, Uu, Uu, Uu, Uu, Uu, Uu, Uu, Uu, Uu, Uu, Uu, Uu, Uu, Uu, Uu, Uu, Uu, Uu, Uu, Uu, Uu, Uu, Uu, Uu, Uu, Uu, Uu, Uu, Uu, Uu, Uu, Uu, Uu, Uu, Uu, Uu, Uu, Uu, Uu, Uu, Uu, Uu, Uu, Uu, Uu, Uu, Uu, Uu, Uu, Uu, Uu, Uu, Uu, Uu, Uu, Uu, Uu, Uu, Uu, Uu, Uu, Uu, Uu, Uu, Uu, Uu, Uu, Uu, Uu, Uu, Uu, Uu
Uu, Uu, Uu, Gg, Mm, Ww, Gg^Efm, Wo, Ww, Mm, Mm, Mm, Mm, Gg, Mm, Gg, Mm, Hh, Gg, Gs, Gg, Re, Re, Hh, Rb, Gg, Hh, Mm, Mm, Mm, Mm^Xm, Gg, Hh, Ms^Xm, Mm, Mm, Wo, Ww, Ww, Wo, Wo, Wo, Wo, Wo, Ww, Ww, Gg, Ww, Gg, Gg, Gg, Ss, Rb, Rb, Gg, Gg, Gg, Ww, Ww, Ww, Gg, Uu, Uu, Uu, Uu, Uu, Uu, Uu, Uu, Uu, Uu, Uu, Uu, Uu, Uu, Uu, Uu, Uu, Uu, Uu, Uu, Uu, Uu, Uu, Uu, Uu, Uu, Uu, Uu, Uu, Uu, Uu, Uu, Uu, Uu, Uu, Uu, Uu, Uu, Uu, Uu, Uu, Uu, Uu, Uu, Uu, Uu, Uu, Uu, Uu, Uu, Uu, Uu, Uu, Uu, Uu, Uu, Uu, Uu, Uu, Uu, Uu, Uu, Uu, Uu, Uu, Uu, Uu, Uu, Uu, Uu, Uu, Uu, Uu, Uu, Uu, Uu, Uu, Uu, Uu, Uu, Uu, Uu, Uu
Uu, Uu, Uu, Mm, Mm, Mm, Mm, Ms, Ms, Ww, Ms, Mm, Mm, Mm, Mm, Mm, Mm, Mm, Mm, Mm, Mm, Gs, Gg, Rb, Gg, Hh, Hh, Hh, Mm, Mm^Xm, Mm, Ms^Xm, Mm, Rb, Gg^Vc, Gg^Emf, Ww, Mm, Wo, Ww, Wo, Wo, Ww, Ww, Ss, Gg, Ss, Ss^Vhs, Sm, Gg, Re, Rb, Gg, Gg, Gg, Gg, Gg^Vc, Ww, Ww, Ww, Ww, Uu, Uu, Uu, Uu, Uu, Uu, Uu, Uu, Uu, Uu, Uu, Uu, Uu, Uu, Uu, Uu, Uu, Uu, Uu, Uu, Uu, Uu, Uu, Uu, Uu, Uu, Uu, Uu, Uu, Uu, Uu, Uu, Uu, Uu, Uu, Uu, Uu, Uu, Uu, Uu, Uu, Uu, Uu, Uu, Uu, Uu, Uu, Uu, Uu, Uu, Uu, Uu, Uu, Uu, Uu, Uu, Uu, Uu, Uu, Uu, Uu, Uu, Uu, Uu, Uu, Uu, Uu, Uu, Uu, Uu, Uu, Uu, Uu, Uu, Uu, Uu, Uu, Uu, Uu, Uu, Uu, Uu, Uu
Uu, Uu, Uu, Mm, Mm, Mm, Mm, Mm, Ms, Ms, Hh, Hh, Mm^Xm, Mm, Mm^Xm, Mm, Hh, Mm, Mm^Xm, Mm, Mm^Xm, Mm, Hh, Re, Gs, Hh, Mm, Hh, Mm, Mm^Xm, Ww, Mm, Ww, Ww, Ww, Ww, Wo, Wo, Wo, Wo, Ww, Ww, Ww, Ww, Gg, Gg, Gg^Efm, Ss, Ss, Gg, Rb, Re, Gg, Ss, Gg, Ss, Gg, Ww, Ww, Gg, Gg, Uu, Uu, Uu, Uu, Uu, Uu, Uu, Uu, Uu, Uu, Uu, Uu, Uu, Uu, Uu, Uu, Uu, Uu, Uu, Uu, Uu, Uu, Uu, Uu, Uu, Uu, Uu, Uu, Uu, Uu, Uu, Uu, Uu, Uu, Uu, Uu, Uu, Uu, Uu, Uu, Uu, Uu, Uu, Uu, Uu, Uu, Uu, Uu, Uu, Uu, Uu, Uu, Uu, Uu, Uu, Uu, Uu, Uu, Uu, Uu, Uu, Uu, Uu, Uu, Uu, Uu, Uu, Uu, Uu, Uu, Uu, Uu, Uu, Uu, Uu, Uu, Uu, Uu, Uu, Uu, Uu, Uu, Uu
Uu, Uu, Uu, Mm, Mm, Mm, Hh, Hh, Ms^Xm, Ms^Xm, Mm^Xm, Mm^Xm, Mm, Mm^Xm, Mm, Mm^Xm, Mm^Xm, Mm^Xm, Mm, Mm^Xm, Mm, Mm, Hh, Re, Gg, Mm, Mm, Mm, Mm, Wo, Ww, Ww, Wo, Wo, Wo, Wo, Wo, Ww, Wo, Wo, Wo, Gg, Gg, Gg, Gg, Ss, Gg, Ss, Ss, Gg, Rb, Gg, Ss, Gg, Wo, Gg, Ss, Gg, Ww, Ss, Ww, Uu, Uu, Uu, Uu, Uu, Uu, Uu, Uu, Uu, Uu, Uu, Uu, Uu, Uu, Uu, Uu, Uu, Uu, Uu, Uu, Uu, Uu, Uu, Uu, Uu, Uu, Uu, Uu, Uu, Uu, Uu, Uu, Uu, Uu, Uu, Uu, Uu, Uu, Uu, Uu, Uu, Uu, Uu, Uu, Uu, Uu, Uu, Uu, Uu, Uu, Uu, Uu, Uu, Uu, Uu, Uu, Uu, Uu, Uu, Uu, Uu, Uu, Uu, Uu, Uu, Uu, Uu, Uu, Uu, Uu, Uu, Uu, Uu, Uu, Uu, Uu, Uu, Uu, Uu, Uu, Uu, Uu, Uu
Uu, Uu, Uu, Mm^Xm, Mm^Xm, Mm, Mm^Xm, Mm^Xm, Mm, Wo, Mm, Mm, Mm, Mm, Mm, Mm, Mm, Mm, Mm, Mm, Mm, Hh, Gg, Rb, Gs, Mm, Mm, Mm, Wo, Wo, Ww, Wo, Wo, Wo, Wo, Wo, Wo, Wo, Ww, Ww, Wo, Gg^Vc, Ss, Gg, Ss, Gg, Ss, Gg, Rb, Rb, Gg, Ss, Ss, Wo, Ww, Ww, Rb, Gg, Ww, Ww, Ww, Uu, Uu, Uu, Uu, Uu, Uu, Uu, Uu, Uu, Uu, Uu, Uu, Uu, Uu, Uu, Uu, Uu, Uu, Uu, Uu, Uu, Uu, Uu, Uu, Uu, Uu, Uu, Uu, Uu, Uu, Uu, Uu, Uu, Uu, Uu, Uu, Uu, Uu, Uu, Uu, Uu, Uu, Uu, Uu, Uu, Uu, Uu, Uu, Uu, Uu, Uu, Uu, Uu, Uu, Uu, Uu, Uu, Uu, Uu, Uu, Uu, Uu, Uu, Uu, Uu, Uu, Uu, Uu, Uu, Uu, Uu, Uu, Uu, Uu, Uu, Uu, Uu, Uu, Uu, Uu, Uu, Uu, Uu
Uu, Uu, Uu, Mm, Mm, Mm^Xm, Mm, Mm, Mm, Mm, Mm, Mm, Mm, Mm, Gg, Mm, Hh^Fp, Mm, Mm, Mm, Mm, Mm, Gg, Re, Gg, Mm, Mm, Mm, Mm, Wo, Wo, Wo, Wo, Wo, Wo, Ww, Wo, Wo, Ss, Wo, Rb, Rb, Ss, Rb^Gvs, Rb^Gvs, Gg, Rb, Rb, Ss, Gg^Vc, Ss, Gg^Em, Ss, Ss, Ww, Ss, Gg^Vc, Gg, Ww, Ww, Hh, Uu, Uu, Uu, Uu, Uu, Uu, Uu, Uu, Uu, Uu, Uu, Uu, Uu, Uu, Uu, Uu, Uu, Uu, Uu, Uu, Uu, Uu, Uu, Uu, Uu, Uu, Uu, Uu, Uu, Uu, Uu, Uu, Uu, Uu, Uu, Uu, Uu, Uu, Uu, Uu, Uu, Uu, Uu, Uu, Uu, Uu, Uu, Uu, Uu, Uu, Uu, Uu, Uu, Uu, Uu, Uu, Uu, Uu, Uu, Uu, Uu, Uu, Uu, Uu, Uu, Uu, Uu, Uu, Uu, Uu, Uu, Uu, Uu, Uu, Uu, Uu, Uu, Uu, Uu, Uu, Uu, Uu, Uu
Uu, Uu, Uu, Mm, Mm, Mm, Hh, Mm, Hh, Hh, Hh, Mm, Mm, Mm, Mm, Hh, Mm^Xm, Wo, Mm^Xm, Mm, Mm, Mm, Hh^Vhh, Rb, Gg, Gg, Mm, Mm, Mm, Ww, Wo, Wo, Ww, Ww, Ww, Ww, Ww, Ww, Rb, Rb, Ss, Rb, Rb, Gg^Vh, Rb, Re, Gg, Gg, Ss, Ss, Ss, Ss, Gg, Ww, Ss, Wo, Ww, Wo, Wo, Ww, Ww, Uu, Uu, Uu, Uu, Uu, Uu, Uu, Uu, Uu, Uu, Uu, Uu, Uu, Uu, Uu, Uu, Uu, Uu, Uu, Uu, Uu, Uu, Uu, Uu, Uu, Uu, Uu, Uu, Uu, Uu, Uu, Uu, Uu, Uu, Uu, Uu, Uu, Uu, Uu, Uu, Uu, Uu, Uu, Uu, Uu, Uu, Uu, Uu, Uu, Uu, Uu, Uu, Uu, Uu, Uu, Uu, Uu, Uu, Uu, Uu, Uu, Uu, Uu, Uu, Uu, Uu, Uu, Uu, Uu, Uu, Uu, Uu, Uu, Uu, Uu, Uu, Uu, Uu, Uu, Uu, Uu, Uu, Uu
Uu, Uu, Uu, Hh, Mm, Hh, Hh, Mm, Mm, Mm, Hh, Hh, Hh, Hh, Mm, Mm, Mm^Xm, Mm^Xm, Hh, Mm, Mm, Mm, Rb, Re, Mm, Mm, Mm, Mm, Mm, Ww, Wo, Wo, Ww, Ww, Gg, Gg, Gg^Vh, Rb, Gg, Gg, Gg, Gs, Rb, Rb, Gg, Gg, Gg^Gvs, Ss, Gg, Ww, Wo, Ss, Ss, Ss, Gg, Ss, Ww, Wo, Ss, Ww, Ss, Uu, Uu, Uu, Uu, Uu, Uu, Uu, Uu, Uu, Uu, Uu, Uu, Uu, Uu, Uu, Uu, Uu, Uu, Uu, Uu, Uu, Uu, Uu, Uu, Uu, Uu, Uu, Uu, Uu, Uu, Uu, Uu, Uu, Uu, Uu, Uu, Uu, Uu, Uu, Uu, Uu, Uu, Uu, Uu, Uu, Uu, Uu, Uu, Uu, Uu, Uu, Uu, Uu, Uu, Uu, Uu, Uu, Uu, Uu, Uu, Uu, Uu, Uu, Uu, Uu, Uu, Uu, Uu, Uu, Uu, Uu, Uu, Uu, Uu, Uu, Uu, Uu, Uu, Uu, Uu, Uu, Uu, Uu
Uu, Uu, Uu, Hh, Mm, Mm, Mm, Mm, Mm, Gg, Hh, Mm, Mm, Gg, Mm, Mm^Xm, Mm, Mm, Hh, Mm, Gg, Rb, Mm, Mm, Mm, Mm, Mm, Mm, Ww, Wo, Ww, Ww, Ww, Gg^Efm, Gg, Gg, Rb^Gvs, Rb^Gvs, Gg, Gg, Re, Rb, Gg, Gg, Ss, Gg^Gvs, Gg^Gvs, Ss, Ss, Gg, Ss, Wo, Ss, Ss, Ww, Wo, Gg, Ss, Ww^Ewf, Ww, Gg, Uu, Uu, Uu, Uu, Uu, Uu, Uu, Uu, Uu, Uu, Uu, Uu, Uu, Uu, Uu, Uu, Uu, Uu, Uu, Uu, Uu, Uu, Uu, Uu, Uu, Uu, Uu, Uu, Uu, Uu, Uu, Uu, Uu, Uu, Uu, Uu, Uu, Uu, Uu, Uu, Uu, Uu, Uu, Uu, Uu, Uu, Uu, Uu, Uu, Uu, Uu, Uu, Uu, Uu, Uu, Uu, Uu, Uu, Uu, Uu, Uu, Uu, Uu, Uu, Uu, Uu, Uu, Uu, Uu, Uu, Uu, Uu, Uu, Uu, Uu, Uu, Uu, Uu, Uu, Uu, Uu, Uu, Uu
Uu, Uu, Uu, Hh, Hh^Fp, Mm, Hh^Fp, Hh^Fp, Gg^Efm, Mm, Mm, Mm, Mm^Xm, Hh, Mm, Mm, Mm, Hh, Mm, Mm, Hh, Re, Mm, Mm, Mm, Mm, Hh, Ww, Wo, Wo, Wo, Wo, Ww, Gg, Gg, Gg, Gg, Rb^Gvs, Re, Rp, Gg, Gg, Gg, Gg, Ss, Gg, Ss, Ss, Wo, Ss, Ww, Gg, Gg^Efm, Ss, Gg, Wo, Wo, Gg, Ss, Ww, Gg^Efm, Uu, Uu, Uu, Uu, Uu, Uu, Uu, Uu, Uu, Uu, Uu, Uu, Uu, Uu, Uu, Uu, Uu, Uu, Uu, Uu, Uu, Uu, Uu, Uu, Uu, Uu, Uu, Uu, Uu, Uu, Uu, Uu, Uu, Uu, Uu, Uu, Uu, Uu, Uu, Uu, Uu, Uu, Uu, Uu, Uu, Uu, Uu, Uu, Uu, Uu, Uu, Uu, Uu, Uu, Uu, Uu, Uu, Uu, Uu, Uu, Uu, Uu, Uu, Uu, Uu, Uu, Uu, Uu, Uu, Uu, Uu, Uu, Uu, Uu, Uu, Uu, Uu, Uu, Uu, Uu, Uu, Uu, Uu
Uu, Uu, Uu, Mm, Gg, Hh^Fp, Hh^Fp, Mm, Mm, Hh, Mm, Mm^Xm, Mm, Mm, Hh, Gg, Mm, Hh, Mm, Hh, Mm, Re, Rb, Mm, Hh, Gg, Ww, Ww, Ww, Ww, Ww, Ww, Ss, Gg, Gg, Gg, Rp, Rp, Gg, Gs, Gg, Gg, Gg, Gg, Ss, Gg, Ss^Vhs, Ss, Ww, Ss, Ss, Mm, Ss, Gg, Wo, Ww, Ww, Gg^Vc, Ss, Gg^Em, Wo, Uu, Uu, Uu, Uu, Uu, Uu, Uu, Uu, Uu, Uu, Uu, Uu, Uu, Uu, Uu, Uu, Uu, Uu, Uu, Uu, Uu, Uu, Uu, Uu, Uu, Uu, Uu, Uu, Uu, Uu, Uu, Uu, Uu, Uu, Uu, Uu, Uu, Uu, Uu, Uu, Uu, Uu, Uu, Uu, Uu, Uu, Uu, Uu, Uu, Uu, Uu, Uu, Uu, Uu, Uu, Uu, Uu, Uu, Uu, Uu, Uu, Uu, Uu, Uu, Uu, Uu, Uu, Uu, Uu, Uu, Uu, Uu, Uu, Uu, Uu, Uu, Uu, Uu, Uu, Uu, Uu, Uu, Uu
Uu, Uu, Uu, Gg, Hh, Hh, Hh, Gg, Mm, Mm, Mm, Mm, Hh, Hh^Fp, Hh, Mm, Mm, Hh, Hh, Gg^Es, Mm, Gg, Gg, Rb, Rb, Wo, Ww, Wo, Wo, Ww, Ww, Gg, Gg, Gg, Rrc, Rp, Gg, Re, Re, Gg, Rb, Rb^Gvs, Rb^Gvs, Gg, Gg, Gg, Ww, Ww, Gg, Ww, Ww, Ss, Ww, Wo, Mm, Hh, Ss, Ww, Wo, Ww, Gg, Uu, Uu, Uu, Uu, Uu, Uu, Uu, Uu, Uu, Uu, Uu, Uu, Uu, Uu, Uu, Uu, Uu, Uu, Uu, Uu, Uu, Uu, Uu, Uu, Uu, Uu, Uu, Uu, Uu, Uu, Uu, Uu, Uu, Uu, Uu, Uu, Uu, Uu, Uu, Uu, Uu, Uu, Uu, Uu, Uu, Uu, Uu, Uu, Uu, Uu, Uu, Uu, Uu, Uu, Uu, Uu, Uu, Uu, Uu, Uu, Uu, Uu, Uu, Uu, Uu, Uu, Uu, Uu, Uu, Uu, Uu, Uu, Uu, Uu, Uu, Uu, Uu, Uu, Uu, Uu, Uu, Uu, Uu
Uu, Uu, Uu, Mm, Hh^Fp, Hh^Fp, Mm, Hh, Mm, Gg^Efm, Mm, Hh, Gg, Mm, Hh, Mm, Mm, Hh, Mm, Mm, Mm, Hh, Hh, Gg, Wo, Wo^Bw\, Rrc, Chr, Hh, Ww, Gg, Ww, Rrc, Rrc, Gg, Gg, Gg, Gs, Gs, Re, Re, Rb^Gvs, Rb^Gvs, Rb, Ss, Ww, Ss, Ss, Gg, Gg, Rb^Gvs, Wo, Gg, Mm, Hh, Ss, Hh, Wo, Ww, Ss, Ss, Uu, Uu, Uu, Uu, Uu, Uu, Uu, Uu, Uu, Uu, Uu, Uu, Uu, Uu, Uu, Uu, Uu, Uu, Uu, Uu, Uu, Uu, Uu, Uu, Uu, Uu, Uu, Uu, Uu, Uu, Uu, Uu, Uu, Uu, Uu, Uu, Uu, Uu, Uu, Uu, Uu, Uu, Uu, Uu, Uu, Uu, Uu, Uu, Uu, Uu, Uu, Uu, Uu, Uu, Uu, Uu, Uu, Uu, Uu, Uu, Uu, Uu, Uu, Uu, Uu, Uu, Uu, Uu, Uu, Uu, Uu, Uu, Uu, Uu, Uu, Uu, Uu, Uu, Uu, Uu, Uu, Uu, Uu
Uu, Uu, Uu, Hh, Mm, Mm, Hh, Hh^Fp, Mm, Mm, Mm, Hh, Hh, Mm, Hh, Hh, Mm, Mm, Mm, Mm, Gg, Hh, Ww, Wo, Gg, Ch, Gg, Rrc, Rrc, Rrc, Rrc, Rrc, Ch, Hh, Gg, Gg, Gg, Gs, Gg, Gg, Gg, Gg^Vh, Rb^Gvs, Rb, Ww, Ww, Ww, Ss, Gg, Rb^Gvs, Rb^Gvs, Rb^Gvs, Rb, Mm, Mm, Gg, Hh, Ww, Ww, Wo, Ww, Uu, Uu, Uu, Uu, Uu, Uu, Uu, Uu, Uu, Uu, Uu, Uu, Uu, Uu, Uu, Uu, Uu, Uu, Uu, Uu, Uu, Uu, Uu, Uu, Uu, Uu, Uu, Uu, Uu, Uu, Uu, Uu, Uu, Uu, Uu, Uu, Uu, Uu, Uu, Uu, Uu, Uu, Uu, Uu, Uu, Uu, Uu, Uu, Uu, Uu, Uu, Uu, Uu, Uu, Uu, Uu, Uu, Uu, Uu, Uu, Uu, Uu, Uu, Uu, Uu, Uu, Uu, Uu, Uu, Uu, Uu, Uu, Uu, Uu, Uu, Uu, Uu, Uu, Uu, Uu, Uu, Uu, Uu
Uu, Uu, Uu, Hh^Fp, Hh^Fp, Mm, Mm, Mm, Mm, Mm, Gg^Emf, Mm, Hh, Mm, Hh^Fp, Gg, Hh, Mm, Wo, Wo, Ww, Ww, Gg, Gg, Gg, Gg, Rrc, Rrc, Rrc, Rrc, Rrc, Rrc, Rrc, Gg, Hh, Hh, Gs, Gg, Gg, Gg, Gg, Gg, Rb^Gvs, Ww, Ww, Wo, Ww, Ww, Gg, Hh, Hh, Gg^Vc, Mm, Re, Re, Mm, Rb, Ss^Vhs, Ww, Ss, Ss, Uu, Uu, Uu, Uu, Uu, Uu, Uu, Uu, Uu, Uu, Uu, Uu, Uu, Uu, Uu, Uu, Uu, Uu, Uu, Uu, Uu, Uu, Uu, Uu, Uu, Uu, Uu, Uu, Uu, Uu, Uu, Uu, Uu, Uu, Uu, Uu, Uu, Uu, Uu, Uu, Uu, Uu, Uu, Uu, Uu, Uu, Uu, Uu, Uu, Uu, Uu, Uu, Uu, Uu, Uu, Uu, Uu, Uu, Uu, Uu, Uu, Uu, Uu, Uu, Uu, Uu, Uu, Uu, Uu, Uu, Uu, Uu, Uu, Uu, Uu, Uu, Uu, Uu, Uu, Uu, Uu, Uu, Uu
Uu, Uu, Uu, Hh, Mm, Hh, Mm, Gg, Mm, Hh, Mm, Mm, Ss, Hh, Ww, Ww, Ww, Ww, Ww, Ww, Ww, Ww, Gg, Gg, Rrc, Rrc, Rrc, Rrc, Ch, Ch, Ch, Rrc, Rrc, Rrc, Rrc, Ch, Gg, Gs, Gs, Gg, Gs, Gg, Rb, Ww, Ss, Wo, Gg, Ww, Rb^Gvs, Gg, Hh, Mm, Hh, Gg, Mm, Rb, Mm, Hh, Hh, Gg, Ss, Uu, Uu, Uu, Uu, Uu, Uu, Uu, Uu, Uu, Uu, Uu, Uu, Uu, Uu, Uu, Uu, Uu, Uu, Uu, Uu, Uu, Uu, Uu, Uu, Uu, Uu, Uu, Uu, Uu, Uu, Uu, Uu, Uu, Uu, Uu, Uu, Uu, Uu, Uu, Uu, Uu, Uu, Uu, Uu, Uu, Uu, Uu, Uu, Uu, Uu, Uu, Uu, Uu, Uu, Uu, Uu, Uu, Uu, Uu, Uu, Uu, Uu, Uu, Uu, Uu, Uu, Uu, Uu, Uu, Uu, Uu, Uu, Uu, Uu, Uu, Uu, Uu, Uu, Uu, Uu, Uu, Uu, Uu
Uu, Uu, Uu, Hh^Fp, Ww, Gg, Gg, Mm, Wo, Mm, Hh, Wo, Ww, Ww, Ww, Ww, Mm, Ww, Mm, Gg, Gg, Ss, Rrc, Rrc, Rrc, Rrc, Hh, Hh, Ch, Kh, Hh, Gg, Gs, Rrc, Rrc, Rrc, Rrc, Ch, Gg, Gs, Gg, Gg, Ss, Gg, Gg, Wwf, Gg, Rb^Gvs, Rb^Gvs, Gg^Vc, Mm, Gg^Efm, Hh, Hh, Mm, Gg, Mm, Hh, Hh, Gg^Em, Ss, Uu, Uu, Uu, Uu, Uu, Uu, Uu, Uu, Uu, Uu, Uu, Uu, Uu, Uu, Uu, Uu, Uu, Uu, Uu, Uu, Uu, Uu, Uu, Uu, Uu, Uu, Uu, Uu, Uu, Uu, Uu, Uu, Uu, Uu, Uu, Uu, Uu, Uu, Uu, Uu, Uu, Uu, Uu, Uu, Uu, Uu, Uu, Uu, Uu, Uu, Uu, Uu, Uu, Uu, Uu, Uu, Uu, Uu, Uu, Uu, Uu, Uu, Uu, Uu, Uu, Uu, Uu, Uu, Uu, Uu, Uu, Uu, Uu, Uu, Uu, Uu, Uu, Uu, Uu, Uu, Uu, Uu, Uu
Uu, Uu, Uu, Ww, Ww, Ww, Ww, Hh, Wo, Ww, Ww, Ww, Ww, Ww, Gg, Mm, Gg, Hh, Mm, Hh, Ch, Rrc, Rrc, Rrc, Gg, Ch, Hh, Hh, Hh, Hh, Mm, Hh, Hh, Hh, Hh, Rrc, Rrc, Rrc, Rrc, Gg, Ch, Gg, Ww, Ww, Ww, Wwf, Gg, Rb^Gvs, Gg, Hh, Mm, Hh, Mm, Hh, Gg, Mm, Mm, Mm, Mm, Hh, Mm, Uu, Uu, Uu, Uu, Uu, Uu, Uu, Uu, Uu, Uu, Uu, Uu, Uu, Uu, Uu, Uu, Uu, Uu, Uu, Uu, Uu, Uu, Uu, Uu, Uu, Uu, Uu, Uu, Uu, Uu, Uu, Uu, Uu, Uu, Uu, Uu, Uu, Uu, Uu, Uu, Uu, Uu, Uu, Uu, Uu, Uu, Uu, Uu, Uu, Uu, Uu, Uu, Uu, Uu, Uu, Uu, Uu, Uu, Uu, Uu, Uu, Uu, Uu, Uu, Uu, Uu, Uu, Uu, Uu, Uu, Uu, Uu, Uu, Uu, Uu, Uu, Uu, Uu, Uu, Uu, Uu, Uu, Uu
Uu, Uu, Uu, Ww, Ww, Ww, Ww, Wo, Mm, Ww, Hh, Ww, Hh, Hh, Rrc, Hh, Rrc, Rrc, Rrc, Rrc, Rrc, Rrc, Rrc, Gs, Gg, Hh, Gg, Mm, Hh, Mm, Hh, Mm, Hh, Gs, Gg, Ch, Gs, Rrc, Rrc, Rrc, Rrc, Hh, Wo, Wo, Gg, Gg, Gg, Gg, Gg, Hh, Rb^Gvs, Hh, Hh, Mm, Mm, Hh, Mm, Mm, Mm, Mm, Mm, Uu, Uu, Uu, Uu, Uu, Uu, Uu, Uu, Uu, Uu, Uu, Uu, Uu, Uu, Uu, Uu, Uu, Uu, Uu, Uu, Uu, Uu, Uu, Uu, Uu, Uu, Uu, Uu, Uu, Uu, Uu, Uu, Uu, Uu, Uu, Uu, Uu, Uu, Uu, Uu, Uu, Uu, Uu, Uu, Uu, Uu, Uu, Uu, Uu, Uu, Uu, Uu, Uu, Uu, Uu, Uu, Uu, Uu, Uu, Uu, Uu, Uu, Uu, Uu, Uu, Uu, Uu, Uu, Uu, Uu, Uu, Uu, Uu, Uu, Uu, Uu, Uu, Uu, Uu, Uu, Uu, Uu, Uu
Uu, Uu, Uu, Ww, Mm, Ww, Gg, Hh, Rrc, Mm, Rrc, Rrc, Rrc, Rrc, Rrc, Rrc, Rrc, Rrc, Rrc, Rrc, Rrc, Rrc, Hh, Ch, Hh, Gg, Hh, Hh, Mm, Mm, Hh, Mm, Mm, Gg, Hh, Hh, Gs, Gs, Ch, Rrc, Rrc, Ch, Wo, Wo, Mm, Mm, Gg, Gs, Gg, Rb^Gvs, Rb^Gvs, Gg, Gg, Gg, Mm, Hh, Mm, Mm, Gg, Mm, Mm, Uu, Uu, Uu, Uu, Uu, Uu, Uu, Uu, Uu, Uu, Uu, Uu, Uu, Uu, Uu, Uu, Uu, Uu, Uu, Uu, Uu, Uu, Uu, Uu, Uu, Uu, Uu, Uu, Uu, Uu, Uu, Uu, Uu, Uu, Uu, Uu, Uu, Uu, Uu, Uu, Uu, Uu, Uu, Uu, Uu, Uu, Uu, Uu, Uu, Uu, Uu, Uu, Uu, Uu, Uu, Uu, Uu, Uu, Uu, Uu, Uu, Uu, Uu, Uu, Uu, Uu, Uu, Uu, Uu, Uu, Uu, Uu, Uu, Uu, Uu, Uu, Uu, Uu, Uu, Uu, Uu, Uu, Uu
Uu, Uu, Uu, Gg, Hh, Hh, Rrc, Rrc, Rrc, Rrc, Rrc, Rrc, Rrc, Rrc, Rb^Gvs, Rrc, Rb^Gvs, Rb^Gvs, Rb^Gvs, Rb^Gvs, Ch, Re, Re, Mm, Rb^Gvs, Rb^Gvs, Gg, Gg, Hh, Hh, Rb^Gvs, Hh, Gg^Vl, Mm, Gg, Gg, Gg, Gs, Gg, Rrc, Rrc, Rrc, Wo, Gg^Fet, Rb^Gvs, Gg, Gg, Gg, Gg^Vh, Rb^Gvs, Rb^Gvs, Gg, Hh, Hh, Hh, Hh, Mm, Mm, Mm, Mm, Mm, Uu, Uu, Uu, Uu, Uu, Uu, Uu, Uu, Uu, Uu, Uu, Uu, Uu, Uu, Uu, Uu, Uu, Uu, Uu, Uu, Uu, Uu, Uu, Uu, Uu, Uu, Uu, Uu, Uu, Uu, Uu, Uu, Uu, Uu, Uu, Uu, Uu, Uu, Uu, Uu, Uu, Uu, Uu, Uu, Uu, Uu, Uu, Uu, Uu, Uu, Uu, Uu, Uu, Uu, Uu, Uu, Uu, Uu, Uu, Uu, Uu, Uu, Uu, Uu, Uu, Uu, Uu, Uu, Uu, Uu, Uu, Uu, Uu, Uu, Uu, Uu, Uu, Uu, Uu, Uu, Uu, Uu, Uu
Uu, Uu, Uu, Rrc, Rrc, Rrc, Rrc, Rrc, Hh, Rrc, Rb^Gvs, Rb^Gvs, Rb^Gvs, Rb^Gvs, Rb^Gvs, Rb^Gvs, Rb^Gvs, Rb^Gvs, Rb^Gvs, Rb^Gvs, Rb^Gvs, Rb^Gvs, Re, Rb^Gvs, Rb^Gvs, Rb^Gvs, Rb^Gvs, Rb^Gvs, Rb^Gvs, Rb^Gvs, Rb^Gvs, Rb^Gvs, Rb^Gvs, Rb^Gvs, Rb^Gvs, Rb^Gvs, Rb^Gvs, Rb^Gvs, Rb^Gvs, Rrc, Rrc, Rrc, Qxu^Bsb\, Rb^Gvs, Rb^Gvs, Rb^Gvs, Rb^Gvs, Rb^Gvs, Rb^Gvs, Rb^Gvs, Rb^Gvs, Rb^Gvs, Rb^Gvs, Rb^Gvs, Gg, Mm, Mm, Mm, Mm, Mm, Mm, Uu, Uu, Uu, Uu, Uu, Uu, Uu, Uu, Uu, Uu, Uu, Uu, Uu, Uu, Uu, Uu, Uu, Uu, Uu, Uu, Uu, Uu, Uu, Uu, Uu, Uu, Uu, Uu, Uu, Uu, Uu, Uu, Uu, Uu, Uu, Uu, Uu, Uu, Uu, Uu, Uu, Uu, Uu, Uu, Uu, Uu, Uu, Uu, Uu, Uu, Uu, Uu, Uu, Uu, Uu, Uu, Uu, Uu, Uu, Uu, Uu, Uu, Uu, Uu, Uu, Uu, Uu, Uu, Uu, Uu, Uu, Uu, Uu, Uu, Uu, Uu, Uu, Uu, Uu, Uu, Uu, Uu, Uu
Uu, Uu, Uu, Rrc, Rrc, Rrc, Mm, Rb^Gvs, Rb^Gvs, Rb^Gvs, Rb^Gvs, Rb^Gvs, Gg^Vl, Rb^Gvs, Hh, Rb^Gvs, Rb^Gvs, Rb^Gvs, Rb^Gvs, Rb^Gvs, Rb^Gvs, Rb^Gvs, Rb^Gvs, Re, Gg^Vl, Gg^Vh, Rb^Gvs, Rb^Gvs, Rb^Gvs, Rb^Gvs, Rb^Gvs, Rb^Gvs, Rb^Gvs, Rb^Gvs, Rb^Gvs, Rb^Gvs, Rb^Gvs, Rb^Gvs, Rb^Gvs, Rb^Gvs, Rb^Gvs, Rrc, Qxu^Bsb\, Rrc, Rrc, Rb^Gvs, Rb^Gvs, Rb^Gvs, Rb^Gvs, Rb^Gvs, Rb^Gvs, Rb^Gvs, Rb^Gvs, Hh, Hh, Mm, Mm, Mm, Mm, Mm, Hh, Uu, Uu, Uu, Uu, Uu, Uu, Uu, Uu, Uu, Uu, Uu, Uu, Uu, Uu, Uu, Uu, Uu, Uu, Uu, Uu, Uu, Uu, Uu, Uu, Uu, Uu, Uu, Uu, Uu, Uu, Uu, Uu, Uu, Uu, Uu, Uu, Uu, Uu, Uu, Uu, Uu, Uu, Uu, Uu, Uu, Uu, Uu, Uu, Uu, Uu, Uu, Uu, Uu, Uu, Uu, Uu, Uu, Uu, Uu, Uu, Uu, Uu, Uu, Uu, Uu, Uu, Uu, Uu, Uu, Uu, Uu, Uu, Uu, Uu, Uu, Uu, Uu, Uu, Uu, Uu, Uu, Uu, Uu
Uu, Uu, Uu, Mm, Gg, Gg, Mm, Mm, Mm, Rb^Gvs, Rb^Gvs, Rb^Gvs, Rb^Gvs, Rb^Gvs, Rb^Gvs, Rb^Gvs, Rb^Gvs, Rb^Gvs, Rb^Gvs, Gg^Vh, Rb^Gvs, Rb^Gvs, Rb^Gvs, Re, Re, Rb^Gvs, Gg^Vh, Rb^Gvs, Rb^Gvs, Rb^Gvs, Rb^Gvs, Rb^Gvs, Rb^Gvs, Rb^Gvs, Rb^Gvs, Rb^Gvs, Rb^Gvs, Rb^Gvs, Rb^Gvs, Rb^Gvs, Wo, Wo, Ww, Rrc, Rrc, Rrc, Rrc, Gg^Vl, Rb^Gvs, Rb^Gvs, Rb^Gvs, Rb^Gvs, Rb^Gvs, Rb^Gvs, Hh, Mm, Mm, Mm, Mm, Mm, Hh, Uu, Uu, Uu, Uu, Uu, Uu, Uu, Uu, Uu, Uu, Uu, Uu, Uu, Uu, Uu, Uu, Uu, Uu, Uu, Uu, Uu, Uu, Uu, Uu, Uu, Uu, Uu, Uu, Uu, Uu, Uu, Uu, Uu, Uu, Uu, Uu, Uu, Uu, Uu, Uu, Uu, Uu, Uu, Uu, Uu, Uu, Uu, Uu, Uu, Uu, Uu, Uu, Uu, Uu, Uu, Uu, Uu, Uu, Uu, Uu, Uu, Uu, Uu, Uu, Uu, Uu, Uu, Uu, Uu, Uu, Uu, Uu, Uu, Uu, Uu, Uu, Uu, Uu, Uu, Uu, Uu, Uu, Uu
Uu, Uu, Uu, Gg, Uu, Gg, Uu, Gg, Uu, Rb^Gvs, Uu, Rb^Gvs, Uu, Rb^Gvs, Uu, Rb^Gvs, Uu, Rb^Gvs, Uu, Rb^Gvs, Uu, Rb^Gvs, Uu, Rb^Gvs, Uu, Re, Uu, Gg, Uu, Rb^Gvs, Uu, Rb^Gvs, Uu, Rb^Gvs, Uu, Rb^Gvs, Uu, Rb^Gvs, Uu, Rb^Gvs, Uu, Ww, Uu, Gg, Uu, Rrc, Uu, Rrc, Uu, Mm, Uu, Hh, Uu, Rb^Gvs, Uu, Gg, Uu, Mm, Uu, Gg, Uu, Uu, Uu, Uu, Uu, Uu, Uu, Uu, Uu, Uu, Uu, Uu, Uu, Uu, Uu, Uu, Uu, Uu, Uu, Uu, Uu, Uu, Uu, Uu, Uu, Uu, Uu, Uu, Uu, Uu, Uu, Uu, Uu, Uu, Uu, Uu, Uu, Uu, Uu, Uu, Uu, Uu, Uu, Uu, Uu, Uu, Uu, Uu, Uu, Uu, Uu, Uu, Uu, Uu, Uu, Uu, Uu, Uu, Uu, Uu, Uu, Uu, Uu, Uu, Uu, Uu, Uu, Uu, Uu, Uu, Uu, Uu, Uu, Uu, Uu, Uu, Uu, Uu, Uu, Uu, Uu, Uu, Uu, Uu
Uu, Uu, Uu, Uu, Uu, Uu, Uu, Uu, Uu, Uu, Uu, Uu, Uu, Uu, Uu, Uu, Uu, Uu, Uu, Uu, Uu, Uu, Uu, Uu, Uu, Uu, Uu, Uu, Uu, Uu, Uu, Uu, Uu, Uu, Uu, Uu, Uu, Uu, Uu, Uu, Uu, Uu, Uu, Uu, Uu, Uu, Uu, Uu, Uu, Uu, Uu, Uu, Uu, Uu, Uu, Uu, Uu, Uu, Uu, Uu, Uu, Uu, Uu, Uu, Uu, Uu, Uu, Uu, Uu, Uu, Uu, Uu, Uu, Uu, Uu, Uu, Uu, Uu, Uu, Uu, Uu, Uu, Uu, Uu, Uu, Uu, Uu, Uu, Uu, Uu, Uu, Uu, Uu, Uu, Uu, Uu, Uu, Uu, Uu, Uu, Uu, Uu, Uu, Uu, Uu, Uu, Uu, Uu, Uu, Uu, Uu, Uu, Uu, Uu, Uu, Uu, Uu, Uu, Uu, Uu, Uu, Uu, Uu, Uu, Uu, Uu, Uu, Uu, Uu, Uu, Uu, Uu, Uu, Uu, Uu, Uu, Uu, Uu, Uu, Uu, Uu, Uu, Uu, Uu
