border_size=1
usage=map

Uu, Uu, Uu, Uu, Uu, Uu, Uu, Uu, Uu, Uu, Uu, Uu, Uu, Uu, Uu, Uu, Uu, Uu, Uu, Uu, Uu, Uu, Uu, Uu, Uu, Uu, Uu, Uu, Uu, Uu, Uu, Uu, Uu, Uu, Uu, Uu, Uu, Uu, Uu, Uu, Uu, Uu, Uu, Uu, Uu, Uu, Uu, Uu, Uu, Uu, Uu, Uu, Uu, Uu, Uu, Uu, Uu, Uu, Uu, Uu, Uu, Uu, Uu, Uu, Uu, Uu, Uu, Uu
Uu, Uu, Uu, Uu, Uu, Uu, Uu, Uu, Uu, Uu, Uu, Uu, Uu, Uu, Uu, Uu, Uu, Uu, Uu, Uu, Uu, Uu, Uu, Uu, Uu, Uu, Uu, Uu, Uu, Uu, Uu, Uu, Uu, Uu, Uu, Uu, Uu, Uu, Uu, Uu, Uu, Uu, Uu, Uu, Uu, Uu, Uu, Uu, Uu, Uu, Uu, Uu, Uu, Uu, Uu, Uu, Uu, Uu, Uu, Uu, Uu, Uu, Uu, Uu, Uu, Uu, Uu, Uu
Uu, Uu, Uu, Uu, Uu, Uu, Uu, Uu, Uu, Uu, Uu, Uu, Uu, Uu, Uu, Uu, Uu, Uu, Uu, Uu, Uu, Uu, Uu, Uu, Uu, Uu, Uu, Uu, Uu, Uu, Uu, Uu, Uu, Uu, Uu, Uu, Uu, Uu, Uu, Uu, Uu, Uu, Uu, Uu, Uu, Uu, Uu, Uu, Uu, Uu, Uu, Uu, Uu, Uu, Uu, Uu, Uu, Uu, Uu, Uu, Uu, Uu, Uu, Uu, Uu, Uu, Uu, Uu
Uu, Uu, Uu, Uu, Wo, Uu, Re, Uu, Hhd, Uu, Wo, Uu, Gd, Uu, Rb, Uu, Gd, Uu, Gg, Uu, Rb, Uu, Md, Uu, Md, Uu, Md, Uu, Md, Uu, Md, Uu, Rd, Uu, Gd, Uu, Gd, Uu, Gd, Uu, Gd, Uu, Gd, Uu, Gd, Uu, Gd, Uu, Gd, Uu, Gd, Uu, Gd, Uu, Uu, Uu, Uu, Uu, Uu, Uu, Uu, Uu, Uu, Uu, Uu, Uu, Uu, Uu
Uu, Uu, Uu, Wo, Wo, Gs, Re, Gs, Gs, Gd, Gd, Hhd, Gd, Gd, Gd^Es, Gd, Hhd, Hhd, Mm, Hhd, Gd, Hhd, Md, Md, Hhd, Rd, Hhd, Hhd, Md, Md, Hhd, Hhd, Md, Rd, Rd, Hhd, Gd, Gd, Gd, Gd, Gd, Hhd^Vhhr, Gd, Gd, Gd, Gd, Gd, Hhd, Gd, Gd, Gd, Hhd, Gd, Hhd, Uu, Uu, Uu, Uu, Uu, Uu, Uu, Uu, Uu, Uu, Uu, Uu, Uu, Uu
Uu, Uu, Uu, Wo, Ww, Wo, Re, Hh, Gd, Gd, Gs, Hhd, Gd, Hhd, Gd, Gd, Hh, Hhd, Hhd, Hhd, Gd, Hhd, Gd, Md, Rd, Rd, Gd^Vhr, Hhd, Md, Md, Md, Hhd, Gd, Gd, Gd, Rd, Rd, Gd, Gd^Dr, Gd, Gd, Gd, Hhd, Gd, Gd, Gd, Gd, Hhd, Hhd, Gd^Es, Gd, Gd, Hhd, Gd, Uu, Uu, Uu, Uu, Uu, Uu, Uu, Uu, Uu, Uu, Uu, Uu, Uu, Uu
Uu, Uu, Uu, Ww, Gs, Gs^Vc, Re, Gs, Gd, Gd, Gd, Gd, Hhd, Gd, Gd, Gs, Hh, Md, Gd, Gd, Gd, Hhd, Rd, Rd, Gd, Hhd, Gd, Gd, Md, Md, Md, Hhd, Gd, Gd, Hhd, Gd, Gd, Rd, Rd, Gd, Gd, Gd, Gd, Gd, Gd, Hhd, Gd, Gd, Gd, Gd, Md, Gd, Hhd, Gd, Uu, Uu, Uu, Uu, Uu, Uu, Uu, Uu, Uu, Uu, Uu, Uu, Uu, Uu
Uu, Uu, Uu, Ww, Gg, Gs, Gs, Re, Rd, Gd, Gs, Gd, Gd, Gd, Hhd, Hhd, Hhd, Hhd, Hhd, Gd, Rd, Rd, Gd, Gd, Gd, Hhd, Hhd, Hhd, Gs, Md, Md, Hhd, Hhd, Gd, Gd, Gd^Es, Gd, Hhd, Rd, Gd, Hhd, Gd, Gd^Vhr, Rd^Edpp, Rd, Gd^Edb, Gd, Hhd, Gd, Hhd^Vhhr, Hhd, Gd, Gd, Md, Uu, Uu, Uu, Uu, Uu, Uu, Uu, Uu, Uu, Uu, Uu, Uu, Uu, Uu
Uu, Uu, Uu, Ww, Wo, Gg, Gg, Gs, Gs, Re, Re, Gd, Gd, Gd, Gd, Gd, Hhd, Gd, Rd, Rd, Gd, Gd, Gd, Gd, Gd, Gd^Es, Gd, Gd, Hhd, Md, Md, Hhd, Md, Hhd, Hhd, Gd, Gd, Hhd, Rd, Gd, Gd, Gd, Hhd, Rd, Rd, Hhd, Gd^Es, Gd, Gd, Gd, Gd, Md, Hhd, Gd, Uu, Uu, Uu, Uu, Uu, Uu, Uu, Uu, Uu, Uu, Uu, Uu, Uu, Uu
Uu, Uu, Uu, Wo, Wo, Wo, Ww, Ww, Gg, Gs, Gs, Rd, Rd, Hhd, Hhd, Gd, Rd, Rd, Gd, Gd, Gd, Gd, Gd, Hhd, Gd, Gd, Hhd, Gd, Md, Hhd, Md, Hhd, Md, Hhd, Hhd, Hhd, Gd, Gd, Rd, Gd, Gd, Gd, Hhd, Hhd, Gd, Gd, Gd, Gd, Hhd, Hhd, Gd, Gd, Rd, Rd, Uu, Uu, Uu, Uu, Uu, Uu, Uu, Uu, Uu, Uu, Uu, Uu, Uu, Uu
Uu, Uu, Uu, Wo, Wo, Ww, Gg^Vc, Wo, Ww, Gg, Gs, Gd, Gd, Rd, Rd, Rd, Gd^Vhr, Gd, Gd, Hhd, Gd, Gd, Gd, Hhd, Gd, Gd, Gd, Gd, Md, Hhd, Gg^Efm, Hhd, Md^Xm, Md, Md, Hhd, Gd, Gd, Rd, Gd, Gd, Gd, Gd, Gd, Hhd, Gd, Gd, Hhd, Md, Gd, Gd, Hhd, Rd, Hhd, Uu, Uu, Uu, Uu, Uu, Uu, Uu, Uu, Uu, Uu, Uu, Uu, Uu, Uu
Uu, Uu, Uu, Wo, Wo, Wo, Wo, Gg, Gs, Gs, Gs, Gs, Gs, Gd, Rd, Hhd, Hhd, Gd, Gd^Es, Gd, Hhd, Gs, Gd, Gd, Hhd, Gd, Gd, Hhd, Hhd, Md, Md, Md, Hhd, Md, Md, Hhd, Hhd, Gd, Gd, Rd, Gd, Hhd, Gd, Gd, Hhd, Gd, Hhd, Hhd, Hhd, Hhd, Rd, Rd, Gd, Gd, Uu, Uu, Uu, Uu, Uu, Uu, Uu, Uu, Uu, Uu, Uu, Uu, Uu, Uu
Uu, Uu, Uu, Wog, Wog, Wo, Wo, Wo, Gs, Gg, Gg, Gs, Gs, Gd, Rd, Gs, Hhd, Gd, Gd, Gd, Gd, Gd, Gd, Hhd, Gd, Gd, Gd, Hhd, Gd^Dr, Md, Md, Md, Mm, Md^Xm, Md^Xm, Md, Hhd, Hhd^Vhhr, Gd, Rd, Gd, Gd, Gd, Gd, Hhd, Gd, Gd, Gd, Hhd, Rd, Hhd, Gd, Mm, Mm, Uu, Uu, Uu, Uu, Uu, Uu, Uu, Uu, Uu, Uu, Uu, Uu, Uu, Uu
Uu, Uu, Uu, Wog, Wog, Wo, Wo, Wo, Ds, Ww, Wo, Ww, Gg, Gs, Re, Gd, Gs, Gd, Hhd, Gd, Hhd, Gd, Gd, Gd^Es, Gd, Hhd, Gd, Gd, Gd, Hhd, Md, Mm, Hh, Mm, Md^Xm, Md, Md, Hhd, Mm, Rd, Rd, Gd, Hhd, Hhd, Mm, Gd, Hhd, Hhd, Hhd, Rd, Rp, Hhd, Md^Xm, Mm, Mm, Uu, Mm, Uu, Hhd, Uu, Hh, Uu, Re, Uu, Re, Uu, Uu, Uu
Uu, Uu, Uu, Wog, Wog, Wog, Wo, Ww, Ww, Ww, Ww, Ww, Ww, Gs^Vc, Re, Gs, Gd, Gd, Gd, Gd, Gs, Hhd, Gd, Gd, Hhd, Gd, Gd, Gd, Md, Gs, Hh, Hh, Mm^Xm, Mm^Xm, Mm^Xm, Md, Md, Mm^Xm, Hhd, Hhd, Gd, Rd, Rd, Hhd, Md, Hhd, Hhd, Gd, Rd, Rd, Md, Gd^Dr, Md, Mm, Hhd, Md^Xm, Mm, Mm, Mm, Mm, Mm, Hh, Gg, Gg, Re, Uu, Uu, Uu
Uu, Uu, Uu, Wog, Wog, Wo, Wo, Wo, Wo, Ww, Gs, Gs, Ww, Gs, Rd, Gd, Gd, Gd, Gd, Gd, Gd, Hhd, Gd, Hhd, Md, Md, Gs, Gs, Mm^Xm, Hh, Mm, Mm, Mm, Mm^Xm, Mm^Xm, Mm, Mm, Mm^Xm, Mm^Xm, Hhd, Gd, Gd, Hhd, Rd, Gd, Md^Xm, Gd, Hhd, Rd, Hhd, Hhd, Md, Md, Mm, Md^Xm, Wog, Mm, Mm, Hh, Md, Hh, Gg^Emf, Hh^Vhh, Rb^Gvs, Re, Uu, Uu, Uu
Uu, Uu, Uu, Wog, Wog, Wo, Wo, Wo, Wo, Wo, Ww, Ww, Wo, Gs, Re, Gd, Gd, Gd, Gd, Hhd, Gd, Gd, Hhd, Gd, Md, Md, Hh, Md, Gg^Em, Hh^Vhh, Mm, Mm, Mm, Mm, Mm, Mm^Xm, Mm, Md, Mm^Xm, Mm, Mm, Hhd, Gd, Rd, Rd, Hhd, Rd, Rd, Gd, Hhd, Hhd, Hhd, Md, Md^Xm, Mm, Ms^Xm, Mm, Mm, Mm, Hh, Mm, Mm, Wo, Rb^Gvs, Re, Uu, Uu, Uu
Uu, Uu, Uu, Wo, Wo, Wog, Wo, Wo, Ww, Wo, Gg, Ww, Gg, Gs, Re, Gs, Rd, Gd^Es, Gd, Gd, Hhd, Gd, Gd, Md, Md, Md, Mm, Mm^Xm, Md, Gs, Mm, Mm, Ms^Xm, Mm^Xm, Mm^Xm, Mm, Mm^Xm, Mm, Qxu, Mm^Xm, Mm, Mm, Hhd, Gd, Gd, Rd, Gd, Hhd, Gd, Hhd, Hhd, Gd, Md^Xm, Md^Xm, Mm, Mm, Hh, Mm, Gg, Mm, Gs, Gg, Gs, Re, Rr, Uu, Uu, Uu
Uu, Uu, Uu, Wog, Wog, Wo, Wo, Wo, Ww, Gg, Gs, Gg, Gs, Gs, Re, Rd, Hhd^Vhhr, Hhd, Hhd, Gd, Md, Md, Mm, Hhd, Md, Md, Mm, Md, Hh, Hh, Mm, Mm, Mm, Mm, Mm, Qxu, Mm, Mm^Xm, Mm^Xm, Mm, Mm, Mm, Gd, Gd, Gd, Hhd, Gd, Gd, Gd, Gd, Hhd, Md, Mm^Xm, Mm, Mm, Mm, Mm, Mm, Mm, Gg, Gs, Gs, Rr, Rr, Re, Uu, Uu, Uu
Uu, Uu, Uu, Wog, Wo, Wo, Wo, Ww, Hh, Gg, Gg, Gs, Gs, Gs, Re, Rd, Mm, Md, Md, Hhd, Md, Gg, Mm, Mm^Xm, Mm, Mm^Xm, Mm, Hh, Gg, Md, Hh, Mm, Hh, Mm, Mm, Mm^Xm, Ms^Xm, Mm, Mm, Mm, Mm, Hhd, Gd^Dr, Gd, Hhd, Hhd, Gd^Es, Gd, Gd, Hhd, Gd, Gs, Mm, Mm^Xm, Md, Gg, Hh, Mm, Chr, Mm, Rr, Rr, Gs, Re, Re, Uu, Uu, Uu
Uu, Uu, Uu, Wo, Wo, Wo, Hh, Ww, Mm, Gg, Hh, Hh, Gs, Hh, Re, Hh, Mm, Hh, Hh, Mm, Mm^Xm, Mm, Hh, Mm^Xm, Mm, Mm, Hh, Hh, Mm, Hh, Mm, Hh, Mm, Mm, Qxu, Ms^Xm, Ms^Xm, Mm, Mm, Mm, Mm, Hhd^Vhhr, Gs, Gd, Gd, Hhd, Hhd, Hhd, Hhd, Gd, Md, Hhd, Md, Mm^Xm, Mm, Hh, Gg, Gg, Rr, Rp, Gg, Hh, Gg, Gg, Gg, Uu, Uu, Uu
Uu, Uu, Uu, Wo, Wo, Ww, Wo, Wo, Ww, Mm, Hh, Gs, Chr, Chr, Re, Mm, Gg, Gg, Hh, Mm, Mm, Mm, Mm, Mm, Mm, Mm, Mm, Mm, Mm, Mm, Mm, Mm, Mm, Mm^Xm, Mm^Xm, Mm, Mm, Mm, Mm, Mm, Mm, Hhd, Hhd, Hhd, Hhd, Gd, Gd, Hhd, Gs, Gd, Md^Xm, Md^Xm, Mm^Xm, Mm^Xm, Gg, Hh, Rp, Rp, Chr, Chr, Hh, Gg, Hh, Gg^Efm, Mm, Uu, Uu, Uu
Uu, Uu, Uu, Wo, Wo, Wo, Wo, Wo, Wo, Wo, Wo, Khr, Chr, Chr, Re, Chr, Gg, Gs, Gg, Gg, Hh, Hh, Hh, Mm, Mm^Xm, Mm, Mm, Mm, Hh, Mm, Ms^Xm, Mm, Mm, Ms^Xm, Ms^Xm, Mm^Xm, Mm, Mm, Mm, Mm, Hhd, Gd, Hhd, Gs, Hhd, Gd, Hhd, Hhd, Hhd, Md, Mm^Xm, Gg, Mm, Hh, Rp, Rp, Gg, Gg, Chr, Chr, Mm, Hh, Mm, Hh, Hh, Uu, Uu, Uu
Uu, Uu, Uu, Wo, Wo, Wo, Wo, Ww, Hh, Wo, Gg, Gs, Gg, Gg, Re, Re, Re, Gs, Gs, Gs, Hh, Gg, Mm, Gg^Efm, Mm, Mm^Xm, Hh, Hh, Mm, Mm, Wo, Mm, Mm^Xm, Mm^Xm, Mm^Xm, Mm^Xm, Mm, Mm, Mm, Hhd, Gd, Gd, Gd, Gd, Gs, Hhd, Md, Md, Wo, Mm^Xm, Hh, Hh, Rb, Gg, Rp, Hh, Gg^Vh, Hh, Wo, Hh, Mm, Mm, Ms^Xm, Mm, Mm, Uu, Uu, Uu
Uu, Uu, Uu, Wo, Wo, Ww, Gg, Hh, Gs, Gg, Hh, Gg, Gs, Gs, Re, Gs, Gs, Re, Re, Gs, Gs, Gg, Hh, Mm, Wog, Mm, Hh, Gs, Mm, Wo, Mm, Mm^Xm, Ms^Xm, Ms^Xm, Ms^Xm, Mm, Mm, Mm, Mm, Hhd^Vhhr, Hhd, Hhd, Gd^Es, Gd, Hhd, Md, Md^Xm, Mm^Xm, Hh, Rb^Em, Gg, Gg, Gg, Re, Rp, Rb^Gvs, Rb^Gvs, Wwg, Mm^Xm, Mm, Mm^Xm, Ms^Xm, Mm, Mm, Mm, Uu, Uu, Uu
Uu, Uu, Uu, Wo, Ww, Gg, Gs, Gg, Gs, Gg, Gs, Gs, Gs, Gs, Re, Hh, Gg, Gs, Gs, Re, Re, Gg, Gg, Hh^Vhh, Rb^Gvs, Rb^Gvs, Wo, Ww, Wo, Wo, Mm, Mm^Xm, Mm^Xm, Mm^Xm, Mm, Mm, Mm, Mm, Hhd, Hhd, Hhd, Gs, Gd, Gd, Md, Md, Mm^Xm, Hh, Hh^Vhh, Gg, Gs, Gg, Gs, Gs, Rp, Gg, Mm, Wo, Gg, Mm^Xm, Wo, Hh, Ww, Ww, Ww, Uu, Uu, Uu
Uu, Uu, Uu, Wo, Wo, Gs, Gs, Gs, Wo, Gg, Wo, Gs, Gs, Gg, Re, Gg, Gs, Gg, Gs, Gs, Gg, Rb, Rb, Gg, Hh, Wo, Hh, Mm^Xm, Mm, Hh, Mm, Mm, Mm, Mm, Mm, Mm, Mm, Hhd, Hhd, Hhd, Hhd, Hhd, Gd, Hhd, Md, Md, Mm^Xm, Md, Hh, Gs, Gs, Gs, Gs, Gs, Rp, Gs, Gg^Vc, Wo, Wo, Ww, Mm, Wo, Gg, Mm, Mm^Xm, Uu, Uu, Uu
Uu, Uu, Uu, Wo, Ww, Gs, Gg, Gg, Wo, Ww, Gg^Vc, Wo, Wo, Wo, Wo^Bw|r, Gs, Ds, Gs^Vc, Gg, Gs, Gg, Gg, Ww, Rb, Wwf, Ww, Gg, Mm, Hh, Mm, Mm^Xm, Mm, Hh, Hh, Hh, Hh, Gs, Gd, Gs, Gd, Gd, Hhd, Hhd, Hhd, Gs, Gs, Hh, Hh, Gg, Hh, Gs, Gs, Rd, Gs, Gg, Rp, Wo, Wo, Mm, Hh, Mm, Hh, Hh, Mm^Xm, Mm, Uu, Uu, Uu
Uu, Uu, Uu, Wo, Wo, Ww, Ww, Wo, Ww, Wo, Wo, Wo, Wo, Ww, Wo, Wo, Wo, Wo, Wo, Gg, Wo, Wwf, Gg, Ww, Gg, Rb, Re, Gs, Re, Mm, Mm^Xm, Mm, Hh, Mm, Hh, Hh, Hh, Gd, Gd, Gd^Es, Gs, Gs, Hh, Hh, Gs, Gs, Gg, Gs, Gs, Gs, Hh, Gs, Gs, Gg, Wo, Wo^Bw|r, Chr, Mm, Hh, Mm, Mm, Mm, Ms^Xm, Mm^Xm, Mm^Xm, Uu, Uu, Uu
Uu, Uu, Uu, Ww, Ww, Wo, Ww, Ww, Wo, Wo, Ww, Ww, Wo, Wo, Ww, Wo, Wo, Ww, Wo, Wo, Wo, Ww, Ww, Gg, Gg, Gg, Gs, Re, Gs^Vc, Re, Re, Md, Hh, Mm, Hh, Hh, Gs, Gd, Gs, Gs, Gs, Hh, Gg, Gg, Gs, Gs, Gs, Gs, Gs, Gs, Gs, Gs, Gs, Wo, Wo, Rp, Gg, Rb, Re, Re, Re, Hh, Re, Mm, Mm, Uu, Uu, Uu
Uu, Uu, Uu, Wo, Wo, Wo, Wo, Wo, Ww, Wo, Wo, Wo, Wo, Wo, Wo, Wo, Wo, Wo, Wo, Wo, Wo, Wo, Ww, Ww, Wo, Wwf, Gg, Gg, Gg, Gs, Hh, Re, Re, Gs, Hh, Gs, Hh, Hh, Gs, Hh, Gs, Gs, Gs, Gs, Gs, Gs, Gs, Gs, Gs, Hh, Gg, Gs, Hh, Wo, Hh^Vhh, Rp, Gg, Hh, Mm, Hh, Hh, Re, Mm, Re, Re, Uu, Uu, Uu
Uu, Uu, Uu, Wo, Wo, Ww, Ww, Ww, Wo, Wo, Wo, Wo, Wo, Wo, Wo, Wo, Wo, Wo, Wo, Wo, Wo, Wo, Ww, Ww, Ww, Gg, Wo, Gg, Gg, Gs, Gs, Hh, Gs, Re, Re, Md, Md, Hh, Re, Gs, Gs, Gs, Hh, Gs, Gs, Gg, Gs, Gs, Gs, Gs, Gg, Wo, Wog, Wog, Hh, Rp, Hh, Gg, Mm, Mm, Ms^Xm, Mm, Mm, Mm, Mm, Uu, Uu, Uu
Uu, Uu, Uu, Wo, Wo, Wo, Wo, Wo, Wo, Wo, Wo, Wo, Wo, Ww, Wo, Ww, Ww, Wo, Ww, Wo, Wo, Wo, Wo, Wo, Ww, Ww, Wwf, Gg, Gg, Gs, Gg, Gs, Gs, Gs, Gs, Re, Re, Re, Gs, Re, Re, Gs, Gg, Gs, Hh, Gs, Gs, Hh, Gs, Hh, Hh, Wo, Mm, Mm, Mm, Rp, Mm, Mm, Mm, Mm, Ms^Xm, Mm, Mm, Ms^Xm, Mm, Uu, Uu, Uu
Uu, Uu, Uu, Wo, Wo^Bw\r, Wo, Gg^Vc, Ww, Gg, Wo, Wo, Wo, Ww, Wo, Wo, Ss, Gg, Wo, Wo, Ww, Wo, Ww, Wo, Wo, Ww, Wwf, Ww, Wwf, Gg, Gg, Gg, Gs, Gg, Gs, Gs, Hh, Gs^Es, Gs, Hh, Gs, Gs, Rb, Rb, Hh, Gs, Gs^Es, Re, Re, Re, Re, Re, Ww, Hh, Mm, Gg, Rp, Mm, Mm, Mm, Ms^Xm, Wo, Wo, Ms^Xm, Mm, Mm, Uu, Uu, Uu
Uu, Uu, Uu, Wo, Wo, Gg, Gg, Gg, Wo, Wo, Wo, Wo, Wo, Ss, Gg, Wo, Gg, Wo, Ww, Ww, Wo, Wo, Wo, Ww, Ww, Ww, Wwf, Wwf, Gg, Gs, Gs, Gs, Gs, Gs, Gs, Gs, Gs, Hh, Gs, Gs, Gg, Gg, Gs, Re, Re, Re, Gs, Gs, Hh, Hh, Ww, Wwf, Re, Hh, Gs, Rp, Gs, Mm, Mm, Mm, Ms^Xm, Gg^Efm, Mm, Mm, Gg, Uu, Uu, Uu
Uu, Uu, Uu, Wo, Wo, Gg, Wo, Gg, Wwf, Ww, Ww, Wo, Gg, Ww, Gg, Wo, Ww, Wo, Wo, Wo, Wwf, Ww^Vm, Wwf, Ww, Ww, Ww, Wo, Gg, Gg, Gg, Gs, Gg, Gs, Gs, Gs, Hh, Gs, Gs, Ww, Ww, Ww, Gg, Hh, Gs, Hh, Gs, Gg, Gs, Mm, Ww, Ww, Wo, Hh, Re, Re, Rp, Hh, Mm, Mm, Mm, Ms^Xm, Mm, Mm, Mm, Mm, Uu, Uu, Uu
Uu, Uu, Uu, Wo, Wo, Wo, Wo, Wo, Ww, Wo, Gg, Gg, Ss, Gg, Ss, Ww, Gg, Gg, Ss, Ww, Gg, Wo, Wwf, Ww, Ww, Wo, Wo, Ww, Wo, Wo, Gs, Gg, Gs, Gs, Gs, Gs, Gs^Vc, Ww, Wo, Ww, Wo, Wo, Gs^Vc, Gs, Gs, Gg, Gs, Gg, Wo, Wo, Hh, Hh, Gs^Vc, Gs, Gs, Rp, Mm, Mm, Mm, Ms^Xm, Mm, Mm, Hh, Ms^Xm, Mm, Uu, Uu, Uu
Uu, Uu, Uu, Wo, Wo, Wo, Wo, Wo, Wo, Gg, Gg, Gg, Ss, Ss, Ww, Ss, Gg, Ww, Ss, Wo, Gg, Ww, Ww, Wo, Wwf, Ww, Wo, Wo, Wo, Wo, Gg, Gg, Gs, Hh, Gs, Hh, Ww, Wo, Wo, Wo, Wo, Wo, Wo, Gs, Gs, Gs, Ww, Gs, Wo, Ww, Ww, Wo, Ww, Hh, Mm, Rp, Rp, Hh, Hh, Mm, Mm, Mm, Hh, Hh, Hh, Uu, Uu, Uu
Uu, Uu, Uu, Wo, Wo, Wo, Wo, Ww, Ww, Ww, Ww, Ss, Wo, Gg, Gg, Ss, Gg, Ss, Gg, Ww, Hh, Hh, Ww, Ww, Ss^Vhs, Ww, Wo, Wo, Wo, Gs, Gs, Gg, Gg, Gs, Gs, Gs, Gs, Wo, Ww^Bw|, Ww, Gs, Wo, Ww, Wo, Wo, Ww, Ww, Ww, Wo, Ww, Wo, Wo, Ww, Ww, Gs, Gs, Gg, Rp, Rp, Hh, Rp, Hh, Mm, Mm, Hh, Uu, Uu, Uu
Uu, Uu, Uu, Wo, Ww, Wo, Wo, Wo, Wo, Wo, Wo, Wo, Wo, Ww, Ww, Gg, Ss^Vhs, Ss, Ww, Gg, Ss, Ss, Ww, Ss, Hh, Gg, Wo, Wo, Wo, Wo, Gs^Vc, Gs, Gs, Gg, Gs, Gs, Sm^Gvs, Gs^Vh, Gs, Gs, Gs, Ww, Ww, Gs, Wo, Ww, Ww, Ww, Ww, Ww, Wo, Wo, Ww, Gs, Gs, Gg, Gg, Gg, Hh, Rp, Gg, Rp, Rp, Rp, Rp, Uu, Uu, Uu
Uu, Uu, Uu, Wo, Ww, Wo, Wo, Wo, Ww, Wo, Ww, Ww, Wo, Wo, Wo, Ww, Ww, Gg, Ss, Ss, Wo, Ww, Gg, Ss, Hh, Mm^Xm, Mm^Xm, Wo, Hh, Wo, Ww, Gs, Ds, Gs, Gg, Gs, Rb^Gvs, Sm^Gvs, Gg, Gs, Gg, Ww, Gg, Ww, Ds, Ww, Wo, Gg, Gg, Ww, Ww, Ww, Gg, Gg, Gg, Gs, Gg, Hh, Gs, Gs, Gg, Gg, Hh, Chr, Hh, Uu, Uu, Uu
Uu, Uu, Uu, Wo, Wo, Ww, Wo, Wo, Wo, Ww, Wo, Ww, Wo, Wo, Wo, Ww, Gg, Gg, Gg, Ww, Ww, Hh, Mm, Mm, Hh, Mm, Mm, Mm^Xm, Hh, Ww, Wo, Ww, Ds, Gs, Gg, Gg, Rb^Gvs, Rb^Gvs, Gs, Gs, Gs, Gg, Gg, Ds, Ww, Gs, Wo, Ww, Wo, Gs, Ww, Gg, Gg, Gg, Gs, Gg, Mm, Gs, Mm, Hh, Mm, Hh, Mm, Mm, Mm, Uu, Uu, Uu
Uu, Uu, Uu, Wo, Wo, Ww, Wo, Wo, Wo, Wo, Wo, Ww, Wo, Wwf, Ww, Ww, Ss, Ww, Gg, Ww, Ww, Gg^Vc, Gg, Hh, Hh, Hh, Ms, Ms^Xm, Mm, Wo, Wo, Wo, Gg, Gs, Gg, Gs, Gg, Gs, Gg, Gs, Gs, Gg, Gg^Vc, Ww, Wo, Gg, Gg, Ww, Ww, Gg, Wo, Ww, Gg, Gg, Gs, Hh, Mm, Mm, Mm, Hh, Mm^Xm, Mm^Xm, Mm, Mm, Mm, Uu, Uu, Uu
Uu, Uu, Uu, Wo, Wo, Ww, Wo, Wo, Wo, Wo, Wo, Wo^Bw\r, Gg, Gg, Ww, Gg, Ww, Wwf, Ww, Ss, Gg, Wo, Wo, Ss, Wo, Hh, Wo, Mm^Xm, Mm^Xm, Wo, Wo, Ww, Gg, Gg, Gg, Gg, Gg, Gg, Gs, Ds, Ds, Gg, Wo, Ww, Wo, Wo, Wo, Wo, Wo, Wo, Ww, Wo, Ww, Gg, Ds, Gs, Gg, Mm, Sm, Mm, Mm, Mm, Mm^Xm, Mm, Gg, Uu, Uu, Uu
Uu, Uu, Uu, Ww, Wo, Wo, Wo, Wo, Wo, Ww, Ww, Ww, Gg, Gg^Vc, Gg, Gg, Wwf, Gg, Gg, Gg, Gg, Ss, Wo, Ww, Ss, Ww, Hh, Mm, Mm, Mm^Xm, Wo, Wo, Wo, Ds, Wo, Gg, Wo, Gs, Wo, Wo, Wo, Wo, Wo, Ww, Wo, Wo, Wo, Wo, Wo, Wo, Wo, Wo, Wo, Wo, Wo, Gg^Vh, Wo, Hh, Wo, Mm, Mm, Mm, Mm^Xm, Mm, Wo, Uu, Uu, Uu
Uu, Uu, Uu, Gg, Ww, Wo, Ww, Ww, Ww, Wo, Gg, Gg, Gg, Gg, Gg, Gg, Gg, Ww, Gg, Gg, Gg, Gg, Ww, Ww, Ss, Hh, Hh, Mm, Mm^Xm, Mm^Xm, Ww, Wo, Hh, Wo, Wo, Wo, Wo, Wo, Wo, Wo, Wo, Wo, Wo, Wo, Wo, Wo, Ww, Wo, Ww, Wo, Wo, Wo, Wo, Wo, Wo, Wo, Wo, Wog, Wog, Wog, Wog, Ww, Mm^Xm, Wo, Wog, Uu, Uu, Uu
Uu, Uu, Uu, Wo, Ww, Wo, Wo, Wo, Wo, Ww, Gg, Gg, Gg, Gg, Gg, Gg, Gg, Gg, Gg, Gg, Gg, Ss, Hh, Ww, Gg, Mm, Hh^Vhh, Mm^Xm, Mm, Hh, Wo, Wo, Wo, Gg, Gg, Gg, Wo, Wo, Wo, Gg, Wo, Wo, Ww, Wo, Ww, Wo, Wo, Ww, Wo, Wo, Wo, Wo, Wo, Wo, Wo, Wo, Wo, Wo, Mm, Wog, Wog, Wog, Wog, Wog, Wog, Uu, Uu, Uu
Uu, Uu, Uu, Wo, Wo, Ww, Gg, Ww, Wo, Ww, Gg, Gg, Gg, Gs, Gg, Gg, Gg, Gg, Gg, Hh, Mm, Hh, Mm, Ww, Hh, Hh, Mm^Xm, Mm^Xm, Mm^Xm, Wo, Wo, Wo, Wo, Ds, Gg, Wo, Gg, Gs, Gs, Gg^Vc, Wo, Wo, Wo, Wo, Wo, Ww, Wo, Ww, Wo, Wo, Gg, Ww, Ww, Wo, Gg, Wo, Gg^Vc, Wo, Mm, Mm, Sm, Wog, Wog, Wog, Gg, Uu, Uu, Uu
Uu, Uu, Uu, Wo, Ww, Wo, Gg^Vc, Gg, Gg, Gg, Ce, Ce, Ce, Gs, Gg, Gs, Gg, Gg, Gg, Mm, Mm^Xm, Mm, Mm^Xm, Wo, Wo, Mm, Mm^Xm, Mm, Ms^Xm, Mm^Xm, Gg, Wo, Wo, Hh, Wo, Gg, Gg, Gg, Gg, Gg, Wo, Wo, Ww, Wo, Wo, Wo, Wo, Wo, Ss, Ww, Gg, Gg, Ww, Ss, Ss, Gg, Ss, Wo, Mm, Hh, Mm, Mm, Mm^Xm, Mm, Mm, Uu, Uu, Uu
Uu, Uu, Uu, Ww, Ww, Ww, Ww, Gg, Gg, Gg, Gg, Ke, Ce, Gg, Gs, Gg, Gg, Hh, Hh, Gg, Gg, Mm^Xm, Hh, Ms^Xm, Ww, Hh, Wo, Wo, Ha, Ms^Xm, Wo, Wo, Ww, Wo, Wo, Wo, Wo, Wo, Wo, Wo, Wo, Ww, Ww, Wo, Ww, Wo, Gg, Gg, Ss, Sm, Ss, Ww, Ss, Ww, Ss, Gg, Gg, Gg, Mm, Mm, Mm, Gg, Mm, Mm^Xm, Mm, Uu, Uu, Uu
Uu, Uu, Uu, Wo, Wo, Ww, Gg, Gs, Gs, Gs, Gg, Gg, Gg, Gs, Gs, Gg, Hh, Gs, Mm, Hh, Mm, Hh, Mm, Ha^Vhha, Mm^Xm, Wo, Wo, Ms, Wo, Mm^Xm, Wo, Ww, Wo, Wo, Wo, Wo, Gg, Wo, Wo, Wo, Wo, Wo, Wo, Wo, Ww, Ww, Wo, Ss, Ss, Wo, Ww, Ss, Ww, Sm, Ss, Ss, Ss, Hh, Mm, Mm, Mm, Mm, Mm, Mm^Xm, Mm^Xm, Uu, Uu, Uu
Uu, Uu, Uu, Ww, Gs, Gs, Gs, Gg, Gg, Gs, Gs, Gg, Hh, Gg, Mm, Mm, Mm, Mm, Mm, Mm^Xm, Mm^Xm, Hh, Mm^Xm, Hh, Mm, Mm, Mm^Xm, Wo, Mm^Xm, Mm^Xm, Wo, Wo, Wo, Wo, Hh, Hh, Gg, Gg, Wo, Wo, Ss, Wo, Ss, Ss, Ds, Gg, Ww, Ss, Ww, Ss, Chs, Chs, Khs, Gg, Gg, Gg, Gg, Gg, Hh, Mm, Mm^Xm, Mm^Xm, Mm^Xm, Mm^Xm, Mm, Uu, Uu, Uu
Uu, Uu, Uu, Gg, Gs, Gs, Gs, Gs, Gg, Gs, Gs, Hh, Hh, Gs, Mm, Hh, Mm, Mm, Hh, Mm^Xm, Mm, Mm^Xm, Hh, Hh, Gs, Mm^Xm, Mm^Xm, Ww, Mm^Xm, Mm^Xm, Wo, Wo, Hh, Wo, Hh, Gg, Ss, Ss^Vhs, Ss, Ss, Ss, Ww, Ss, Ss, Ww, Ss, Ss, Ss, Ww, Ss, Ss, Chs, Chs, Ss, Ww, Ss, Mm, Hh, Mm, Mm, Mm^Xm, Ms^Xm, Ms^Xm, Mm, Mm, Uu, Uu, Uu
Uu, Uu, Uu, Gg, Gg, Gg, Gg, Gg, Gs, Gs, Hh, Hh, Mm, Hh, Mm, Hh, Hh, Hh, Gs, Mm^Xm, Hh, Hh, Mm, Gg, Gs, Hh, Mm^Xm, Mm^Xm, Mm, Hh, Mm, Hh, Wo, Wo, Gg, Gg, Gg, Ss, Ww, Ww, Ss, Ww, Gg, Ww, Ss, Ss, Sm, Ss, Ss, Ss, Ss, Ss, Ss, Ww, Gg, Ww, Hh, Hh, Mm, Mm, Ms^Xm, Mm, Ms^Xm, Ms, Mm, Uu, Uu, Uu
Uu, Uu, Uu, Gg, Gs, Gs, Gs, Gs, Gs, Hh, Mm, Hh, Mm, Mm, Hh, Gg, Gg, Gg, Gs, Mm, Mm, Mm, Hh, Gs, Hh, Hh, Mm^Xm, Mm^Xm, Mm, Hh, Hh, Hh, Hh, Hh, Gg, Gg, Ss, Ss, Ss, Gg, Gg, Ss, Ww, Ss, Ss, Ss, Ss, Ww, Ss, Ss, Ss, Ss, Ww, Ss, Ss, Ww, Mm, Hh, Mm, Ms^Xm, Mm, Mm, Ms^Xm, Wo, Wo, Uu, Uu, Uu
Uu, Uu, Uu, Gs^Vc, Gg, Gs, Gs, Gs, Hh, Hh, Mm, Mm, Mm^Xm, Mm, Hh, Mm, Hh, Hh, Mm, Mm, Hh, Mm, Gg, Gg, Mm, Mm, Mm^Xm, Hh, Mm, Mm, Mm, Mm, Gs, Gs, Gg, Gg, Gg, Gg, Gg, Ss, Gg, Sm, Ss, Ss, Ss, Ss, Gg, Ss, Ss, Wo, Ss, Ss, Ss, Ss, Ss, Sm, Ss, Mm, Mm, Mm, Mm, Mm^Xm, Mm, Mm, Mm, Uu, Uu, Uu
Uu, Uu, Uu, Ww, Gg, Gg, Gg, Gg, Hh, Hh, Mm^Xm, Mm, Mm^Xm, Mm^Xm, Mm, Hh, Mm, Mm, Mm, Mm, Gg, Gg, Mm^Xm, Mm, Mm^Xm, Mm^Xm, Md^Xm, Mm^Xm, Hh, Mm, Hh, Hh, Gs, Gg, Hh, Gg, Gg, Gg, Gg, Gg, Ss, Ss, Ss, Ss, Ww, Ss, Ss, Ss, Ww, Ss, Ww, Sm, Ww, Ss, Ss, Gg, Hh, Mm, Wo, Wo, Mm^Xm, Mm^Xm, Mm, Mm, Mm, Uu, Uu, Uu
Uu, Uu, Uu, Ww, Gg, Gg, Hh, Hh, Mm, Mm, Mm^Xm, Mm^Xm, Mm^Xm, Mm^Xm, Mm, Mm, Mm, Mm, Mm, Hh, Hh, Hh, Mm, Mm^Xm, Mm, Mv, Uh, Mm^Xm, Mm^Xm, Mm^Xm, Mm^Xm, Mm, Gs, Hh, Mm, Mm, Hh, Gg, Ss, Gg, Gg, Wo, Ss, Wo, Ss, Ss, Ss, Ss, Ss, Gg, Ww, Ss, Ss, Ss^Vhs, Ss, Ww, Ww, Wo, Gg, Mm, Mm, Ms^Xm, Ms^Xm, Mm, Mm^Xm, Uu, Uu, Uu
Uu, Uu, Uu, Gg, Gg, Hh, Mm, Mm, Mm^Xm, Mm^Xm, Ms^Xm, Ms^Xm, Mm^Xm, Mm^Xm, Mm, Ms, Wo, Hh^Vhh, Rb^Gvs, Mm, Hh, Hh, Mm, Md^Xm, Md^Xm, Uh, Uh, Hhd, Uh, Md, Mm^Xm, Hh, Mm^Xm, Mm^Xm, Mm^Xm, Mm^Xm, Mm, Gg, Gg, Gg, Ss, Ss, Gg, Ss, Gg, Gg, Gg, Ss, Ss, Ww, Ss, Ss, Gg, Ww, Ss, Gg, Mm, Hh, Hh, Hh, Mm, Mm, Ms^Xm, Mm^Xm, Mm^Xm, Uu, Uu, Uu
Uu, Uu, Uu, Gs, Hh, Hh, Hh, Mm, Ms^Xm, Ms^Xm, Mm^Xm, Mm^Xm, Mm^Xm, Mm^Xm, Mm, Mm, Mm, Rb^Emf, Rb^Gvs, Gg, Hh, Gg, Hh, Md^Xm, Md^Xm, Md, Uh, Uh, Rd, Rd^Vhr, Hhd, Mm^Xm, Md, Md, Mm^Xm, Wo, Hh^Vhh, Gg, Gs, Gg, Gg, Gg, Gg, Gg, Gg, Gg, Gg, Ww, Ss, Ss, Ss, Ss, Ss, Ss, Gg, Wo, Ww, Hh, Wo, Mm, Ms, Ms^Xm, Mm, Mm, Mm^Xm, Uu, Uu, Uu
Uu, Uu, Uu, Gg, Hh, Mm, Mm, Mm^Xm, Mm^Xm, Mm^Xm, Mm, Mm^Xm, Mm^Xm, Mm^Xm, Hh, Gg, Mm, Hh, Hh, Hh, Mm, Hh, Mm^Xm, Md^Xm, Hhd, Hhd, Uh, Uh, Rd, Uh, Uh, Hhd, Hhd, Md, Rd^Vhr, Mm^Xm, Mm^Xm, Mm, Hh, Gg, Gg, Gg, Ss, Gg, Gg, Ss, Gg, Ss, Gg, Ss, Gg, Gg, Gg, Gg, Gg, Gg, Ww, Ww, Hh, Wo, Mm, Mm, Mm, Mm^Xm, Mm, Uu, Uu, Uu
Uu, Uu, Uu, Hh, Mm, Mm, Mm, Mm^Xm, Mm, Mm, Mm, Mm^Xm, Mm, Mm^Xm, Mm, Hh, Mm^Xm, Mm, Mm^Xm, Mm, Mm^Xm, Mm^Xm, Mm, Rd^Vhr, Hhd, Rd^Es, Hhd, Uh, Rd, Uh, Uh, Rd^Dr, Gs, Hhd, Md, Mm^Xm, Mm^Xm, Mm^Xm, Mm, Hh, Gg, Gg, Gg, Gg, Gg, Gg, Ss, Ss, Gg, Gg, Ss, Ss, Gg, Gg, Ww, Ww, Wo, Sm, Hh, Mm, Ms^Xm, Mm^Xm, Mm^Xm, Mm^Xm, Mm, Uu, Uu, Uu
Uu, Uu, Uu, Hh, Hh, Mm, Mm^Xm, Mm, Hh, Hh, Hh, Mm, Mm^Xm, Mm^Xm, Mm^Xm, Mm, Mm^Xm, Mm^Xm, Mm, Mm^Xm, Mm, Mm, Mm, Hhd, Uh, Uh, Uh, Hhd, Uh, Gd, Rd, Uh, Rd, Hhd, Rd, Md, Hhd, Md, Hhd, Gs, Gg, Gg, Ce, Gg, Gg, Gg, Gg, Gg, Gg, Gg, Ss, Ss, Gg, Ww, Ss, Hh, Ww, Hh, Mm, Mm, Mm^Xm, Mm, Mm, Mm, Mm, Uu, Uu, Uu
Uu, Uu, Uu, Hh, Mm, Mm, Mm, Mm^Xm, Hh, Gg, Mm, Mm, Mm^Xm, Wog, Gg, Mm, Mm, Mm, Mm^Xm, Mm^Xm, Mm^Xm, Mm, Hhd, Uh, Uh, Rd^Dr, Uh, Rd, Uh, Rd^Vhr, Gd, Rd, Uh, Uh, Uh, Rd^Es, Rd, Hhd, Gs, Gs, Gs, Gs, Ce, Ce, Ce, Gg, Gg, Gg, Gg, Gg, Gg, Gg, Ss, Sm, Ss, Ww, Mm, Mm, Mm, Mm^Xm, Mm, Mm, Mm, Mm, Mm, Uu, Uu, Uu
Uu, Uu, Uu, Mm, Mm, Mm, Mm^Xm, Hh, Gg, Gg, Mm, Mm^Xm, Mm^Xm, Mm, Mm, Mm^Xm, Mm^Xm, Mm, Mm^Xm, Mm^Xm, Mm^Xm, Mm, Hhd, Uh, Rd, Rd^Es, Uh, Rd, Gd, Uh, Rd^Dr, Uh, Gs, Md, Uh, Rd, Uh, Gs, Rd, Gs, Gs, Gg, Gg, Ke, Ce, Gg, Gg, Gs, Gg, Gg, Gg, Gg, Ss, Ss, Ww, Ww, Mm, Mm, Mm, Mm^Xm, Mm, Mm^Xm, Hh, Mm, Mm, Uu, Uu, Uu
Uu, Uu, Uu, Rd, Uu, Wog, Uu, Hh, Uu, Gg, Uu, Mm^Xm, Uu, Mm, Uu, Rd, Uu, Mm, Uu, Mm^Xm, Uu, Hhd, Hhd, Uh, Uh, Gd, Uh, Gs, Rd, Uh, Uh, Uh, Rd, Uh, Uh, Uh, Rd, Uh, Rd, Gs, Gs, Gs, Gs, Gs, Gg, Gs, Gs, Gg, Gg, Gg, Gg, Gg, Ss, Gg^Efm, Ss, Gg, Uu, Gg, Uu, Mm^Xm, Uu, Mm^Xm, Uu, Hh, Uu, Uu, Uu, Uu
Uu, Uu, Uu, Uu, Uu, Uu, Uu, Uu, Uu, Uu, Uu, Uu, Uu, Uu, Uu, Uu, Uu, Uu, Uu, Uu, Uu, Mm, Uu, Rd, Uu, Uh, Uu, Gs, Uu, Rd, Uu, Hh, Uu, Gg, Uu, Gg, Uu, Gs, Uu, Uh, Uu, Gg, Uu, Gg, Uu, Gg, Uu, Gg, Uu, Gg, Uu, Gg, Uu, Gg, Uu, Uu, Uu, Uu, Uu, Uu, Uu, Uu, Uu, Uu, Uu, Uu, Uu, Uu
Uu, Uu, Uu, Uu, Uu, Uu, Uu, Uu, Uu, Uu, Uu, Uu, Uu, Uu, Uu, Uu, Uu, Uu, Uu, Uu, Uu, Uu, Uu, Uu, Uu, Uu, Uu, Uu, Uu, Uu, Uu, Uu, Uu, Uu, Uu, Uu, Uu, Uu, Uu, Uu, Uu, Uu, Uu, Uu, Uu, Uu, Uu, Uu, Uu, Uu, Uu, Uu, Uu, Uu, Uu, Uu, Uu, Uu, Uu, Uu, Uu, Uu, Uu, Uu, Uu, Uu, Uu, Uu
