border_size=1
usage=map

Uu, Uu, Uu, Uu, Uu, Uu, Uu, Uu, Uu, Uu, Uu, Uu, Uu, Uu, Uu, Uu, Uu, Uu, Uu, Uu, Uu, Uu, Uu, Uu, Uu, Uu, Uu, Uu, Uu, Uu, Uu, Uu, Uu, Uu, Uu, Uu, Uu, Uu, Uu, Uu, Uu, Uu, Uu, Uu, Uu, Uu, Uu, Uu, Uu, Uu, Uu, Uu, Uu, Uu, Uu, Uu, Uu, Uu, Uu, Uu, Uu, Uu, Uu, Uu, Uu, Uu, Uu, Uu, Uu, Uu, Uu, Uu, Uu, Uu, Uu, Uu, Uu, Uu, Uu, Uu, Uu, Uu, Uu, Uu, Uu, Uu, Uu, Uu, Uu, Uu, Uu, Uu, Uu, Uu, Uu, Uu, Uu, Uu
Uu, Uu, Uu, Uu, Uu, Uu, Uu, Uu, Uu, Uu, Uu, Uu, Uu, Uu, Uu, Uu, Uu, Uu, Uu, Uu, Uu, Uu, Uu, Uu, Uu, Uu, Uu, Uu, Uu, Uu, Uu, Uu, Uu, Uu, Uu, Uu, Uu, Uu, Uu, Uu, Uu, Uu, Uu, Uu, Uu, Uu, Uu, Uu, Uu, Uu, Uu, Uu, Uu, Uu, Uu, Uu, Uu, Uu, Uu, Uu, Uu, Uu, Uu, Uu, Uu, Uu, Uu, Uu, Uu, Uu, Uu, Uu, Uu, Uu, Uu, Uu, Uu, Uu, Uu, Uu, Uu, Uu, Uu, Uu, Uu, Uu, Uu, Uu, Uu, Uu, Uu, Uu, Uu, Uu, Uu, Uu, Uu, Uu
Uu, Uu, Uu, Uu, Uu, Uu, Uu, Uu, Uu, Uu, Uu, Uu, Uu, Uu, Uu, Uu, Uu, Uu, Uu, Uu, Uu, Uu, Uu, Uu, Uu, Uu, Uu, Uu, Uu, Uu, Uu, Uu, Uu, Uu, Uu, Uu, Uu, Uu, Uu, Uu, Uu, Uu, Uu, Uu, Uu, Uu, Uu, Uu, Uu, Uu, Uu, Uu, Uu, Uu, Uu, Uu, Uu, Uu, Uu, Uu, Uu, Uu, Uu, Uu, Uu, Uu, Uu, Uu, Uu, Uu, Uu, Uu, Uu, Uu, Uu, Uu, Uu, Uu, Uu, Uu, Uu, Uu, Uu, Uu, Uu, Uu, Uu, Uu, Uu, Uu, Uu, Uu, Uu, Uu, Uu, Uu, Uu, Uu
Uu, Uu, Uu, Uu, Md, Uu, Hh, Uu, Gs, Uu, Gs, Uu, Gs, Uu, Rd, Uu, Gs, Uu, Hhd, Uu, Gd, Uu, Hhd, Uu, Gg, Uu, Gg, Uu, Ss, Uu, Ss, Uu, Ss, Uu, Ww, Uu, Ww, Uu, Wwf, Uu, Ss, Uu, Gg, Uu, Gg, Uu, Ss, Uu, Gg, Uu, Gg, Uu, Ss, Uu, Gg, Uu, Wot, Uu, Mm, Uu, Ms, Uu, Mm, Uu, Gs, Uu, Gs, Uu, Ss, Uu, Mm, Uu, Mm, Uu, Ww, Uu, Wwf, Uu, Mm, Uu, Mm^Xm, Uu, Md, Uu, Gg, Uu, Gg^Eff, Uu, Rd, Uu, Rb^Gvs, Uu, Rb^Gvs, Uu, Uu, Uu, Uu, Uu
Uu, Uu, Uu, Gs, Hhd, Md, Md, Md, Md, Md, Md, Hhd, Hhd, Gd, Gs^Edpp, Re, Rd, Gs, Hhd, Hhd, Gs, Gs, Gd^Es, Hh, Gg, Gg, Gg, Ss, Ss, Gg, Ss, Ss, Ww^Ewl, Ss, Ss, Wot, Wot, Ss, Gg, Ss, Ss, Gg, Ss, Ss, Gg, Ss, Gg, Gg, Ss, Gg, Ss, Ss, Gg, Gg, Gg, Gg, Wwf, Mm, Mm, Ha, Ms, Ms, Ms, Hh, Hh, Gs, Gs, Mm, Hh, Hh, Mm, Mm, Hh^Fds, Ww, Mm, Ww, Gg, Rb, Mm, Mm, Mm^Xm, Md, Md, Md, Hh, Gg, Gg, Re^Eff, Rd^Eff, Rb, Re, Rb^Gvs, Rb, Rb^Gvs, Uu, Uu, Uu, Uu
Uu, Uu, Uu, Hhd, Hhd, Md, Md, Hh, Hhd^Es, Md, Md, Md, Hhd^Fdw, Hhd, Hh, Gs, Rd, Gs, Hhd, Gd, Hhd, Hh, Gd, Gs, Gg, Gs, Gs, Gg, Gg, Ss, Ss, Ss, Ww, Ss, Ss, Ww, Wot, Ww, Hh, Gg, Ss, Ss, Ss, Ww^Ewf, Ss, Gg, Gg^Em, Gg, Ss, Gg, Gg, Gg, Gs, Gs, Gs, Gg, Gs, Wo, Wo, Wo, Mm, Ms, Ms, Ha, Hh, Gs, Mm, Mm, Mm, Mm, Mm, Mm, Mm, Ms, Hh, Mm, Hh, Gg, Hh^Vhh, Mm, Mm, Mm, Md, Gg, Hh, Gg, Gg, Gg, Gg, Re, Re, Rd^Es, Rb^Gvs, Re, Uu, Uu, Uu, Uu
Uu, Uu, Uu, Xu, Xu, Hhd, Hhd, Md, Hhd, Md, Hh, Md, Hhd, Hhd, Hhd, Hhd, Rd, Hhd, Gd, Hhd, Gd, Gd^Vo, Hhd, Hh, Gg, Gg, Gg, Gs, Gs, Gg, Gg, Ss, Ss, Ss, Ww, Hh, Ww, Wot, Hh, Gs, Ss, Gg, Gg, Ss, Ss, Gg, Ss, Ss, Gg, Gg, Gg, Gg, Gg, Gs, Rb^Gvs, Rb^Gvs, Rb^Gvs, Gg, Gg^Vh, Mm, Mm, Mm, Mm, Mm, Hh, Gs, Gs, Mm, Gs, Mm, Gs, Hh, Gs, Hh, Gs, Hh, Hh, Gs, Gs, Hh, Hh, Mm, Hh, Md, Hh, Hh, Gg, Gg, Gg, Gg^Vh, Re^Gvs, Re, Re, Re, Uu, Uu, Uu, Uu
Uu, Uu, Uu, Urb, Urb, Xu, Xu, Md, Md, Hhd^Fdw, Hhd, Md, Hhd, Hhd, Hhd, Hhd, Rd, Gs, Gs, Gg, Gs, Hhd, Hhd, Hhd, Gg, Gs, Gs, Gg, Gg, Gg, Gg, Ss, Ss, Gg^Efm, Ss, Gg^Em, Ww, Wot, Ss, Gs, Gs, Gg, Ss, Ss, Gg, Gg, Gg^Efm, Gg, Gg, Gg, Gg, Gg, Rb^Gvs, Rb^Gvs, Re, Rb^Gvs, Rb^Gvs, Rb^Gvs, Rb^Gvs, Hh, Mm, Mm, Gs, Gs, Gs, Gs^Es, Gs, Gs, Gs, Gs, Gs, Gs, Gg, Gs, Gg, Gg, Gg, Gs, Gs, Hh, Hh, Hh, Hh, Md, Mm, Hh, Mm, Gg, Gs, Gg, Re, Re, Rb, Gs^Gvs, Uu, Uu, Uu, Uu
Uu, Uu, Uu, Urb, Urb, Urb, Urb, Xu, Md, Md, Md, Mm, Md, Hh, Gs, Gs, Rd, Gs, Gg, Gd, Gs, Gd, Hhd, Hh, Gg, Gg, Gs, Gg, Gg, Ss, Ss, Gg, Ss, Ss, Ss, Gg, Wwf, Wot, Wwf, Gg^Efm, Ss, Ss, Wot, Ss, Gg, Gs, Ds, Ss, Gg, Ss, Gg, Gg, Gg, Rb^Gvs, Rb^Gvs, Re, Gg, Rb^Gvs, Hh, Hh, Hh, Hh, Gs, Gs, Gs, Gs, Gs, Gs, Gs, Gs, Gs, Gs, Gg, Gg, Gg, Gg, Gg, Gg^Efm, Gg, Gs, Gs, Gs, Gs, Hh, Hh, Mm, Mm, Hh, Gg, Gg, Gs, Re, Re, Gs, Uu, Uu, Uu, Uu
Uu, Uu, Uu, Urb, Xu, Xu, Urb, Xu, Md, Md, Hh, Hh, Md, Hh, Rd, Rd, Gs, Rd, Gs, Gg, Gs, Gg, Gg, Gg, Hhd, Hh, Gs, Gs, Gg, Ss, Gg, Ss, Ss, Ss, Ss, Ww, Ww, Wot, Wwf, Ww, Wot, Wot, Gg, Ww, Gg^Efm, Gg, Ss, Ss, Ss, Ss, Gg, Gg, Gg, Gg, Gg, Gs, Gg, Gg, Gs, Hh, Gs, Gs, Gs, Gs, Gs^Es, Gs, Gs, Gs, Gs, Gg, Gg, Gs, Gg, Gg, Gg, Gg, Gs, Gs, Gs^Es, Gs, Gs, Gg, Gs^Es, Gg, Gs, Mm, Hh, Gg, Gg, Gg, Gs, Gs, Rd^Es, Re, Uu, Uu, Uu, Uu
Uu, Uu, Uu, Xu, Md, Xuc, Urb, Xu, Md, Md, Hhd, Md, Hhd, Rd, Hhd, Gg, Gs, Rd, Gs, Gd, Gd, Gs, Gs, Gs, Hhd, Gs, Hh, Gg, Gg, Gg, Gg, Gg, Ss, Ww, Ss, Rb, Ss, Wot, Ww, Wot, Wot, Ww, Gg, Ss, Ss, Ss, Ds, Ds, Ww, Ww, Wot, Gg, Gg, Gg, Gg, Gg, Gg, Gg, Gg, Gs, Gs, Gs, Gs, Gs, Gs, Gs, Gs, Gs, Gs, Gg, Gg, Gg, Rb^Gvs, Ww, Gs^Fds, Gg, Gs, Gg^Es, Gg, Gs^Es, Gs, Gs, Hh, Gs, Gs, Gs, Gg, Gg, Gg, Gg, Rd, Gs, Gg, Re, Uu, Uu, Uu, Uu
Uu, Uu, Uu, Md, Hhd, Md, Ko, Mm, Hhd, Md, Hhd, Gd^Vo, Gs, Rd, Gd, Gd, Gs, Rd, Rd, Gs, Gs, Gd, Gd, Gg, Gs, Gd, Gs, Gg, Gg, Gg, Gg, Ss, Ss, Ss, Ww, Ss^Vhs, Ss, Ww, Wot, Wot, Wot, Ss, Ss, Ss, Ds, Gg^Efm, Wwf, Ww, Wot, Wot, Ss, Wot, Gg, Gg, Gg, Gg, Gg, Gg, Gg, Gg, Gs, Gs, Gs, Gs, Gs, Gs, Gs, Gs, Gs, Gs, Gg, Rb^Gvs, Rb^Gvs, Rb^Gvs, Gg^Vh, Gg, Gg, Gs, Hh, Gs, Hh, Gg^Efm, Hh^Efm, Hh^Fp, Hh, Gg, Gs, Gg, Gs, Gs, Gs, Gg, Gg, Gg, Uu, Uu, Uu, Uu
Uu, Uu, Uu, Hhd, Hhd, Hhd, Co, Co, Co, Hhd, Hhd, Gd, Rd, Rd, Gs, Gd, Gs, Gs, Re, Gg, Gg, Gs, Gs, Gd, Gd, Gs^Es, Gg, Gs, Gg, Gg, Ss, Gg, Ss, Ww, Gg^Efm, Ss, Gg, Ww, Ww, Ww, Wot, Ds, Ss^Vhs, Sm, Ss, Ds, Wwf, Wot, Wot, Gg^Efm, Ss, Gg, Gg, Gg, Gg, Gs, Gs, Gs, Gg, Gg, Gs, Gs, Gs^Es, Gs, Gs, Gs, Gs, Gs, Gs, Gs, Gs, Gg, Gg, Gg, Gg, Gg, Gs, Hh, Gg^Efm, Hh, Mm, Mm, Gs, Gs, Gs, Gs, Gs, Gs, Gs, Gs, Gs, Gs, Gs, Gg, Uu, Uu, Uu, Uu
Uu, Uu, Uu, Hhd, Rd, Re, Gs, Co, Re, Hhd, Rd, Rd, Gs, Gd, Hhd, Gg, Gd, Gg, Rd, Gs, Gs, Gs, Gs, Gs, Gs, Gg, Gg, Gg, Ss, Gg, Gg, Ss, Ss, Gg, Gg, Gg, Ww, Wot, Ww, Ww, Ss, Ww, Ww, Gg^Efm, Ww, Wwf, Ww, Ss, Wot, Ss, Gg, Gg, Ss, Gg, Gg, Gg, Gg, Gs, Gg, Gs, Gs, Gs, Gs, Gs, Gs, Gs, Gs, Gs, Hh, Gs, Gs, Gs, Gs, Gg^Efm, Gs^Es, Hh, Hh, Hh, Gs, Hh, Hh, Hh, Gs, Gs, Gs, Gs, Gs, Gs, Gs, Gs, Gs, Gs, Gs, Gg, Uu, Uu, Uu, Uu
Uu, Uu, Uu, Rd, Gs, Gd, Gd^Es, Gd, Gd, Rd, Rd, Gs, Gs, Rd, Gd, Gs, Gd, Gs, Rd, Gs^Vo, Gd, Gg, Gs, Gg, Gs, Gs, Gg, Gg, Ss, Ss, Gg, Ss, Ww, Ss, Wwf, Ww, Wot, Wot, Ds, Gg, Ss, Wot, Ww, Ww, Ww, Wot, Wot, Wot, Wot, Wwf, Gg, Gg, Gg, Gg, Gg, Gg, Gg, Gg, Gs, Gs, Gs, Gs, Gs, Gs, Gs, Gs, Gs, Gs, Gs, Gs, Gs, Gs, Gs, Gg, Gs, Gg, Gs, Gs, Gs, Gs, Gs, Gs, Hh, Gs, Gs, Gs, Gs, Gs, Gs, Gs, Gs, Gs, Gs, Gg, Uu, Uu, Uu, Uu
Uu, Uu, Uu, Gd, Hhd, Gd, Hhd, Gd^Es, Gd, Gs, Gg, Rd, Rd, Gd, Gs, Gd, Gs, Gs, Gs, Rd, Rd, Gs, Gs, Gs, Gs, Gs, Gg, Gg, Ss, Ss, Ss, Ss, Gg, Ds, Wwf, Wot, Ss, Ss, Gg, Ss, Ss, Wot, Wot, Wot, Wot, Wot, Ww, Ww, Ss, Gg, Gg, Ss, Gg, Gg, Gg, Gg, Gg, Gg, Gg, Gs, Gs, Gs, Gs, Gs, Gs, Gs, Gs, Gs, Hh, Gs, Gg, Gs, Ce, Ce, Ce, Gs, Gs, Gs, Gs, Gs, Gs, Hh, Gs, Gs, Gs, Hh, Hh, Gs, Gs, Gs, Hh, Gs, Hh, Gd, Uu, Uu, Uu, Uu
Uu, Uu, Uu, Hhd, Md, Hhd, Md, Hhd, Hhd, Gs, Gs, Gs, Gg, Rd, Rd, Gs, Gs, Gd, Gd, Gs, Rd, Gg, Gg, Gd, Gs, Gg, Gg, Gg, Ss, Ww, Ss, Gg, Gg, Ww, Ww, Ss, Gg, Ss, Ss, Ss, Ss, Gg, Ss, Wot, Ss, Ss, Gg^Efm, Gg, Hh, Gg, Ss, Ss, Gg, Gg, Gg, Gg, Gg, Gs, Gg, Gg, Gg, Gs, Gg, Gg, Gs, Gs, Gs, Gs, Rd, Hh, Gs, Gs, Gs, Ke, Gg^Efm, Gs, Gs, Gs, Gs, Gs, Gs, Gs, Hh, Gs, Gs, Hh, Hh, Hh, Hh, Gs, Hh, Hh, Gs, Hh, Uu, Uu, Uu, Uu
Uu, Uu, Uu, Md, Md, Md, Md, Hhd, Hhd, Hhd, Hhd, Gs, Gs, Gs, Gs^Vo, Rd, Rd, Gs, Gg, Gs, Gs, Rd, Gs, Gs, Gs, Gg, Gg, Ss, Gg, Ww, Ww, Ss, Ww, Ww, Wot, Ww, Sm, Ss, Ss, Gg, Gg, Gg, Ss, Ss, Gg, Ss, Gg, Gg, Gg^Vc, Gg, Rb^Gvs, Ss, Gg, Gg, Gg, Gg, Gg, Gg, Gg, Gs, Gs, Gg, Gg, Gs, Gg, Gg, Hh, Rd, Rd, Gs^Vhr, Gs, Gg, Gs, Gg, Gs, Gs, Gs, Gs, Gs, Gs, Hh, Gs, Gs, Gs, Hh, Hh, Hh, Gs, Hh, Hh, Hh, Gs, Hh, Gs, Uu, Uu, Uu, Uu
Uu, Uu, Uu, Gg, Hhd, Md, Ms, Md, Md, Hhd, Gs, Hhd, Gs, Gs, Hhd, Gs, Gs, Rd, Rd, Gs, Gs^Es, Rd, Gg, Gs, Gs, Gg, Gg, Gg, Gg, Ss, Ss, Ww, Gg, Wwf, Wot, Ww, Gg, Ss, Ss, Gg, Ss, Gg, Ss, Ss, Ss, Gg, Ss, Gg, Gg, Gg, Ss, Gg, Gg, Gs, Gs, Gg, Gg, Gg, Gg, Hh, Hh, Gs, Gg, Gs, Gs, Gs, Gs, Rd, Gs, Gs, Gs, Gs, Gs, Gs, Gs, Gg, Gg, Gs, Gs, Mm, Gs, Gs^Es, Hh, Hh^Vhhr, Hh, Hh, Hh, Gs, Gs, Mm, Mm, Hh, Mm, Mm, Uu, Uu, Uu, Uu
Uu, Uu, Uu, Md, Hhd, Md, Mm, Mm, Md, Hhd^Fdw, Hhd, Hhd, Hhd, Hhd, Gs, Gd, Gd, Gs, Gs, Rd, Rd, Rd, Gs, Gs, Gd, Gg, Gg, Gg, Gg, Ss, Ss, Ss, Ss, Ds, Ww, Wot, Ww, Ss, Ss, Ss, Ss, Gg, Ss, Sm, Ss, Gg, Gg, Ss, Ss, Gg^Emf, Ss, Gg, Gg, Gg, Gg, Gg, Gs, Gg, Hh, Mm, Hh^Fp, Gg, Gg, Gg, Gg, Gs, Gs, Gs, Gs, Gg, Gs, Gs, Gs, Gs, Gg, Gs, Gs, Gs, Gs, Gs, Gs, Gs, Hh, Mm, Mm, Gll^Fp, Mm, Mm, Mm, Mm, Hh, Mm, Mm, Mm, Uu, Uu, Uu, Uu
Uu, Uu, Uu, Md, Hhd, Hhd, Hh, Hh^Fp, Md, Md, Md, Hh, Gs, Gs, Gd^Es, Gd, Gg, Gd, Gs, Gs, Gs, Rd, Rd, Gs, Gs, Gg, Gg, Ss, Ss, Gg, Gg, Ww, Gg^Efm, Gg, Ww, Wot, Wot, Ww, Ww, Ss, Ss, Gg, Wot, Gg, Sm, Gg^Em, Ss, Ww, Gg, Ss, Gg, Gg, Gg, Gg, Gg, Gg, Gg, Gs, Hh, Hh, Gg^Vh, Gg, Gg, Gg, Gg, Gg, Gs, Gs, Gs, Gs, Gs, Gs, Gs, Gs, Gs, Hh, Gg, Gg, Hh, Gs, Gg, Hh, Mm, Mm, Mm, Mm, Mm, Mm, Hh, Hh, Hh, Hh, Hh, Hh, Uu, Uu, Uu, Uu
Uu, Uu, Uu, Md, Hhd, Gs, Gg^Es, Hhd, Hh, Hh, Md, Md, Hhd, Gs, Gd, Gs, Gs, Gs, Rd, Rd, Rd, Rd, Rd, Gs, Gs, Gs, Gg, Gg, Gg, Gg, Ss, Ss, Ss, Ww, Wot, Wot, Ww, Wot, Ww, Ss, Ss, Ww, Wot, Wot, Ds, Gg, Wot, Wot, Gg, Ss, Ss, Gg, Ss, Gg, Gg, Gg, Gs, Gg, Gg, Gg, Rb^Gvs, Rb^Gvs, Gg, Gg, Gg, Gg, Gs, Gs, Gs, Gs, Gs, Gs, Gg, Gg, Gs, Gg, Gs, Gg, Hh, Hh, Hh^Fp, Gg, Ww, Ms, Hh^Fp, Ms, Mm, Hh, Gs, Gs, Gs, Hhd, Gd, Gs, Uu, Uu, Uu, Uu
Uu, Uu, Uu, Gs, Hhd, Gs, Gs, Md, Hhd, Gd^Vo, Hhd, Md, Hhd, Gs, Rd, Gs, Rd, Rd, Gs, Gs, Gd, Gs, Gs, Rd, Rd, Gs, Gs, Gg, Gg, Ss, Ss, Ss, Wwf, Ww, Ss, Ww, Ww, Ss, Sm, Ww, Ss, Ss, Ss, Ww, Ww, Gg, Gg, Ss, Gg, Ww, Ww, Gg, Gg, Gg, Gg, Gg, Gg, Gg, Gg, Rb^Gvs, Rb^Gvs, Rb^Gvs, Gg, Gs, Gs, Gs, Gg, Gs, Gs, Gs, Gs, Gs, Gs, Gs, Gs, Gs, Gs, Gg, Hh, Hh, Rb^Gvs, Gg^Vh, Hh, Mm, Mm, Mm, Mm, Mm, Hh, Gs, Gd, Gs, Gd, Gd, Uu, Uu, Uu, Uu
Uu, Uu, Uu, Gs, Gs, Hhd, Hhd, Hhd, Gs, Gd, Gs, Hh, Re, Rd, Gg, Rd, Gg, Gs, Gg, Gs, Gs, Gs, Gs, Gg, Rd, Gs, Gs, Gg, Gg, Gg, Gg, Ss, Ss, Ss, Ss, Ss, Ww, Ss, Gg, Ss, Ss, Ss, Ss, Sm, Ss, Ww, Ss, Sm, Ww, Ss, Wot, Ss, Gg, Gg, Ss, Gg, Gg, Gg, Gg, Gg, Gg, Gg, Gs, Gs, Gs, Gs, Gs, Gg, Gs, Gs, Gs, Gs, Gg, Gg, Gs, Gg, Gg, Hh, Gs, Hh, Gg, Rb^Gvs, Gs, Hh^Fp, Hh, Hh, Mm, Mm, Hh, Hh, Hh, Gg, Gg, Gd, Uu, Uu, Uu, Uu
Uu, Uu, Uu, Hhd, Hhd, Hhd, Rd, Gs, Gs, Gs, Rd, Re, Hhd, Hhd, Hhd, Gg, Gg, Gg, Gg, Gs, Gs, Gs, Gg, Gs, Gg, Re, Rd, Gg, Gg, Gg, Ss, Ss, Ss^Vhs, Ss, Ss, Gg, Gg, Gg, Ww, Ww, Wot, Ww, Wot, Wot, Ww, Ww, Gg, Ss, Ss, Ss, Gg, Gg, Gg, Ss, Gg, Gg, Gg, Gg, Gs, Gg, Gg, Gg, Gg, Gg, Gs, Gs, Gg, Gs, Gs, Gs, Gs, Gs, Gs, Gg, Gs, Gs, Gs, Gs, Gs, Gs, Gs, Hh, Hh, Hh, Hh, Gs, Mm, Mm, Hh, Gg^Vh, Rb^Gvs, Rb^Gvs, Gs, Gd, Uu, Uu, Uu, Uu
Uu, Uu, Uu, Hhd, Rd, Rd, Gd^Edp, Rd, Rd, Rd, Gs, Gs, Hhd, Md, Md, Hhd, Gs^Vo, Gg, Gg, Gg, Gg, Gg, Gg, Gg, Gg, Gg, Re, Gg, Gg, Ss, Ss, Gg, Ss, Gg, Ss, Wot, Wwf, Wot, Wot, Wot, Ww, Wot, Wot, Wot, Ww, Wot, Sm, Gg, Ss, Gg, Gg, Ss, Gg, Gg, Gg, Gg, Gg, Gg, Gg, Gg, Gg, Gg, Gg, Gg, Gg, Gs, Gs, Gs, Gs, Gs, Gs, Gs, Gs, Gs, Gs, Gs, Gs, Gs, Gs, Gs, Gs, Hh, Gs, Hh, Hh, Hh, Mm, Hh, Hh, Hh, Hh, Rb^Gvs, Gs, Gs, Uu, Uu, Uu, Uu
Uu, Uu, Uu, Rd, Hhd, Gd, Hhd, Gs, Gd, Re, Gs, Hhd, Hhd, Md, Mm, Hh, Hh, Hh, Ss, Gg, Gg, Gg, Gg, Gg, Gg, Gg, Gg, Re, Rb, Gg, Gg, Gg, Ww, Ww, Wot, Wot, Ww, Wot, Ss, Ss, Ss, Ww, Gg, Ww, Gg, Ww, Gg, Ww, Ww, Ss, Ww, Gg^Efm, Ss, Gg, Ss, Gg, Gg, Gg, Gg, Gg, Gs, Gg, Gg, Gg, Gs, Gs, Gs, Rb^Gvs, Gs^Vh, Gs, Gs, Gs, Gs, Gs, Gs, Gs, Gs, Gs, Gs, Gs, Gs, Gs, Gs^Es, Gs, Hh, Hh, Mm, Hh, Hhd, Hhd^Fdw, Gs, Gs, Gs, Gs, Uu, Uu, Uu, Uu
Uu, Uu, Uu, Gs, Hhd, Gd, Hhd, Hhd, Hhd, Co, Co, Rb, Rb, Hhd, Mm, Hh, Hh, Ss, Gg, Ss, Ss, Ss, Ss, Ss, Ss, Ss, Ss, Gg, Gg, Rb, Wwf, Ww, Ww, Ww, Gg, Ww, Ss, Ss, Ss, Ss, Gg, Ss, Gg, Ss, Ww, Ww, Ww, Gg, Ss, Wot, Sm, Ss, Ss, Ss^Vhs, Gg, Gg, Gg, Gg, Gg, Gg, Gs, Gs, Gs, Gg, Gg, Gs, Gs, Gs, Gs, Hh, Hh, Gs, Gs, Hh, Hh, Hh, Gs, Gs, Gs, Gs, Gs, Gd, Gs, Gs, Hh, Hh, Hh, Hh, Gd, Hhd^Fdw, Gd, Gs, Gd, Gd, Uu, Uu, Uu, Uu
Uu, Uu, Uu, Gs, Hhd^Fdw, Hhd, Gd^Vo, Hhd, Mm, Ko, Hh, Hh, Gg, Rb, Md, Hh, Gg^Efm, Ss, Ss, Ww, Ss, Ss, Ww, Gg, Ss, Gg, Gg, Ss, Ss, Ww, Ww, Wwf, Rb, Ss, Gg, Gg, Gg, Gg, Hh, Gg, Gg, Gg, Hh, Gg, Ww, Gg, Ss, Gg, Ww, Wot, Gg, Ww, Ss, Gg, Gg, Gg, Gg, Gg, Gg, Gs, Gg, Gs, Gs, Gg, Gs, Gg, Gs, Gs, Gs, Gs, Gs, Gs, Gs, Gs, Hh, Hh, Hh, Gs, Gs, Gs, Gs, Gd, Gd, Gs, Gs, Gs, Gs, Gd, Gd, Gd, Gd, Gd^Es, Gd^Edp, Gd, Uu, Uu, Uu, Uu
Uu, Uu, Uu, Hhd, Md, Md, Md, Md, Mm, Md, Md, Md, Mm, Rb, Mm, Hh, Gg, Ss, Ds, Ww, Ww, Ww, Ss, Wot, Wot, Gg^Em, Ss, Ss, Gg, Ww, Ww, Wwf, Rb, Gg, Gg, Ss, Hh, Hh, Hh, Hh, Hh, Hh, Gg, Ww, Gg, Ss, Gg, Ww, Gg, Sm, Gg, Gg, Gg, Gg, Gg, Gg, Gg, Gg, Gg, Gg, Gg, Gg, Gg, Gs^Es, Gs, Gs, Gs, Gg, Gs, Gs, Gs, Gs, Hh, Hh, Md, Md, Gs, Gs, Hh, Hh, Hhd, Gs, Gs, Gd^Es, Gs, Gd, Gs, Gd, Gd, Gd, Gd, Gd, Hhd, Gd, Uu, Uu, Uu, Uu
Uu, Uu, Uu, Md, Mm, Ms, Mm, Mm, Gd, Hhd, Hh, Md, Mm, Rb, Hh, Hh, Wot, Gg, Ww, Ww, Ww, Ss, Ss, Ww, Wot, Wwf, Ss, Ds, Ww, Ww, Ss, Gg, Gg, Rb, Rb, Gg, Hh, Mm, Mm, Mm, Mm, Gs, Hh, Gg, Hh, Gg, Gg, Ss, Gg, Ss, Gg, Gg, Gg, Gg, Gg, Gg, Gs, Gs, Gg, Gs, Gg, Gs, Gs, Gs, Gs, Gs, Gs, Gs, Gs, Gs, Gs, Hh, Gs, Hh, Hh, Hh, Gs, Hh, Gs^Vhr, Rd, Hhd, Gs, Gd, Gs, Gs, Gs, Gs, Gs, Gs, Gd^Es, Gs, Gs, Gs, Gs, Uu, Uu, Uu, Uu
Uu, Uu, Uu, Md, Mm, Mm, Mm, Gs, Gd^Edpp, Gd^Es, Hh, Hh, Wwf, Rb, Ww, Wot, Ww, Ww, Ss, Ss, Gg^Efm, Ss, Ww, Ww, Ww, Ss, Ss, Gg, Wot, Ww, Gg, Ss, Ss, Gg, Hh, Rb, Rb, Hh, Hh, Hh^Vo, Mm, Mm, Mm, Hh, Hh, Hh, Gg^Vh, Rb^Gvs, Gg, Gg, Gg, Gg, Gs, Gg, Gg, Gg, Gs, Gg, Gs, Gs, Gs, Gs, Gs, Gs, Gs, Gs, Gs, Gs, Gs, Gs, Gs, Hh, Gs, Gs, Gs, Gs, Gs, Gs, Hh, Hh, Gs, Gs, Hhd, Gs, Gs, Gd, Gs, Gs, Gs, Gs, Hhd, Gs, Hhd, Hhd, Uu, Uu, Uu, Uu
Uu, Uu, Uu, Hhd, Hhd, Mm, Md, Hh, Hh, Gs, Gg, Gg, Wot, Ww, Gg, Gg, Mm, Mm, Gg, Ss, Gg, Ds, Ww, Gg, Ww, Ww, Ww, Ww, Wot, Ww, Gg, Ss, Hh, Hh, Mm, Hh, Hh, Rb, Hh, Hh, Hh, Md, Hh, Mm, Md, Hh, Hh, Rb^Gvs, Gg, Gs, Gg, Gg, Gs, Gs, Gg, Gs, Gs, Gs, Gs, Gs, Gs, Gs, Gs, Gs, Gs, Gs, Hh, Hh, Hh, Gs, Hh, Hh, Hh, Gs, Gs, Gs, Gs, Hh, Hh, Gd, Hh, Hhd^Fmw, Gs, Gs, Gs, Gs, Hhd, Hh, Hh, Hhd, Gs, Hhd, Hhd, Hhd, Uu, Uu, Uu, Uu
Uu, Uu, Uu, Gd, Gd^Es, Md, Md, Md, Md, Hh, Mm, Wot, Mm, Mm, Mm, Mm, Gg, Ss, Gg^Efm, Ss, Gg, Ww, Wwf, Wwf, Ss, Gg, Ss, Ss, Ww, Wot, Mm, Mm, Mm, Mm, Hh, Mm, Md, Re, Rb, Gg, Hh, Hh, Hhd, Hh, Hhd, Gg, Hh, Gg, Gs, Gs, Gs, Gs, Gs, Gs, Gg, Gs, Gs, Gs, Gs, Gs, Gs, Gs, Gs, Gs, Gs, Gs, Gs, Gs, Gs, Gs, Gd, Gs, Hh, Gs, Md, Gs, Gs, Gd, Gs, Gs, Gs, Gs, Gs, Gs, Hhd, Hh, Gs, Gs, Gs, Hh, Hh, Gs, Gs, Gd, Uu, Uu, Uu, Uu
Uu, Uu, Uu, Gd, Hhd, Gd, Md, Md, Mm, Mm, Wot, Wot, Mm, Mm, Md, Mm, Rb^Gvs, Ss, Ss, Wwf, Wwf, Ww, Ww, Gg^Efm, Ss, Ww, Ss, Ss, Ww, Mm, Hh, Hh, Gg, Hh, Hh, Gg, Gs, Hh, Gg, Re, Re, Gs, Re, Gs, Gs, Hh, Hhd, Gg, Gs, Gs, Gs, Gs, Gs, Gs, Gs, Gs^Es, Gs, Gs, Gs, Gs^Es, Gs, Gs, Gs, Gs, Gs, Gs, Gs, Gs, Gd, Gs, Gs, Gs, Hh, Hhd, Gs, Hh, Hh, Gs, Hhd, Gs, Gs, Gd, Hh, Hh, Hhd, Hh, Gs, Gs, Gs, Hhd, Hhd, Hhd, Hhd, Hh, Uu, Uu, Uu, Uu
Uu, Uu, Uu, Hhd, Md, Md, Mm, Mm, Hh, Gg, Wot, Mm, Gs, Mm, Gg, Mm, Gg^Vc, Ss, Gg^Em, Ww, Ss, Ww, Ww, Gg, Ss, Gg, Gg^Em, Ww, Ww, Mm, Hh, Gg^Vo, Gg, Gg, Gg, Gg, Hh, Gg, Hhd, Gs, Hh, Re, Hhd, Rd, Re, Gs, Gs, Gs, Gs, Gs, Gs, Gs, Gs, Gs, Gs, Gs, Gs, Gs, Gs, Gs, Gs, Gs, Gs, Gs, Hh, Hh, Hh, Hh, Hhd, Hh, Gs, Gd, Gs, Gd, Gs, Hh, Gs, Hh, Hhd, Hh, Gs, Hh, Gd, Hhd, Mm, Mm, Hhd, Gs, Gs, Hhd, Gd^Es, Gd, Hhd, Gs, Uu, Uu, Uu, Uu
Uu, Uu, Uu, Md, Hh, Hh, Hh, Hh, Hh, Gg, Ww, Gg, Gg, Gs, Ss, Gg, Ss, Ss, Gs, Ss, Ds, Ww, Wot, Ww, Ww, Gg, Ss, Ww, Ww, Mm, Hh, Hh, Md, Md, Md, Hhd, Hh, Hhd, Gs, Hhd, Hhd, Gs, Gs, Hhd, Gs, Rd, Rd, Gs, Hh, Hh, Hhd, Gs, Gs, Gs, Gs, Gs, Gd, Gs, Gs, Gs, Hh, Gd, Hh, Hh^Vhh, Hhd, Gs, Gs, Gs, Gs, Hhd, Gs, Gs, Gs, Gs, Gs, Gs, Gd, Hhd, Gs, Gs, Gs, Gd, Hh, Hh, Hh, Hh, Mm, Hhd, Hhd, Gs, Gd, Gd, Hhd, Gd, Uu, Uu, Uu, Uu
Uu, Uu, Uu, Hhd, Gs, Gs, Gg, Gg, Gg, Ww, Ds, Gs, Ds, Ss, Ds, Gg, Gs, Gg, Ds, Ds, Ww, Ww, Wot, Ww, Wwf, Gg, Ds, Ss, Ww, Mm, Mm, Mm, Hh, Mm, Hh, Md, Md, Md, Md, Gs, Gs, Hhd, Hhd, Hhd, Hhd^Vo, Hhd, Co, Co, Co, Hhd, Hh, Hh, Gd, Gs, Gs, Gg, Gg, Gg, Hh, Gs, Hh, Hh, Hh, Gd, Hh, Hhd, Hhd, Gd, Gd^Es, Gd, Gd, Gd, Gd, Gs, Gd^Es, Gd, Gs, Gs, Hhd, Gd, Hh, Hhd, Hhd, Mm, Co, Co, Co, Mm, Hhd^Fmw, Gs, Gd, Hhd, Hhd, Hhd, Uu, Uu, Uu, Uu
Uu, Uu, Uu, Gd, Gs, Gg, Gs, Gg, Ds, Ww, Ds, Gg, Ds, Ds, Wwf, Ds, Ds, Ds, Wwf, Ww, Ww, Ww, Wot, Ww, Ww, Ds, Ds, Gg, Ww, Gg, Mm, Md, Hh, Hh, Hhd, Md, Md, Md, Md, Md, Md, Hhd, Hhd, Gd, Md, Gd, Md, Ko, Gs, Md, Md, Hhd, Hhd, Gd, Gs, Gs, Gs, Hh, Hh, Hh, Gs, Hh, Gd, Gd, Hh, Hhd, Gd, Gd, Hhd, Gd, Gd, Gd, Hhd, Gd, Gd, Gd, Gd^Vo, Gs, Md, Hhd, Md, Hhd, Mm, Md, Hhd, Co, Ko, Mm, Md, Hhd, Gd^Vo, Gd, Gd, Hhd, Uu, Uu, Uu, Uu
Uu, Uu, Uu, Gg, Gg, Gg, Ds, Gg, Ds, Ww, Ww, Ds, Wwf, Wwf, Ww, Ww, Ww, Ww, Wot, Ww, Wot, Wot, Wot, Wot, Wot, Ww, Wwf, Ds, Ww, Gg, Hh, Mm, Hh, Gs, Hh, Md, Hhd, Hhd, Gs, Hh, Md, Md, Md, Md, Hh, Md, Mm, Md, Md, Hh, Md, Hhd, Gs, Hhd, Hhd, Gd^Es, Gd, Gd^Es, Gs, Gs, Gd, Gs, Gd, Hhd, Md, Hhd, Hd, Gd, Hhd, Hhd, Hhd, Hhd, Gd, Gd, Gd, Gs, Hhd, Hh, Mm, Md, Mm, Mm, Hh, Hh, Md, Md, Hhd, Mm, Md, Md, Hhd^Fdw, Hhd, Hh, Hhd, Uu, Uu, Uu, Uu
Uu, Uu, Uu, Gs, Gg, Ds, Ds, Ds, Ww, Ww, Wot, Ww, Wot, Wot, Wot, Wot, Wot, Wot, Wot, Wot, Wot, Wot, Wot, Wot, Wot, Wot, Wot, Ww, Ww, Ds, Ds, Mm, Hh, Gs, Hh, Md, Md, Gs, Md, Md, Gd, Hhd, Md, Md, Md, Mm, Md, Md, Hhd, Md, Md, Hhd, Hhd, Md, Md, Hhd, Hh, Gs, Gd, Gd, Hhd, Gd^Es, Hhd, Hhd, Gd^Edpp, Hhd, Gs, Gs, Hhd, Mm, Mm, Hhd, Hhd, Gd, Gs, Gs, Hh, Hhd, Mm, Mm, Hh, Mm, Md, Md, Hhd, Hhd, Gd, Hhd, Md, Hh, Md, Hhd, Mm, Md, Uu, Uu, Uu, Uu
Uu, Uu, Uu, Gg, Uu, Ds, Uu, Ww, Uu, Ww, Uu, Wot, Uu, Wot, Uu, Wot, Uu, Wot, Uu, Wot, Uu, Wot, Uu, Wot, Uu, Wot, Uu, Wot, Uu, Ww, Uu, Mm, Uu, Gg, Uu, Gg, Uu, Gs, Uu, Gs, Uu, Gs, Uu, Gd, Uu, Gs, Uu, Hhd, Uu, Gs, Uu, Hhd, Uu, Md, Uu, Hh, Uu, Hh, Uu, Gd, Uu, Gd, Uu, Gd, Uu, Gd, Uu, Hhd, Uu, Md, Uu, Hhd, Uu, Gd, Uu, Gs, Uu, Mm, Uu, Hhd, Uu, Mm, Uu, Md, Uu, Gd, Uu, Gd, Uu, Mm, Uu, Gd, Uu, Md, Uu, Uu, Uu, Uu
Uu, Uu, Uu, Uu, Uu, Uu, Uu, Uu, Uu, Uu, Uu, Uu, Uu, Uu, Uu, Uu, Uu, Uu, Uu, Uu, Uu, Uu, Uu, Uu, Uu, Uu, Uu, Uu, Uu, Uu, Uu, Uu, Uu, Uu, Uu, Uu, Uu, Uu, Uu, Uu, Uu, Uu, Uu, Uu, Uu, Uu, Uu, Uu, Uu, Uu, Uu, Uu, Uu, Uu, Uu, Uu, Uu, Uu, Uu, Uu, Uu, Uu, Uu, Uu, Uu, Uu, Uu, Uu, Uu, Uu, Uu, Uu, Uu, Uu, Uu, Uu, Uu, Uu, Uu, Uu, Uu, Uu, Uu, Uu, Uu, Uu, Uu, Uu, Uu, Uu, Uu, Uu, Uu, Uu, Uu, Uu, Uu, Uu
Uu, Uu, Uu, Uu, Uu, Uu, Uu, Uu, Uu, Uu, Uu, Uu, Uu, Uu, Uu, Uu, Uu, Uu, Uu, Uu, Uu, Uu, Uu, Uu, Uu, Uu, Uu, Uu, Uu, Uu, Uu, Uu, Uu, Uu, Uu, Uu, Uu, Uu, Uu, Uu, Uu, Uu, Uu, Uu, Uu, Uu, Uu, Uu, Uu, Uu, Uu, Uu, Uu, Uu, Uu, Uu, Uu, Uu, Uu, Uu, Uu, Uu, Uu, Uu, Uu, Uu, Uu, Uu, Uu, Uu, Uu, Uu, Uu, Uu, Uu, Uu, Uu, Uu, Uu, Uu, Uu, Uu, Uu, Uu, Uu, Uu, Uu, Uu, Uu, Uu, Uu, Uu, Uu, Uu, Uu, Uu, Uu, Uu
